Archive member included to satisfy reference by file (symbol)

/opt/devkitpro/libctru/lib/libctr-led-brary.a(ctr-led-brary.o)
                              main.o (LED::PlayLEDPattern(RGBLedPattern))
/opt/devkitpro/libctru/lib/libctru.a(gfx.o)
                              main.o (gfxInitDefault)
/opt/devkitpro/libctru/lib/libctru.a(srv.o)
                              /opt/devkitpro/libctru/lib/libctr-led-brary.a(ctr-led-brary.o) (srvExit)
/opt/devkitpro/libctru/lib/libctru.a(console.o)
                              main.o (consoleInit)
/opt/devkitpro/libctru/lib/libctru.a(env.o)
                              /opt/devkitpro/libctru/lib/libctru.a(srv.o) (envGetHandle)
/opt/devkitpro/libctru/lib/libctru.a(gx.o)
                              /opt/devkitpro/libctru/lib/libctru.a(gfx.o) (gxCmdBuf)
/opt/devkitpro/libctru/lib/libctru.a(hid.o)
                              main.o (hidScanInput)
/opt/devkitpro/libctru/lib/libctru.a(apt.o)
                              main.o (aptMainLoop)
/opt/devkitpro/libctru/lib/libctru.a(gspgpu.o)
                              /opt/devkitpro/libctru/lib/libctru.a(gfx.o) (gspInit)
/opt/devkitpro/libctru/lib/libctru.a(irrst.o)
                              /opt/devkitpro/libctru/lib/libctru.a(hid.o) (irrstScanInput)
/opt/devkitpro/libctru/lib/libctru.a(initArgv.o)
                              /opt/devkitpro/devkitARM/lib/gcc/arm-none-eabi/7.1.0/../../../../arm-none-eabi/lib/armv6k/fpu/3dsx_crt0.o (__system_argc)
/opt/devkitpro/libctru/lib/libctru.a(initSystem.o)
                              /opt/devkitpro/libctru/lib/libctru.a(apt.o) (__system_retAddr)
/opt/devkitpro/libctru/lib/libctru.a(svc.o)
                              /opt/devkitpro/libctru/lib/libctru.a(apt.o) (svcExitProcess)
/opt/devkitpro/libctru/lib/libctru.a(stack_adjust.o)
                              /opt/devkitpro/devkitARM/lib/gcc/arm-none-eabi/7.1.0/../../../../arm-none-eabi/lib/armv6k/fpu/3dsx_crt0.o (initSystem)
/opt/devkitpro/libctru/lib/libctru.a(default_font.bin.o)
                              /opt/devkitpro/libctru/lib/libctru.a(console.o) (default_font_bin)
/opt/devkitpro/libctru/lib/libctru.a(linear.o)
                              /opt/devkitpro/libctru/lib/libctru.a(gfx.o) (linearAlloc)
/opt/devkitpro/libctru/lib/libctru.a(mappable.o)
                              /opt/devkitpro/libctru/lib/libctru.a(gfx.o) (mappableAlloc)
/opt/devkitpro/libctru/lib/libctru.a(vram.o)
                              /opt/devkitpro/libctru/lib/libctru.a(gfx.o) (vramAlloc)
/opt/devkitpro/libctru/lib/libctru.a(thread.o)
                              /opt/devkitpro/libctru/lib/libctru.a(apt.o) (threadCreate)
/opt/devkitpro/libctru/lib/libctru.a(os.o)
                              /opt/devkitpro/libctru/lib/libctru.a(apt.o) (__ctru_speedup_config)
/opt/devkitpro/libctru/lib/libctru.a(synchronization.o)
                              /opt/devkitpro/libctru/lib/libctru.a(initSystem.o) (__sync_init)
/opt/devkitpro/libctru/lib/libctru.a(ptmsysm.o)
                              /opt/devkitpro/libctru/lib/libctru.a(os.o) (ptmSysmInit)
/opt/devkitpro/libctru/lib/libctru.a(rbtree_find.o)
                              /opt/devkitpro/libctru/lib/libctru.a(linear.o) (rbtree_find)
/opt/devkitpro/libctru/lib/libctru.a(rbtree_remove.o)
                              /opt/devkitpro/libctru/lib/libctru.a(linear.o) (rbtree_remove)
/opt/devkitpro/libctru/lib/libctru.a(rbtree_iterator.o)
                              /opt/devkitpro/libctru/lib/libctru.a(rbtree_remove.o) (rbtree_node_next)
/opt/devkitpro/libctru/lib/libctru.a(rbtree_rotate.o)
                              /opt/devkitpro/libctru/lib/libctru.a(rbtree_remove.o) (rbtree_rotate)
/opt/devkitpro/libctru/lib/libctru.a(rbtree_insert.o)
                              /opt/devkitpro/libctru/lib/libctru.a(linear.o) (rbtree_insert)
/opt/devkitpro/libctru/lib/libctru.a(rbtree_init.o)
                              /opt/devkitpro/libctru/lib/libctru.a(linear.o) (rbtree_init)
/opt/devkitpro/libctru/lib/libctru.a(ctru_exit.o)
                              /opt/devkitpro/libctru/lib/libctru.a(stack_adjust.o) (__libctru_exit)
/opt/devkitpro/libctru/lib/libctru.a(appExit.o)
                              /opt/devkitpro/libctru/lib/libctru.a(stack_adjust.o) (__appExit)
/opt/devkitpro/libctru/lib/libctru.a(allocateHeaps.o)
                              /opt/devkitpro/libctru/lib/libctru.a(initSystem.o) (__system_allocateHeaps)
/opt/devkitpro/libctru/lib/libctru.a(syscalls.o)
                              /opt/devkitpro/libctru/lib/libctru.a(initSystem.o) (__system_initSyscalls)
/opt/devkitpro/libctru/lib/libctru.a(appInit.o)
                              /opt/devkitpro/libctru/lib/libctru.a(stack_adjust.o) (__appInit)
/opt/devkitpro/libctru/lib/libctru.a(mem_pool.o)
                              /opt/devkitpro/libctru/lib/libctru.a(linear.o) (MemPool::Allocate(MemChunk&, unsigned long, int))
/opt/devkitpro/libctru/lib/libctru.a(sdmc_dev.o)
[...]
Memory Configuration

Name             Origin             Length             Attributes
*default*        0x0000000000000000 0xffffffffffffffff

Linker script and memory map

                0x0000000000100000                PROVIDE (__start__, 0x100000)
                0x0000000000100000                . = __start__

.text           0x0000000000100000    0x369f8
 *(.crt0)
 .crt0          0x0000000000100000       0x94 /opt/devkitpro/devkitARM/lib/gcc/arm-none-eabi/7.1.0/../../../../arm-none-eabi/lib/armv6k/fpu/3dsx_crt0.o
                0x0000000000100000                _start
                0x0000000000100008                __service_ptr
                0x000000000010000c                __apt_appid
                0x0000000000100010                __heap_size
                0x0000000000100014                __linear_heap_size
                0x0000000000100018                __system_arglist
                0x000000000010001c                __system_runflags
 *(.init)
 .init          0x0000000000100094        0xc /opt/devkitpro/devkitARM/lib/gcc/arm-none-eabi/7.1.0/armv6k/fpu/crti.o
                0x0000000000100094                _init
 .init          0x00000000001000a0        0xc /opt/devkitpro/devkitARM/lib/gcc/arm-none-eabi/7.1.0/armv6k/fpu/crtn.o
                0x00000000001000ac                . = ALIGN (0x4)
 *(.text)
 .text          0x00000000001000ac       0x64 /opt/devkitpro/libctru/lib/libctru.a(stack_adjust.o)
                0x00000000001000ac                initSystem
                0x00000000001000f0                __ctru_exit
 .text          0x0000000000100110      0x240 /opt/devkitpro/devkitARM/lib/gcc/arm-none-eabi/7.1.0/armv6k/fpu/libgcc.a(_divsi3.o)
                0x0000000000100110                __aeabi_idiv
                0x0000000000100110                __divsi3
                0x0000000000100330                __aeabi_idivmod
 .text          0x0000000000100350        0x4 /opt/devkitpro/devkitARM/lib/gcc/arm-none-eabi/7.1.0/armv6k/fpu/libgcc.a(_dvmd_tls.o)
                0x0000000000100350                __aeabi_ldiv0
                0x0000000000100350                __aeabi_idiv0
 .text          0x0000000000100354       0x3c /opt/devkitpro/devkitARM/lib/gcc/arm-none-eabi/7.1.0/armv6k/fpu/libgcc.a(_aeabi_uldivmod.o)
                0x0000000000100354                __aeabi_uldivmod
 *fill*         0x0000000000100390       0x10 
 .text          0x00000000001003a0      0x390 /opt/devkitpro/devkitARM/lib/gcc/arm-none-eabi/7.1.0/../../../../arm-none-eabi/lib/armv6k/fpu/libg.a(lib_a-strcmp.o)
                0x00000000001003a8                strcmp
 .text          0x0000000000100730      0x20c /opt/devkitpro/devkitARM/lib/gcc/arm-none-eabi/7.1.0/armv6k/fpu/libgcc.a(_udivsi3.o)
                0x0000000000100730                __udivsi3
                0x0000000000100730                __aeabi_uidiv
                0x000000000010091c                __aeabi_uidivmod
 *(.text.*)
 .text.deregister_tm_clones
                0x000000000010093c       0x2c /opt/devkitpro/devkitARM/lib/gcc/arm-none-eabi/7.1.0/armv6k/fpu/crtbegin.o
 .text.register_tm_clones
                0x0000000000100968       0x38 /opt/devkitpro/devkitARM/lib/gcc/arm-none-eabi/7.1.0/armv6k/fpu/crtbegin.o
 .text.__do_global_dtors_aux
                0x00000000001009a0       0x44 /opt/devkitpro/devkitARM/lib/gcc/arm-none-eabi/7.1.0/armv6k/fpu/crtbegin.o
 .text.frame_dummy
                0x00000000001009e4       0x34 /opt/devkitpro/devkitARM/lib/gcc/arm-none-eabi/7.1.0/armv6k/fpu/crtbegin.o
 .text._Z13updateScreensv
                0x0000000000100a18       0x1c main.o
                0x0000000000100a18                updateScreens()
 *fill*         0x0000000000100a34        0x4 
 .text._Z11displayinfoii
                0x0000000000100a38       0x6c main.o
                0x0000000000100a38                displayinfo(int, int)
 *fill*         0x0000000000100aa4        0x4 
 .text.startup.main
                0x0000000000100aa8      0x418 main.o
                0x0000000000100aa8                main
 .text._ZN3LED4InitEv.part.0
                0x0000000000100ec0       0x2c /opt/devkitpro/libctru/lib/libctr-led-brary.a(ctr-led-brary.o)
 .text._ZN3LED4PlayE13RGBLedPattern
                0x0000000000100eec       0x54 /opt/devkitpro/libctru/lib/libctr-led-brary.a(ctr-led-brary.o)
                0x0000000000100eec                LED::Play(RGBLedPattern)
 .text._ZN3LED14PlayLEDPatternE13RGBLedPattern
                0x0000000000100f40       0x88 /opt/devkitpro/libctru/lib/libctr-led-brary.a(ctr-led-brary.o)
                0x0000000000100f40                LED::PlayLEDPattern(RGBLedPattern)
 .text._ZN3LED14StopLEDPatternEv
                0x0000000000100fc8       0x84 /opt/devkitpro/libctru/lib/libctr-led-brary.a(ctr-led-brary.o)
                0x0000000000100fc8                LED::StopLEDPattern()
 *fill*         0x000000000010104c        0x4 
 .text._ZN3LED15GeneratePatternE9LED_Color11LED_PatTypeffhfff
                0x0000000000101050      0x4fc /opt/devkitpro/libctru/lib/libctr-led-brary.a(ctr-led-brary.o)
                0x0000000000101050                LED::GeneratePattern(LED_Color, LED_PatType, float, float, unsigned char, float, float, float)
 .text.gfxSetFramebufferInfo.part.0
                0x000000000010154c       0x8c /opt/devkitpro/libctru/lib/libctru.a(gfx.o)
 .text.__get_bytes_per_pixel
                0x00000000001015d8       0x18 /opt/devkitpro/libctru/lib/libctru.a(gfx.o)
                0x00000000001015d8                __get_bytes_per_pixel
 .text.gfxSetScreenFormat
                0x00000000001015f0      0x180 /opt/devkitpro/libctru/lib/libctru.a(gfx.o)
                0x00000000001015f0                gfxSetScreenFormat
 .text.gfxSetDoubleBuffering
                0x0000000000101770       0x10 /opt/devkitpro/libctru/lib/libctru.a(gfx.o)
                0x0000000000101770                gfxSetDoubleBuffering
 .text.gfxSetFramebufferInfo
                0x0000000000101780       0x70 /opt/devkitpro/libctru/lib/libctru.a(gfx.o)
                0x0000000000101780                gfxSetFramebufferInfo
 .text.gfxWriteFramebufferInfo
                0x00000000001017f0       0xb0 /opt/devkitpro/libctru/lib/libctru.a(gfx.o)
                0x00000000001017f0                gfxWriteFramebufferInfo
 .text.gfxInit  0x00000000001018a0      0x20c /opt/devkitpro/libctru/lib/libctru.a(gfx.o)
                0x00000000001018a0                gfxInit
 .text.gfxInitDefault
                0x0000000000101aac       0x10 /opt/devkitpro/libctru/lib/libctru.a(gfx.o)
                0x0000000000101aac                gfxInitDefault
 .text.gfxExit  0x0000000000101abc       0xe0 /opt/devkitpro/libctru/lib/libctru.a(gfx.o)
                0x0000000000101abc                gfxExit
 .text.gfxGetFramebuffer
                0x0000000000101b9c       0xbc /opt/devkitpro/libctru/lib/libctru.a(gfx.o)
                0x0000000000101b9c                gfxGetFramebuffer
 .text.gfxFlushBuffers
                0x0000000000101c58       0xe0 /opt/devkitpro/libctru/lib/libctru.a(gfx.o)
                0x0000000000101c58                gfxFlushBuffers
 .text.gfxConfigScreen
                0x0000000000101d38       0x60 /opt/devkitpro/libctru/lib/libctru.a(gfx.o)
                0x0000000000101d38                gfxConfigScreen
 .text.gfxSwapBuffers
                0x0000000000101d98       0x20 /opt/devkitpro/libctru/lib/libctru.a(gfx.o)
                0x0000000000101d98                gfxSwapBuffers
 .text.gfxSwapBuffersGpu
                0x0000000000101db8       0x20 /opt/devkitpro/libctru/lib/libctru.a(gfx.o)
                0x0000000000101db8                gfxSwapBuffersGpu
 .text.srvExit  0x0000000000101dd8       0x58 /opt/devkitpro/libctru/lib/libctru.a(srv.o)
                0x0000000000101dd8                srvExit
 .text.srvRegisterClient
                0x0000000000101e30       0x38 /opt/devkitpro/libctru/lib/libctru.a(srv.o)
                0x0000000000101e30                srvRegisterClient
 .text.srvInit  0x0000000000101e68       0x7c /opt/devkitpro/libctru/lib/libctru.a(srv.o)
                0x0000000000101e68                srvInit
 .text.srvGetServiceHandleDirect
                0x0000000000101ee4       0x6c /opt/devkitpro/libctru/lib/libctru.a(srv.o)
                0x0000000000101ee4                srvGetServiceHandleDirect
 .text.srvGetServiceHandle
                0x0000000000101f50       0x38 /opt/devkitpro/libctru/lib/libctru.a(srv.o)
                0x0000000000101f50                srvGetServiceHandle
 .text.consoleDrawChar
                0x0000000000101f88      0x1b0 /opt/devkitpro/libctru/lib/libctru.a(console.o)
                0x0000000000101f88                consoleDrawChar
 .text.consolePrintChar
                0x0000000000102138      0x124 /opt/devkitpro/libctru/lib/libctru.a(console.o)
                0x0000000000102138                consolePrintChar
 .text.consoleCls
                0x000000000010225c      0x190 /opt/devkitpro/libctru/lib/libctru.a(console.o)
 .text.consoleInit
                0x00000000001023ec      0x104 /opt/devkitpro/libctru/lib/libctru.a(console.o)
                0x00000000001023ec                consoleInit
 .text.consoleClearLine
                0x00000000001024f0      0x144 /opt/devkitpro/libctru/lib/libctru.a(console.o)
 .text.newRow   0x0000000000102634       0xbc /opt/devkitpro/libctru/lib/libctru.a(console.o)
 .text.con_write
                0x00000000001026f0      0x7e4 /opt/devkitpro/libctru/lib/libctru.a(console.o)
                0x00000000001026f0                con_write
 .text.consoleClear
                0x0000000000102ed4        0xc /opt/devkitpro/libctru/lib/libctru.a(console.o)
                0x0000000000102ed4                consoleClear
 .text.envGetHandle
                0x0000000000102ee0       0x84 /opt/devkitpro/libctru/lib/libctru.a(env.o)
                0x0000000000102ee0                envGetHandle
 .text.envDestroyHandles
                0x0000000000102f64       0x4c /opt/devkitpro/libctru/lib/libctru.a(env.o)
                0x0000000000102f64                envDestroyHandles
 .text.hidExit  0x0000000000102fb0       0xd0 /opt/devkitpro/libctru/lib/libctru.a(hid.o)
                0x0000000000102fb0                hidExit
 .text.hidScanInput
                0x0000000000103080      0x268 /opt/devkitpro/libctru/lib/libctru.a(hid.o)
                0x0000000000103080                hidScanInput
 .text.hidKeysDown
                0x00000000001032e8       0x10 /opt/devkitpro/libctru/lib/libctru.a(hid.o)
                0x00000000001032e8                hidKeysDown
 .text.HIDUSER_GetHandles
                0x00000000001032f8       0x90 /opt/devkitpro/libctru/lib/libctru.a(hid.o)
                0x00000000001032f8                HIDUSER_GetHandles
 .text.hidInit  0x0000000000103388      0x1ac /opt/devkitpro/libctru/lib/libctru.a(hid.o)
                0x0000000000103388                hidInit
 .text._aptDebug
                0x0000000000103534        0x4 /opt/devkitpro/libctru/lib/libctru.a(apt.o)
                0x0000000000103534                _aptDebug
 .text.aptSendCommand
                0x0000000000103538      0x138 /opt/devkitpro/libctru/lib/libctru.a(apt.o)
                0x0000000000103538                aptSendCommand
 .text.aptExitProcess
                0x0000000000103670       0x3c /opt/devkitpro/libctru/lib/libctru.a(apt.o)
 .text.APT_InquireNotification
                0x00000000001036ac       0x4c /opt/devkitpro/libctru/lib/libctru.a(apt.o)
                0x00000000001036ac                APT_InquireNotification
 .text.aptEventHandler
                0x00000000001036f8      0x19c /opt/devkitpro/libctru/lib/libctru.a(apt.o)
 .text.APT_AppletUtility
                0x0000000000103894       0x74 /opt/devkitpro/libctru/lib/libctru.a(apt.o)
                0x0000000000103894                APT_AppletUtility
 .text.aptSetSleepAllowed
                0x0000000000103908       0xb4 /opt/devkitpro/libctru/lib/libctru.a(apt.o)
                0x0000000000103908                aptSetSleepAllowed
 .text.APT_GlanceParameter
                0x00000000001039bc       0xb4 /opt/devkitpro/libctru/lib/libctru.a(apt.o)
                0x00000000001039bc                APT_GlanceParameter
 .text.APT_ReceiveParameter
                0x0000000000103a70       0xc0 /opt/devkitpro/libctru/lib/libctru.a(apt.o)
                0x0000000000103a70                APT_ReceiveParameter
 .text.aptReceiveParameter.constprop.0
                0x0000000000103b30       0xbc /opt/devkitpro/libctru/lib/libctru.a(apt.o)
 *fill*         0x0000000000103bec        0x4 
 .text.aptScreenTransfer
                0x0000000000103bf0      0x1ec /opt/devkitpro/libctru/lib/libctru.a(apt.o)
 .text.aptWaitForWakeUp
                0x0000000000103ddc      0x228 /opt/devkitpro/libctru/lib/libctru.a(apt.o)
 .text.APT_CancelParameter
                0x0000000000104004       0x70 /opt/devkitpro/libctru/lib/libctru.a(apt.o)
                0x0000000000104004                APT_CancelParameter
 .text.aptInit  0x0000000000104074      0x27c /opt/devkitpro/libctru/lib/libctru.a(apt.o)
                0x0000000000104074                aptInit
 .text.aptClearParamQueue
                0x00000000001042f0       0x90 /opt/devkitpro/libctru/lib/libctru.a(apt.o)
 .text.aptMainLoop
                0x0000000000104380      0x210 /opt/devkitpro/libctru/lib/libctru.a(apt.o)
                0x0000000000104380                aptMainLoop
 .text.aptExit  0x0000000000104590      0x21c /opt/devkitpro/libctru/lib/libctru.a(apt.o)
                0x0000000000104590                aptExit
 .text.APT_CheckNew3DS
                0x00000000001047ac       0x7c /opt/devkitpro/libctru/lib/libctru.a(apt.o)
                0x00000000001047ac                APT_CheckNew3DS
 .text.gspInit  0x0000000000104828       0x74 /opt/devkitpro/libctru/lib/libctru.a(gspgpu.o)
                0x0000000000104828                gspInit
 .text.gspExit  0x000000000010489c       0x3c /opt/devkitpro/libctru/lib/libctru.a(gspgpu.o)
                0x000000000010489c                gspExit
 .text.gspInitEventHandler
                0x00000000001048d8       0xa0 /opt/devkitpro/libctru/lib/libctru.a(gspgpu.o)
                0x00000000001048d8                gspInitEventHandler
 .text.gspExitEventHandler
                0x0000000000104978       0x40 /opt/devkitpro/libctru/lib/libctru.a(gspgpu.o)
                0x0000000000104978                gspExitEventHandler
 .text.gspWaitForEvent
                0x00000000001049b8       0x44 /opt/devkitpro/libctru/lib/libctru.a(gspgpu.o)
                0x00000000001049b8                gspWaitForEvent
 .text.gxCmdQueueInterrupt
                0x00000000001049fc        0x4 /opt/devkitpro/libctru/lib/libctru.a(gspgpu.o)
                0x00000000001049fc                gxCmdQueueInterrupt
 .text.gspEventThreadMain
                0x0000000000104a00      0x17c /opt/devkitpro/libctru/lib/libctru.a(gspgpu.o)
 .text.GSPGPU_SetBufferSwap
                0x0000000000104b7c       0x6c /opt/devkitpro/libctru/lib/libctru.a(gspgpu.o)
                0x0000000000104b7c                GSPGPU_SetBufferSwap
 .text.GSPGPU_FlushDataCache
                0x0000000000104be8       0x4c /opt/devkitpro/libctru/lib/libctru.a(gspgpu.o)
                0x0000000000104be8                GSPGPU_FlushDataCache
 .text.GSPGPU_SetLcdForceBlack
                0x0000000000104c34       0x34 /opt/devkitpro/libctru/lib/libctru.a(gspgpu.o)
                0x0000000000104c34                GSPGPU_SetLcdForceBlack
 .text.GSPGPU_RegisterInterruptRelayQueue
                0x0000000000104c68       0x64 /opt/devkitpro/libctru/lib/libctru.a(gspgpu.o)
                0x0000000000104c68                GSPGPU_RegisterInterruptRelayQueue
 .text.GSPGPU_UnregisterInterruptRelayQueue
                0x0000000000104ccc       0x2c /opt/devkitpro/libctru/lib/libctru.a(gspgpu.o)
                0x0000000000104ccc                GSPGPU_UnregisterInterruptRelayQueue
 .text.GSPGPU_AcquireRight
                0x0000000000104cf8       0x48 /opt/devkitpro/libctru/lib/libctru.a(gspgpu.o)
                0x0000000000104cf8                GSPGPU_AcquireRight
 .text.GSPGPU_ReleaseRight
                0x0000000000104d40       0x2c /opt/devkitpro/libctru/lib/libctru.a(gspgpu.o)
                0x0000000000104d40                GSPGPU_ReleaseRight
 .text.GSPGPU_ImportDisplayCaptureInfo
                0x0000000000104d6c       0x80 /opt/devkitpro/libctru/lib/libctru.a(gspgpu.o)
                0x0000000000104d6c                GSPGPU_ImportDisplayCaptureInfo
 .text.GSPGPU_SaveVramSysArea
                0x0000000000104dec       0x2c /opt/devkitpro/libctru/lib/libctru.a(gspgpu.o)
                0x0000000000104dec                GSPGPU_SaveVramSysArea
 .text.GSPGPU_RestoreVramSysArea
                0x0000000000104e18       0x2c /opt/devkitpro/libctru/lib/libctru.a(gspgpu.o)
                0x0000000000104e18                GSPGPU_RestoreVramSysArea
 .text.irrstScanInput
                0x0000000000104e44       0xac /opt/devkitpro/libctru/lib/libctru.a(irrst.o)
                0x0000000000104e44                irrstScanInput
 .text.irrstKeysHeld
                0x0000000000104ef0       0x24 /opt/devkitpro/libctru/lib/libctru.a(irrst.o)
                0x0000000000104ef0                irrstKeysHeld
 .text.IRRST_GetHandles
                0x0000000000104f14       0x50 /opt/devkitpro/libctru/lib/libctru.a(irrst.o)
                0x0000000000104f14                IRRST_GetHandles
 .text.irrstInit
                0x0000000000104f64      0x15c /opt/devkitpro/libctru/lib/libctru.a(irrst.o)
                0x0000000000104f64                irrstInit
 .text.IRRST_Shutdown
                0x00000000001050c0       0x2c /opt/devkitpro/libctru/lib/libctru.a(irrst.o)
                0x00000000001050c0                IRRST_Shutdown
 .text.irrstExit
                0x00000000001050ec       0xac /opt/devkitpro/libctru/lib/libctru.a(irrst.o)
                0x00000000001050ec                irrstExit
 .text.__system_initArgv
                0x0000000000105198       0xe8 /opt/devkitpro/libctru/lib/libctru.a(initArgv.o)
                0x0000000000105198                __system_initArgv
 .text.__libctru_init
                0x0000000000105280       0x38 /opt/devkitpro/libctru/lib/libctru.a(initSystem.o)
                0x0000000000105280                __libctru_init
 .text.svcControlMemory
                0x00000000001052b8       0x20 /opt/devkitpro/libctru/lib/libctru.a(svc.o)
                0x00000000001052b8                svcControlMemory
 .text.svcExitProcess
                0x00000000001052d8        0x8 /opt/devkitpro/libctru/lib/libctru.a(svc.o)
                0x00000000001052d8                svcExitProcess
 .text.svcCreateThread
                0x00000000001052e0       0x20 /opt/devkitpro/libctru/lib/libctru.a(svc.o)
                0x00000000001052e0                svcCreateThread
 .text.svcExitThread
                0x0000000000105300        0x8 /opt/devkitpro/libctru/lib/libctru.a(svc.o)
                0x0000000000105300                svcExitThread
 .text.svcSleepThread
                0x0000000000105308        0x8 /opt/devkitpro/libctru/lib/libctru.a(svc.o)
                0x0000000000105308                svcSleepThread
 .text.svcReleaseMutex
                0x0000000000105310        0x8 /opt/devkitpro/libctru/lib/libctru.a(svc.o)
                0x0000000000105310                svcReleaseMutex
 .text.svcCreateEvent
                0x0000000000105318       0x14 /opt/devkitpro/libctru/lib/libctru.a(svc.o)
                0x0000000000105318                svcCreateEvent
 .text.svcSignalEvent
                0x000000000010532c        0x8 /opt/devkitpro/libctru/lib/libctru.a(svc.o)
                0x000000000010532c                svcSignalEvent
 .text.svcClearEvent
                0x0000000000105334        0x8 /opt/devkitpro/libctru/lib/libctru.a(svc.o)
                0x0000000000105334                svcClearEvent
 .text.svcMapMemoryBlock
                0x000000000010533c        0x8 /opt/devkitpro/libctru/lib/libctru.a(svc.o)
                0x000000000010533c                svcMapMemoryBlock
 .text.svcUnmapMemoryBlock
                0x0000000000105344        0x8 /opt/devkitpro/libctru/lib/libctru.a(svc.o)
                0x0000000000105344                svcUnmapMemoryBlock
 .text.svcCreateAddressArbiter
                0x000000000010534c       0x14 /opt/devkitpro/libctru/lib/libctru.a(svc.o)
                0x000000000010534c                svcCreateAddressArbiter
 .text.svcArbitrateAddress
                0x0000000000105360       0x18 /opt/devkitpro/libctru/lib/libctru.a(svc.o)
                0x0000000000105360                svcArbitrateAddress
 .text.svcCloseHandle
                0x0000000000105378        0x8 /opt/devkitpro/libctru/lib/libctru.a(svc.o)
                0x0000000000105378                svcCloseHandle
 .text.svcWaitSynchronization
                0x0000000000105380        0x8 /opt/devkitpro/libctru/lib/libctru.a(svc.o)
                0x0000000000105380                svcWaitSynchronization
 .text.svcWaitSynchronizationN
                0x0000000000105388       0x28 /opt/devkitpro/libctru/lib/libctru.a(svc.o)
                0x0000000000105388                svcWaitSynchronizationN
 .text.svcDuplicateHandle
                0x00000000001053b0       0x14 /opt/devkitpro/libctru/lib/libctru.a(svc.o)
                0x00000000001053b0                svcDuplicateHandle
 .text.svcGetSystemTick
                0x00000000001053c4        0x8 /opt/devkitpro/libctru/lib/libctru.a(svc.o)
                0x00000000001053c4                svcGetSystemTick
 .text.svcGetSystemInfo
                0x00000000001053cc       0x18 /opt/devkitpro/libctru/lib/libctru.a(svc.o)
                0x00000000001053cc                svcGetSystemInfo
 .text.svcConnectToPort
                0x00000000001053e4       0x14 /opt/devkitpro/libctru/lib/libctru.a(svc.o)
                0x00000000001053e4                svcConnectToPort
 .text.svcSendSyncRequest
                0x00000000001053f8        0x8 /opt/devkitpro/libctru/lib/libctru.a(svc.o)
                0x00000000001053f8                svcSendSyncRequest
 .text.svcBreak
                0x0000000000105400        0x8 /opt/devkitpro/libctru/lib/libctru.a(svc.o)
                0x0000000000105400                svcBreak
 .text._ZL21addrMapNodeComparatorPK11rbtree_nodeS1_
                0x0000000000105408       0x24 /opt/devkitpro/libctru/lib/libctru.a(linear.o)
 .text._ZL21addrMapNodeDestructorP11rbtree_node
                0x000000000010542c        0x4 /opt/devkitpro/libctru/lib/libctru.a(linear.o)
 .text.linearMemAlign
                0x0000000000105430      0x13c /opt/devkitpro/libctru/lib/libctru.a(linear.o)
                0x0000000000105430                linearMemAlign
 .text.linearAlloc
                0x000000000010556c        0x8 /opt/devkitpro/libctru/lib/libctru.a(linear.o)
                0x000000000010556c                linearAlloc
 .text.linearFree
                0x0000000000105574       0x50 /opt/devkitpro/libctru/lib/libctru.a(linear.o)
                0x0000000000105574                linearFree
 .text._ZL21addrMapNodeComparatorPK11rbtree_nodeS1_
                0x00000000001055c4       0x24 /opt/devkitpro/libctru/lib/libctru.a(mappable.o)
 .text._ZL21addrMapNodeDestructorP11rbtree_node
                0x00000000001055e8        0x4 /opt/devkitpro/libctru/lib/libctru.a(mappable.o)
 .text.mappableAlloc
                0x00000000001055ec       0xf4 /opt/devkitpro/libctru/lib/libctru.a(mappable.o)
                0x00000000001055ec                mappableAlloc
 .text.mappableFree
                0x00000000001056e0       0x50 /opt/devkitpro/libctru/lib/libctru.a(mappable.o)
                0x00000000001056e0                mappableFree
 .text._ZL21addrMapNodeComparatorPK11rbtree_nodeS1_
                0x0000000000105730       0x24 /opt/devkitpro/libctru/lib/libctru.a(vram.o)
 .text._ZL21addrMapNodeDestructorP11rbtree_node
                0x0000000000105754        0x4 /opt/devkitpro/libctru/lib/libctru.a(vram.o)
 .text.vramMemAlign
                0x0000000000105758      0x12c /opt/devkitpro/libctru/lib/libctru.a(vram.o)
                0x0000000000105758                vramMemAlign
 .text.vramAlloc
                0x0000000000105884        0x8 /opt/devkitpro/libctru/lib/libctru.a(vram.o)
                0x0000000000105884                vramAlloc
 .text.vramFree
                0x000000000010588c       0x50 /opt/devkitpro/libctru/lib/libctru.a(vram.o)
                0x000000000010588c                vramFree
 .text.threadFree.part.0
                0x00000000001058dc       0x1c /opt/devkitpro/libctru/lib/libctru.a(thread.o)
 .text.threadCreate
                0x00000000001058f8      0x1bc /opt/devkitpro/libctru/lib/libctru.a(thread.o)
                0x00000000001058f8                threadCreate
 .text.threadJoin
                0x0000000000105ab4       0x24 /opt/devkitpro/libctru/lib/libctru.a(thread.o)
                0x0000000000105ab4                threadJoin
 .text.threadExit
                0x0000000000105ad8       0x64 /opt/devkitpro/libctru/lib/libctru.a(thread.o)
                0x0000000000105ad8                threadExit
 .text._thread_begin
                0x0000000000105b3c       0x40 /opt/devkitpro/libctru/lib/libctru.a(thread.o)
 .text.getSysTime
                0x0000000000105b7c       0x58 /opt/devkitpro/libctru/lib/libctru.a(os.o)
 .text.osGetMemRegionUsed
                0x0000000000105bd4       0x24 /opt/devkitpro/libctru/lib/libctru.a(os.o)
                0x0000000000105bd4                osGetMemRegionUsed
 .text.__libctru_gtod
                0x0000000000105bf8       0xf4 /opt/devkitpro/libctru/lib/libctru.a(os.o)
                0x0000000000105bf8                __libctru_gtod
 .text.__ctru_speedup_config
                0x0000000000105cec       0x34 /opt/devkitpro/libctru/lib/libctru.a(os.o)
                0x0000000000105cec                __ctru_speedup_config
 .text.LightLock_Unlock.part.1
                0x0000000000105d20       0x34 /opt/devkitpro/libctru/lib/libctru.a(synchronization.o)
 .text.__sync_init
                0x0000000000105d54        0xc /opt/devkitpro/libctru/lib/libctru.a(synchronization.o)
                0x0000000000105d54                __sync_init
 .text.__sync_fini
                0x0000000000105d60       0x18 /opt/devkitpro/libctru/lib/libctru.a(synchronization.o)
                0x0000000000105d60                __sync_fini
 .text.__sync_get_arbiter
                0x0000000000105d78       0x10 /opt/devkitpro/libctru/lib/libctru.a(synchronization.o)
                0x0000000000105d78                __sync_get_arbiter
 .text.LightLock_Init
                0x0000000000105d88       0x18 /opt/devkitpro/libctru/lib/libctru.a(synchronization.o)
                0x0000000000105d88                LightLock_Init
 .text.LightLock_Lock
                0x0000000000105da0       0xa0 /opt/devkitpro/libctru/lib/libctru.a(synchronization.o)
                0x0000000000105da0                LightLock_Lock
 .text.LightLock_TryLock
                0x0000000000105e40       0x34 /opt/devkitpro/libctru/lib/libctru.a(synchronization.o)
                0x0000000000105e40                LightLock_TryLock
 .text.LightLock_Unlock
                0x0000000000105e74       0x20 /opt/devkitpro/libctru/lib/libctru.a(synchronization.o)
                0x0000000000105e74                LightLock_Unlock
 .text.RecursiveLock_Init
                0x0000000000105e94       0x24 /opt/devkitpro/libctru/lib/libctru.a(synchronization.o)
                0x0000000000105e94                RecursiveLock_Init
 .text.RecursiveLock_Lock
                0x0000000000105eb8       0x30 /opt/devkitpro/libctru/lib/libctru.a(synchronization.o)
                0x0000000000105eb8                RecursiveLock_Lock
 .text.RecursiveLock_TryLock
                0x0000000000105ee8       0x58 /opt/devkitpro/libctru/lib/libctru.a(synchronization.o)
                0x0000000000105ee8                RecursiveLock_TryLock
 .text.RecursiveLock_Unlock
                0x0000000000105f40       0x38 /opt/devkitpro/libctru/lib/libctru.a(synchronization.o)
                0x0000000000105f40                RecursiveLock_Unlock
 .text.LightEvent_Init
                0x0000000000105f78       0x38 /opt/devkitpro/libctru/lib/libctru.a(synchronization.o)
                0x0000000000105f78                LightEvent_Init
 .text.LightEvent_Clear
                0x0000000000105fb0       0x7c /opt/devkitpro/libctru/lib/libctru.a(synchronization.o)
                0x0000000000105fb0                LightEvent_Clear
 .text.LightEvent_Signal
                0x000000000010602c       0xdc /opt/devkitpro/libctru/lib/libctru.a(synchronization.o)
                0x000000000010602c                LightEvent_Signal
 .text.LightEvent_Wait
                0x0000000000106108       0xd0 /opt/devkitpro/libctru/lib/libctru.a(synchronization.o)
                0x0000000000106108                LightEvent_Wait
 .text.ptmSysmInit
                0x00000000001061d8       0x74 /opt/devkitpro/libctru/lib/libctru.a(ptmsysm.o)
                0x00000000001061d8                ptmSysmInit
 .text.ptmSysmExit
                0x000000000010624c       0x3c /opt/devkitpro/libctru/lib/libctru.a(ptmsysm.o)
                0x000000000010624c                ptmSysmExit
 .text.PTMSYSM_ConfigureNew3DSCPU
                0x0000000000106288       0x34 /opt/devkitpro/libctru/lib/libctru.a(ptmsysm.o)
                0x0000000000106288                PTMSYSM_ConfigureNew3DSCPU
 .text.rbtree_find
                0x00000000001062bc       0x70 /opt/devkitpro/libctru/lib/libctru.a(rbtree_find.o)
                0x00000000001062bc                rbtree_find
 .text.rbtree_remove
                0x000000000010632c      0x324 /opt/devkitpro/libctru/lib/libctru.a(rbtree_remove.o)
                0x000000000010632c                rbtree_remove
 .text.rbtree_node_next
                0x0000000000106650       0x74 /opt/devkitpro/libctru/lib/libctru.a(rbtree_iterator.o)
                0x0000000000106650                rbtree_node_next
 .text.rbtree_rotate
                0x00000000001066c4       0x94 /opt/devkitpro/libctru/lib/libctru.a(rbtree_rotate.o)
                0x00000000001066c4                rbtree_rotate
 .text.do_insert
                0x0000000000106758      0x18c /opt/devkitpro/libctru/lib/libctru.a(rbtree_insert.o)
 .text.rbtree_insert
                0x00000000001068e4        0x8 /opt/devkitpro/libctru/lib/libctru.a(rbtree_insert.o)
                0x00000000001068e4                rbtree_insert
 .text.rbtree_init
                0x00000000001068ec       0x14 /opt/devkitpro/libctru/lib/libctru.a(rbtree_init.o)
                0x00000000001068ec                rbtree_init
 .text.__libctru_exit
                0x0000000000106900       0xa4 /opt/devkitpro/libctru/lib/libctru.a(ctru_exit.o)
                0x0000000000106900                __libctru_exit
 .text.__appExit
                0x00000000001069a4       0x1c /opt/devkitpro/libctru/lib/libctru.a(appExit.o)
                0x00000000001069a4                __appExit
 .text.osGetMemRegionSize
                0x00000000001069c0       0x58 /opt/devkitpro/libctru/lib/libctru.a(allocateHeaps.o)
 .text.__system_allocateHeaps
                0x0000000000106a18      0x104 /opt/devkitpro/libctru/lib/libctru.a(allocateHeaps.o)
                0x0000000000106a18                __system_allocateHeaps
 .text.__ctru_get_reent
                0x0000000000106b1c       0x30 /opt/devkitpro/libctru/lib/libctru.a(syscalls.o)
 .text.__system_initSyscalls
                0x0000000000106b4c       0xe4 /opt/devkitpro/libctru/lib/libctru.a(syscalls.o)
                0x0000000000106b4c                __system_initSyscalls
 .text.__appInit
                0x0000000000106c30       0x1c /opt/devkitpro/libctru/lib/libctru.a(appInit.o)
                0x0000000000106c30                __appInit
 .text._ZN7MemPool13CoalesceRightEP8MemBlock
                0x0000000000106c4c       0x98 /opt/devkitpro/libctru/lib/libctru.a(mem_pool.o)
                0x0000000000106c4c                MemPool::CoalesceRight(MemBlock*)
 .text._ZN7MemPool8AllocateER8MemChunkmi
                0x0000000000106ce4      0x178 /opt/devkitpro/libctru/lib/libctru.a(mem_pool.o)
                0x0000000000106ce4                MemPool::Allocate(MemChunk&, unsigned long, int)
 .text._ZN7MemPool10DeallocateERK8MemChunk
                0x0000000000106e5c      0x100 /opt/devkitpro/libctru/lib/libctru.a(mem_pool.o)
                0x0000000000106e5c                MemPool::Deallocate(MemChunk const&)
 .text.sdmc_link
                0x0000000000106f5c       0x10 /opt/devkitpro/libctru/lib/libctru.a(sdmc_dev.o)
 .text.sdmc_dirreset
                0x0000000000106f6c       0x10 /opt/devkitpro/libctru/lib/libctru.a(sdmc_dev.o)
 .text.sdmc_fchmod
                0x0000000000106f7c       0x10 /opt/devkitpro/libctru/lib/libctru.a(sdmc_dev.o)
 .text.error_cmp
                0x0000000000106f8c       0x24 /opt/devkitpro/libctru/lib/libctru.a(sdmc_dev.o)
 .text.sdmc_translate_error
                0x0000000000106fb0       0x50 /opt/devkitpro/libctru/lib/libctru.a(sdmc_dev.o)
 .text.sdmc_fsync
                0x0000000000107000       0x34 /opt/devkitpro/libctru/lib/libctru.a(sdmc_dev.o)
 .text.sdmc_ftruncate
                0x0000000000107034       0x54 /opt/devkitpro/libctru/lib/libctru.a(sdmc_dev.o)
 .text.sdmc_statvfs
                0x0000000000107088       0xb8 /opt/devkitpro/libctru/lib/libctru.a(sdmc_dev.o)
 .text.sdmc_dirclose
                0x0000000000107140       0x38 /opt/devkitpro/libctru/lib/libctru.a(sdmc_dev.o)
 .text.sdmc_dirnext
                0x0000000000107178      0x138 /opt/devkitpro/libctru/lib/libctru.a(sdmc_dev.o)
 .text.sdmc_close
                0x00000000001072b0       0x34 /opt/devkitpro/libctru/lib/libctru.a(sdmc_dev.o)
 .text.sdmc_fstat
                0x00000000001072e4       0x74 /opt/devkitpro/libctru/lib/libctru.a(sdmc_dev.o)
 .text.sdmc_seek
                0x0000000000107358       0xd8 /opt/devkitpro/libctru/lib/libctru.a(sdmc_dev.o)
 .text.sdmc_read
                0x0000000000107430       0x84 /opt/devkitpro/libctru/lib/libctru.a(sdmc_dev.o)
 .text.sdmc_write
                0x00000000001074b4       0xb8 /opt/devkitpro/libctru/lib/libctru.a(sdmc_dev.o)
 .text.sdmc_utf16path
                0x000000000010756c      0x1a8 /opt/devkitpro/libctru/lib/libctru.a(sdmc_dev.o)
 .text.sdmc_rmdir
                0x0000000000107714       0x74 /opt/devkitpro/libctru/lib/libctru.a(sdmc_dev.o)
 .text.sdmc_diropen
                0x0000000000107788       0xa4 /opt/devkitpro/libctru/lib/libctru.a(sdmc_dev.o)
 .text.sdmc_chdir
                0x000000000010782c       0xa0 /opt/devkitpro/libctru/lib/libctru.a(sdmc_dev.o)
 .text.sdmc_mkdir
                0x00000000001078cc       0x98 /opt/devkitpro/libctru/lib/libctru.a(sdmc_dev.o)
 .text.sdmc_rename
                0x0000000000107964      0x108 /opt/devkitpro/libctru/lib/libctru.a(sdmc_dev.o)
 .text.sdmc_unlink
                0x0000000000107a6c       0x74 /opt/devkitpro/libctru/lib/libctru.a(sdmc_dev.o)
 .text.sdmc_stat
                0x0000000000107ae0      0x108 /opt/devkitpro/libctru/lib/libctru.a(sdmc_dev.o)
 .text.sdmc_open
                0x0000000000107be8      0x188 /opt/devkitpro/libctru/lib/libctru.a(sdmc_dev.o)
 .text.sdmc_chmod
                0x0000000000107d70       0x10 /opt/devkitpro/libctru/lib/libctru.a(sdmc_dev.o)
 .text.sdmcInit
                0x0000000000107d80      0x160 /opt/devkitpro/libctru/lib/libctru.a(sdmc_dev.o)
                0x0000000000107d80                sdmcInit
 .text.sdmcExit
                0x0000000000107ee0       0x60 /opt/devkitpro/libctru/lib/libctru.a(sdmc_dev.o)
                0x0000000000107ee0                sdmcExit
 .text.fsSessionForArchive.part.0
                0x0000000000107f40       0x28 /opt/devkitpro/libctru/lib/libctru.a(fs.o)
 .text.fsInit   0x0000000000107f68       0xcc /opt/devkitpro/libctru/lib/libctru.a(fs.o)
                0x0000000000107f68                fsInit
 .text.fsExit   0x0000000000108034       0x3c /opt/devkitpro/libctru/lib/libctru.a(fs.o)
                0x0000000000108034                fsExit
 .text.fsExemptFromSession
                0x0000000000108070       0xa0 /opt/devkitpro/libctru/lib/libctru.a(fs.o)
                0x0000000000108070                fsExemptFromSession
 .text.fsUnexemptFromSession
                0x0000000000108110       0x50 /opt/devkitpro/libctru/lib/libctru.a(fs.o)
                0x0000000000108110                fsUnexemptFromSession
 .text.FSUSER_OpenFile
                0x0000000000108160       0xbc /opt/devkitpro/libctru/lib/libctru.a(fs.o)
                0x0000000000108160                FSUSER_OpenFile
 .text.FSUSER_DeleteFile
                0x000000000010821c       0xa4 /opt/devkitpro/libctru/lib/libctru.a(fs.o)
                0x000000000010821c                FSUSER_DeleteFile
 .text.FSUSER_RenameFile
                0x00000000001082c0       0xe0 /opt/devkitpro/libctru/lib/libctru.a(fs.o)
                0x00000000001082c0                FSUSER_RenameFile
 .text.FSUSER_DeleteDirectory
                0x00000000001083a0       0xa4 /opt/devkitpro/libctru/lib/libctru.a(fs.o)
                0x00000000001083a0                FSUSER_DeleteDirectory
 .text.FSUSER_CreateFile
                0x0000000000108444       0xbc /opt/devkitpro/libctru/lib/libctru.a(fs.o)
                0x0000000000108444                FSUSER_CreateFile
 .text.FSUSER_CreateDirectory
                0x0000000000108500       0xac /opt/devkitpro/libctru/lib/libctru.a(fs.o)
                0x0000000000108500                FSUSER_CreateDirectory
 .text.FSUSER_RenameDirectory
                0x00000000001085ac       0xe0 /opt/devkitpro/libctru/lib/libctru.a(fs.o)
                0x00000000001085ac                FSUSER_RenameDirectory
 .text.FSUSER_OpenDirectory
                0x000000000010868c       0xa4 /opt/devkitpro/libctru/lib/libctru.a(fs.o)
                0x000000000010868c                FSUSER_OpenDirectory
 .text.FSUSER_OpenArchive
                0x0000000000108730       0x98 /opt/devkitpro/libctru/lib/libctru.a(fs.o)
                0x0000000000108730                FSUSER_OpenArchive
 .text.FSUSER_CloseArchive
                0x00000000001087c8       0x74 /opt/devkitpro/libctru/lib/libctru.a(fs.o)
                0x00000000001087c8                FSUSER_CloseArchive
 .text.FSUSER_GetSdmcArchiveResource
                0x000000000010883c       0x78 /opt/devkitpro/libctru/lib/libctru.a(fs.o)
                0x000000000010883c                FSUSER_GetSdmcArchiveResource
 .text.FSUSER_IsSdmcWritable
                0x00000000001088b4       0x64 /opt/devkitpro/libctru/lib/libctru.a(fs.o)
                0x00000000001088b4                FSUSER_IsSdmcWritable
 .text.FSFILE_Read
                0x0000000000108918       0x5c /opt/devkitpro/libctru/lib/libctru.a(fs.o)
                0x0000000000108918                FSFILE_Read
 .text.FSFILE_Write
                0x0000000000108974       0x64 /opt/devkitpro/libctru/lib/libctru.a(fs.o)
                0x0000000000108974                FSFILE_Write
 .text.FSFILE_GetSize
                0x00000000001089d8       0x3c /opt/devkitpro/libctru/lib/libctru.a(fs.o)
                0x00000000001089d8                FSFILE_GetSize
 .text.FSFILE_SetSize
                0x0000000000108a14       0x2c /opt/devkitpro/libctru/lib/libctru.a(fs.o)
                0x0000000000108a14                FSFILE_SetSize
 .text.FSFILE_Close
                0x0000000000108a40       0x3c /opt/devkitpro/libctru/lib/libctru.a(fs.o)
                0x0000000000108a40                FSFILE_Close
 .text.FSFILE_Flush
                0x0000000000108a7c       0x24 /opt/devkitpro/libctru/lib/libctru.a(fs.o)
                0x0000000000108a7c                FSFILE_Flush
 .text.FSDIR_Read
                0x0000000000108aa0       0x54 /opt/devkitpro/libctru/lib/libctru.a(fs.o)
                0x0000000000108aa0                FSDIR_Read
 .text.FSDIR_Close
                0x0000000000108af4       0x3c /opt/devkitpro/libctru/lib/libctru.a(fs.o)
                0x0000000000108af4                FSDIR_Close
 .text.utf8_to_utf16
                0x0000000000108b30       0xc0 /opt/devkitpro/libctru/lib/libctru.a(utf8_to_utf16.o)
                0x0000000000108b30                utf8_to_utf16
 .text.decode_utf8
                0x0000000000108bf0      0x138 /opt/devkitpro/libctru/lib/libctru.a(decode_utf8.o)
                0x0000000000108bf0                decode_utf8
 .text.utf16_to_utf8
                0x0000000000108d28       0xe8 /opt/devkitpro/libctru/lib/libctru.a(utf16_to_utf8.o)
                0x0000000000108d28                utf16_to_utf8
 .text.encode_utf8
                0x0000000000108e10      0x104 /opt/devkitpro/libctru/lib/libctru.a(encode_utf8.o)
                0x0000000000108e10                encode_utf8
 .text.encode_utf16
                0x0000000000108f14       0x68 /opt/devkitpro/libctru/lib/libctru.a(encode_utf16.o)
                0x0000000000108f14                encode_utf16
 .text.__aeabi_read_tp
                0x0000000000108f7c        0xc /opt/devkitpro/libctru/lib/libctru.a(readtp.o)
                0x0000000000108f7c                __aeabi_read_tp
 .text.decode_utf16
                0x0000000000108f88       0x60 /opt/devkitpro/libctru/lib/libctru.a(decode_utf16.o)
                0x0000000000108f88                decode_utf16
 .text.cos      0x0000000000108fe8       0xc8 /opt/devkitpro/devkitARM/lib/gcc/arm-none-eabi/7.1.0/../../../../arm-none-eabi/lib/armv6k/fpu/libm.a(lib_a-s_cos.o)
                0x0000000000108fe8                cos
 .text.modff    0x00000000001090b0       0x6c /opt/devkitpro/devkitARM/lib/gcc/arm-none-eabi/7.1.0/../../../../arm-none-eabi/lib/armv6k/fpu/libm.a(lib_a-sf_modf.o)
                0x00000000001090b0                modff
 *fill*         0x000000000010911c        0x4 
 .text.__ieee754_rem_pio2
                0x0000000000109120      0x318 /opt/devkitpro/devkitARM/lib/gcc/arm-none-eabi/7.1.0/../../../../arm-none-eabi/lib/armv6k/fpu/libm.a(lib_a-e_rem_pio2.o)
                0x0000000000109120                __ieee754_rem_pio2
 .text.__kernel_cos
                0x0000000000109438      0x158 /opt/devkitpro/devkitARM/lib/gcc/arm-none-eabi/7.1.0/../../../../arm-none-eabi/lib/armv6k/fpu/libm.a(lib_a-k_cos.o)
                0x0000000000109438                __kernel_cos
 .text.__kernel_rem_pio2
                0x0000000000109590      0x894 /opt/devkitpro/devkitARM/lib/gcc/arm-none-eabi/7.1.0/../../../../arm-none-eabi/lib/armv6k/fpu/libm.a(lib_a-k_rem_pio2.o)
                0x0000000000109590                __kernel_rem_pio2
 *fill*         0x0000000000109e24        0x4 
 .text.__kernel_sin
                0x0000000000109e28       0xb8 /opt/devkitpro/devkitARM/lib/gcc/arm-none-eabi/7.1.0/../../../../arm-none-eabi/lib/armv6k/fpu/libm.a(lib_a-k_sin.o)
                0x0000000000109e28                __kernel_sin
 .text.fabs     0x0000000000109ee0       0x14 /opt/devkitpro/devkitARM/lib/gcc/arm-none-eabi/7.1.0/../../../../arm-none-eabi/lib/armv6k/fpu/libm.a(lib_a-s_fabs.o)
                0x0000000000109ee0                fabs
 *fill*         0x0000000000109ef4        0x4 
 .text.floor    0x0000000000109ef8      0x174 /opt/devkitpro/devkitARM/lib/gcc/arm-none-eabi/7.1.0/../../../../arm-none-eabi/lib/armv6k/fpu/libm.a(lib_a-s_floor.o)
                0x0000000000109ef8                floor
 *fill*         0x000000000010a06c        0x4 
 .text.scalbn   0x000000000010a070      0x170 /opt/devkitpro/devkitARM/lib/gcc/arm-none-eabi/7.1.0/../../../../arm-none-eabi/lib/armv6k/fpu/libm.a(lib_a-s_scalbn.o)
                0x000000000010a070                scalbn
 .text.copysign
                0x000000000010a1e0       0x1c /opt/devkitpro/devkitARM/lib/gcc/arm-none-eabi/7.1.0/../../../../arm-none-eabi/lib/armv6k/fpu/libm.a(lib_a-s_copysign.o)
                0x000000000010a1e0                copysign
 .text.__udivmoddi4
                0x000000000010a1fc      0x158 /opt/devkitpro/devkitARM/lib/gcc/arm-none-eabi/7.1.0/armv6k/fpu/libgcc.a(_udivmoddi4.o)
                0x000000000010a1fc                __udivmoddi4
 .text.bsearch  0x000000000010a354       0x74 /opt/devkitpro/devkitARM/lib/gcc/arm-none-eabi/7.1.0/../../../../arm-none-eabi/lib/armv6k/fpu/libg.a(lib_a-bsearch.o)
                0x000000000010a354                bsearch
 .text.__libc_fini_array
                0x000000000010a3c8       0x40 /opt/devkitpro/devkitARM/lib/gcc/arm-none-eabi/7.1.0/../../../../arm-none-eabi/lib/armv6k/fpu/libg.a(lib_a-fini.o)
                0x000000000010a3c8                __libc_fini_array
 .text.__libc_init_array
                0x000000000010a408       0x7c /opt/devkitpro/devkitARM/lib/gcc/arm-none-eabi/7.1.0/../../../../arm-none-eabi/lib/armv6k/fpu/libg.a(lib_a-init.o)
                0x000000000010a408                __libc_init_array
 .text.iprintf  0x000000000010a484       0x38 /opt/devkitpro/devkitARM/lib/gcc/arm-none-eabi/7.1.0/../../../../arm-none-eabi/lib/armv6k/fpu/libg.a(lib_a-iprintf.o)
                0x000000000010a484                iprintf
 .text.memalign
                0x000000000010a4bc       0x20 /opt/devkitpro/devkitARM/lib/gcc/arm-none-eabi/7.1.0/../../../../arm-none-eabi/lib/armv6k/fpu/libg.a(lib_a-malign.o)
                0x000000000010a4bc                memalign
 .text._memalign_r
                0x000000000010a4dc      0x158 /opt/devkitpro/devkitARM/lib/gcc/arm-none-eabi/7.1.0/../../../../arm-none-eabi/lib/armv6k/fpu/libg.a(lib_a-malignr.o)
                0x000000000010a4dc                _memalign_r
 .text.malloc   0x000000000010a634       0x18 /opt/devkitpro/devkitARM/lib/gcc/arm-none-eabi/7.1.0/../../../../arm-none-eabi/lib/armv6k/fpu/libg.a(lib_a-malloc.o)
                0x000000000010a634                malloc
 .text.free     0x000000000010a64c       0x18 /opt/devkitpro/devkitARM/lib/gcc/arm-none-eabi/7.1.0/../../../../arm-none-eabi/lib/armv6k/fpu/libg.a(lib_a-malloc.o)
                0x000000000010a64c                free
 .text._malloc_r
                0x000000000010a664      0x7a8 /opt/devkitpro/devkitARM/lib/gcc/arm-none-eabi/7.1.0/../../../../arm-none-eabi/lib/armv6k/fpu/libg.a(lib_a-mallocr.o)
                0x000000000010a664                _malloc_r
 .text.memchr   0x000000000010ae0c      0x100 /opt/devkitpro/devkitARM/lib/gcc/arm-none-eabi/7.1.0/../../../../arm-none-eabi/lib/armv6k/fpu/libg.a(lib_a-memchr-stub.o)
                0x000000000010ae0c                memchr
 .text.memcpy   0x000000000010af0c      0x10c /opt/devkitpro/devkitARM/lib/gcc/arm-none-eabi/7.1.0/../../../../arm-none-eabi/lib/armv6k/fpu/libg.a(lib_a-memcpy-stub.o)
                0x000000000010af0c                memcpy
 .text.memset   0x000000000010b018      0x110 /opt/devkitpro/devkitARM/lib/gcc/arm-none-eabi/7.1.0/../../../../arm-none-eabi/lib/armv6k/fpu/libg.a(lib_a-memset.o)
                0x000000000010b018                memset
 .text.__malloc_lock
                0x000000000010b128        0xc /opt/devkitpro/devkitARM/lib/gcc/arm-none-eabi/7.1.0/../../../../arm-none-eabi/lib/armv6k/fpu/libg.a(lib_a-mlock.o)
                0x000000000010b128                __malloc_lock
 .text.__malloc_unlock
                0x000000000010b134        0xc /opt/devkitpro/devkitARM/lib/gcc/arm-none-eabi/7.1.0/../../../../arm-none-eabi/lib/armv6k/fpu/libg.a(lib_a-mlock.o)
                0x000000000010b134                __malloc_unlock
 .text.printf   0x000000000010b140       0x38 /opt/devkitpro/devkitARM/lib/gcc/arm-none-eabi/7.1.0/../../../../arm-none-eabi/lib/armv6k/fpu/libg.a(lib_a-printf.o)
                0x000000000010b140                printf
 .text.setvbuf  0x000000000010b178      0x264 /opt/devkitpro/devkitARM/lib/gcc/arm-none-eabi/7.1.0/../../../../arm-none-eabi/lib/armv6k/fpu/libg.a(lib_a-setvbuf.o)
                0x000000000010b178                setvbuf
 .text.sscanf   0x000000000010b3dc       0x74 /opt/devkitpro/devkitARM/lib/gcc/arm-none-eabi/7.1.0/../../../../arm-none-eabi/lib/armv6k/fpu/libg.a(lib_a-sscanf.o)
                0x000000000010b3dc                sscanf
 .text.__sread  0x000000000010b450       0x3c /opt/devkitpro/devkitARM/lib/gcc/arm-none-eabi/7.1.0/../../../../arm-none-eabi/lib/armv6k/fpu/libg.a(lib_a-stdio.o)
                0x000000000010b450                __sread
 .text.__seofread
                0x000000000010b48c        0x8 /opt/devkitpro/devkitARM/lib/gcc/arm-none-eabi/7.1.0/../../../../arm-none-eabi/lib/armv6k/fpu/libg.a(lib_a-stdio.o)
                0x000000000010b48c                __seofread
 .text.__swrite
                0x000000000010b494       0x64 /opt/devkitpro/devkitARM/lib/gcc/arm-none-eabi/7.1.0/../../../../arm-none-eabi/lib/armv6k/fpu/libg.a(lib_a-stdio.o)
                0x000000000010b494                __swrite
 .text.__sseek  0x000000000010b4f8       0x4c /opt/devkitpro/devkitARM/lib/gcc/arm-none-eabi/7.1.0/../../../../arm-none-eabi/lib/armv6k/fpu/libg.a(lib_a-stdio.o)
                0x000000000010b4f8                __sseek
 .text.__sclose
                0x000000000010b544        0x8 /opt/devkitpro/devkitARM/lib/gcc/arm-none-eabi/7.1.0/../../../../arm-none-eabi/lib/armv6k/fpu/libg.a(lib_a-stdio.o)
                0x000000000010b544                __sclose
 .text.strlen   0x000000000010b54c       0x5c /opt/devkitpro/devkitARM/lib/gcc/arm-none-eabi/7.1.0/../../../../arm-none-eabi/lib/armv6k/fpu/libg.a(lib_a-strlen-stub.o)
                0x000000000010b54c                strlen
 .text.strncat  0x000000000010b5a8       0x98 /opt/devkitpro/devkitARM/lib/gcc/arm-none-eabi/7.1.0/../../../../arm-none-eabi/lib/armv6k/fpu/libg.a(lib_a-strncat.o)
                0x000000000010b5a8                strncat
 .text.strncpy  0x000000000010b640       0xd8 /opt/devkitpro/devkitARM/lib/gcc/arm-none-eabi/7.1.0/../../../../arm-none-eabi/lib/armv6k/fpu/libg.a(lib_a-strncpy.o)
                0x000000000010b640                strncpy
 .text.strnlen  0x000000000010b718       0x5c /opt/devkitpro/devkitARM/lib/gcc/arm-none-eabi/7.1.0/../../../../arm-none-eabi/lib/armv6k/fpu/libg.a(lib_a-strnlen.o)
                0x000000000010b718                strnlen
 .text.__ssvfscanf_r
                0x000000000010b774     0x27c8 /opt/devkitpro/devkitARM/lib/gcc/arm-none-eabi/7.1.0/../../../../arm-none-eabi/lib/armv6k/fpu/libg.a(lib_a-svfscanf.o)
                0x000000000010b774                __ssvfscanf_r
 .text.get_arg  0x000000000010df3c     0x74a0 /opt/devkitpro/devkitARM/lib/gcc/arm-none-eabi/7.1.0/../../../../arm-none-eabi/lib/armv6k/fpu/libg.a(lib_a-vfiprintf.o)
 .text.__sprint_r.part.0
                0x00000000001153dc       0x1c /opt/devkitpro/devkitARM/lib/gcc/arm-none-eabi/7.1.0/../../../../arm-none-eabi/lib/armv6k/fpu/libg.a(lib_a-vfiprintf.o)
 .text.__sprint_r
                0x00000000001153f8       0x1c /opt/devkitpro/devkitARM/lib/gcc/arm-none-eabi/7.1.0/../../../../arm-none-eabi/lib/armv6k/fpu/libg.a(lib_a-vfiprintf.o)
                0x00000000001153f8                __sprint_r
 .text._vfiprintf_r
                0x0000000000115414     0x2c64 /opt/devkitpro/devkitARM/lib/gcc/arm-none-eabi/7.1.0/../../../../arm-none-eabi/lib/armv6k/fpu/libg.a(lib_a-vfiprintf.o)
                0x0000000000115414                _vfiprintf_r
 .text.__sbprintf
                0x0000000000118078       0xd0 /opt/devkitpro/devkitARM/lib/gcc/arm-none-eabi/7.1.0/../../../../arm-none-eabi/lib/armv6k/fpu/libg.a(lib_a-vfiprintf.o)
 .text.get_arg  0x0000000000118148     0x74a0 /opt/devkitpro/devkitARM/lib/gcc/arm-none-eabi/7.1.0/../../../../arm-none-eabi/lib/armv6k/fpu/libg.a(lib_a-vfprintf.o)
 .text._vfprintf_r
                0x000000000011f5e8     0x3fd8 /opt/devkitpro/devkitARM/lib/gcc/arm-none-eabi/7.1.0/../../../../arm-none-eabi/lib/armv6k/fpu/libg.a(lib_a-vfprintf.o)
                0x000000000011f5e8                _vfprintf_r
 .text.__sbprintf
                0x00000000001235c0       0xd0 /opt/devkitpro/devkitARM/lib/gcc/arm-none-eabi/7.1.0/../../../../arm-none-eabi/lib/armv6k/fpu/libg.a(lib_a-vfprintf.o)
 .text._wcrtomb_r
                0x0000000000123690       0xa0 /opt/devkitpro/devkitARM/lib/gcc/arm-none-eabi/7.1.0/../../../../arm-none-eabi/lib/armv6k/fpu/libg.a(lib_a-wcrtomb.o)
                0x0000000000123690                _wcrtomb_r
 .text._wcsrtombs_r
                0x0000000000123730       0x20 /opt/devkitpro/devkitARM/lib/gcc/arm-none-eabi/7.1.0/../../../../arm-none-eabi/lib/armv6k/fpu/libg.a(lib_a-wcsrtombs.o)
                0x0000000000123730                _wcsrtombs_r
 .text.__swsetup_r
                0x0000000000123750      0x148 /opt/devkitpro/devkitARM/lib/gcc/arm-none-eabi/7.1.0/../../../../arm-none-eabi/lib/armv6k/fpu/libg.a(lib_a-wsetup.o)
                0x0000000000123750                __swsetup_r
 .text.quorem   0x0000000000123898      0x1bc /opt/devkitpro/devkitARM/lib/gcc/arm-none-eabi/7.1.0/../../../../arm-none-eabi/lib/armv6k/fpu/libg.a(lib_a-dtoa.o)
 *fill*         0x0000000000123a54        0x4 
 .text._dtoa_r  0x0000000000123a58     0x1224 /opt/devkitpro/devkitARM/lib/gcc/arm-none-eabi/7.1.0/../../../../arm-none-eabi/lib/armv6k/fpu/libg.a(lib_a-dtoa.o)
                0x0000000000123a58                _dtoa_r
 .text.__sflush_r
                0x0000000000124c7c      0x26c /opt/devkitpro/devkitARM/lib/gcc/arm-none-eabi/7.1.0/../../../../arm-none-eabi/lib/armv6k/fpu/libg.a(lib_a-fflush.o)
                0x0000000000124c7c                __sflush_r
 .text._fflush_r
                0x0000000000124ee8       0x94 /opt/devkitpro/devkitARM/lib/gcc/arm-none-eabi/7.1.0/../../../../arm-none-eabi/lib/armv6k/fpu/libg.a(lib_a-fflush.o)
                0x0000000000124ee8                _fflush_r
 .text._cleanup_r
                0x0000000000124f7c        0xc /opt/devkitpro/devkitARM/lib/gcc/arm-none-eabi/7.1.0/../../../../arm-none-eabi/lib/armv6k/fpu/libg.a(lib_a-findfp.o)
                0x0000000000124f7c                _cleanup_r
 .text.std.isra.0
                0x0000000000124f88       0x78 /opt/devkitpro/devkitARM/lib/gcc/arm-none-eabi/7.1.0/../../../../arm-none-eabi/lib/armv6k/fpu/libg.a(lib_a-findfp.o)
 .text.__sinit  0x0000000000125000       0x8c /opt/devkitpro/devkitARM/lib/gcc/arm-none-eabi/7.1.0/../../../../arm-none-eabi/lib/armv6k/fpu/libg.a(lib_a-findfp.o)
                0x0000000000125000                __sinit
 .text.__sfp_lock_acquire
                0x000000000012508c        0xc /opt/devkitpro/devkitARM/lib/gcc/arm-none-eabi/7.1.0/../../../../arm-none-eabi/lib/armv6k/fpu/libg.a(lib_a-findfp.o)
                0x000000000012508c                __sfp_lock_acquire
 .text.__sfp_lock_release
                0x0000000000125098        0xc /opt/devkitpro/devkitARM/lib/gcc/arm-none-eabi/7.1.0/../../../../arm-none-eabi/lib/armv6k/fpu/libg.a(lib_a-findfp.o)
                0x0000000000125098                __sfp_lock_release
 .text._malloc_trim_r
                0x00000000001250a4       0xf8 /opt/devkitpro/devkitARM/lib/gcc/arm-none-eabi/7.1.0/../../../../arm-none-eabi/lib/armv6k/fpu/libg.a(lib_a-freer.o)
                0x00000000001250a4                _malloc_trim_r
 .text._free_r  0x000000000012519c      0x2e4 /opt/devkitpro/devkitARM/lib/gcc/arm-none-eabi/7.1.0/../../../../arm-none-eabi/lib/armv6k/fpu/libg.a(lib_a-freer.o)
                0x000000000012519c                _free_r
 .text.__sfvwrite_r
                0x0000000000125480      0x498 /opt/devkitpro/devkitARM/lib/gcc/arm-none-eabi/7.1.0/../../../../arm-none-eabi/lib/armv6k/fpu/libg.a(lib_a-fvwrite.o)
                0x0000000000125480                __sfvwrite_r
 .text._fwalk_reent
                0x0000000000125918       0x78 /opt/devkitpro/devkitARM/lib/gcc/arm-none-eabi/7.1.0/../../../../arm-none-eabi/lib/armv6k/fpu/libg.a(lib_a-fwalk.o)
                0x0000000000125918                _fwalk_reent
 .text.iswspace
                0x0000000000125990       0x74 /opt/devkitpro/devkitARM/lib/gcc/arm-none-eabi/7.1.0/../../../../arm-none-eabi/lib/armv6k/fpu/libg.a(lib_a-iswspace.o)
                0x0000000000125990                iswspace
 .text.__jp2uc  0x0000000000125a04      0x1e0 /opt/devkitpro/devkitARM/lib/gcc/arm-none-eabi/7.1.0/../../../../arm-none-eabi/lib/armv6k/fpu/libg.a(lib_a-jp2uc.o)
 .text._jp2uc   0x0000000000125be4       0xc4 /opt/devkitpro/devkitARM/lib/gcc/arm-none-eabi/7.1.0/../../../../arm-none-eabi/lib/armv6k/fpu/libg.a(lib_a-jp2uc.o)
                0x0000000000125be4                _jp2uc
 .text.__localeconv_l
                0x0000000000125ca8        0x8 /opt/devkitpro/devkitARM/lib/gcc/arm-none-eabi/7.1.0/../../../../arm-none-eabi/lib/armv6k/fpu/libg.a(lib_a-localeconv.o)
                0x0000000000125ca8                __localeconv_l
 .text._localeconv_r
                0x0000000000125cb0       0x24 /opt/devkitpro/devkitARM/lib/gcc/arm-none-eabi/7.1.0/../../../../arm-none-eabi/lib/armv6k/fpu/libg.a(lib_a-localeconv.o)
                0x0000000000125cb0                _localeconv_r
 .text.__locale_mb_cur_max
                0x0000000000125cd4       0x24 /opt/devkitpro/devkitARM/lib/gcc/arm-none-eabi/7.1.0/../../../../arm-none-eabi/lib/armv6k/fpu/libg.a(lib_a-locale.o)
                0x0000000000125cd4                __locale_mb_cur_max
 .text.__locale_ctype_ptr_l
                0x0000000000125cf8        0x8 /opt/devkitpro/devkitARM/lib/gcc/arm-none-eabi/7.1.0/../../../../arm-none-eabi/lib/armv6k/fpu/libg.a(lib_a-locale.o)
                0x0000000000125cf8                __locale_ctype_ptr_l
 .text.__locale_ctype_ptr
                0x0000000000125d00       0x24 /opt/devkitpro/devkitARM/lib/gcc/arm-none-eabi/7.1.0/../../../../arm-none-eabi/lib/armv6k/fpu/libg.a(lib_a-locale.o)
                0x0000000000125d00                __locale_ctype_ptr
 .text.__swhatbuf_r
                0x0000000000125d24       0x94 /opt/devkitpro/devkitARM/lib/gcc/arm-none-eabi/7.1.0/../../../../arm-none-eabi/lib/armv6k/fpu/libg.a(lib_a-makebuf.o)
                0x0000000000125d24                __swhatbuf_r
 .text.__smakebuf_r
                0x0000000000125db8       0xf4 /opt/devkitpro/devkitARM/lib/gcc/arm-none-eabi/7.1.0/../../../../arm-none-eabi/lib/armv6k/fpu/libg.a(lib_a-makebuf.o)
                0x0000000000125db8                __smakebuf_r
 .text._mbrtowc_r
                0x0000000000125eac       0xb4 /opt/devkitpro/devkitARM/lib/gcc/arm-none-eabi/7.1.0/../../../../arm-none-eabi/lib/armv6k/fpu/libg.a(lib_a-mbrtowc.o)
                0x0000000000125eac                _mbrtowc_r
 .text.__utf8_mbtowc
                0x0000000000125f60      0x2fc /opt/devkitpro/devkitARM/lib/gcc/arm-none-eabi/7.1.0/../../../../arm-none-eabi/lib/armv6k/fpu/libg.a(lib_a-mbtowc_r.o)
                0x0000000000125f60                __utf8_mbtowc
 .text.memmove  0x000000000012625c      0x13c /opt/devkitpro/devkitARM/lib/gcc/arm-none-eabi/7.1.0/../../../../arm-none-eabi/lib/armv6k/fpu/libg.a(lib_a-memmove.o)
                0x000000000012625c                memmove
 .text._Balloc  0x0000000000126398       0x88 /opt/devkitpro/devkitARM/lib/gcc/arm-none-eabi/7.1.0/../../../../arm-none-eabi/lib/armv6k/fpu/libg.a(lib_a-mprec.o)
                0x0000000000126398                _Balloc
 .text._Bfree   0x0000000000126420       0x1c /opt/devkitpro/devkitARM/lib/gcc/arm-none-eabi/7.1.0/../../../../arm-none-eabi/lib/armv6k/fpu/libg.a(lib_a-mprec.o)
                0x0000000000126420                _Bfree
 .text.__multadd
                0x000000000012643c       0xd0 /opt/devkitpro/devkitARM/lib/gcc/arm-none-eabi/7.1.0/../../../../arm-none-eabi/lib/armv6k/fpu/libg.a(lib_a-mprec.o)
                0x000000000012643c                __multadd
 .text.__s2b    0x000000000012650c       0xe0 /opt/devkitpro/devkitARM/lib/gcc/arm-none-eabi/7.1.0/../../../../arm-none-eabi/lib/armv6k/fpu/libg.a(lib_a-mprec.o)
                0x000000000012650c                __s2b
 .text.__hi0bits
                0x00000000001265ec       0x58 /opt/devkitpro/devkitARM/lib/gcc/arm-none-eabi/7.1.0/../../../../arm-none-eabi/lib/armv6k/fpu/libg.a(lib_a-mprec.o)
                0x00000000001265ec                __hi0bits
 .text.__lo0bits
                0x0000000000126644       0x9c /opt/devkitpro/devkitARM/lib/gcc/arm-none-eabi/7.1.0/../../../../arm-none-eabi/lib/armv6k/fpu/libg.a(lib_a-mprec.o)
                0x0000000000126644                __lo0bits
 .text.__i2b    0x00000000001266e0       0x20 /opt/devkitpro/devkitARM/lib/gcc/arm-none-eabi/7.1.0/../../../../arm-none-eabi/lib/armv6k/fpu/libg.a(lib_a-mprec.o)
                0x00000000001266e0                __i2b
 .text.__multiply
                0x0000000000126700      0x1d4 /opt/devkitpro/devkitARM/lib/gcc/arm-none-eabi/7.1.0/../../../../arm-none-eabi/lib/armv6k/fpu/libg.a(lib_a-mprec.o)
                0x0000000000126700                __multiply
 .text.__pow5mult
                0x00000000001268d4      0x100 /opt/devkitpro/devkitARM/lib/gcc/arm-none-eabi/7.1.0/../../../../arm-none-eabi/lib/armv6k/fpu/libg.a(lib_a-mprec.o)
                0x00000000001268d4                __pow5mult
 .text.__lshift
                0x00000000001269d4       0xe8 /opt/devkitpro/devkitARM/lib/gcc/arm-none-eabi/7.1.0/../../../../arm-none-eabi/lib/armv6k/fpu/libg.a(lib_a-mprec.o)
                0x00000000001269d4                __lshift
 .text.__mcmp   0x0000000000126abc       0x5c /opt/devkitpro/devkitARM/lib/gcc/arm-none-eabi/7.1.0/../../../../arm-none-eabi/lib/armv6k/fpu/libg.a(lib_a-mprec.o)
                0x0000000000126abc                __mcmp
 .text.__mdiff  0x0000000000126b18      0x168 /opt/devkitpro/devkitARM/lib/gcc/arm-none-eabi/7.1.0/../../../../arm-none-eabi/lib/armv6k/fpu/libg.a(lib_a-mprec.o)
                0x0000000000126b18                __mdiff
 .text.__ulp    0x0000000000126c80       0x78 /opt/devkitpro/devkitARM/lib/gcc/arm-none-eabi/7.1.0/../../../../arm-none-eabi/lib/armv6k/fpu/libg.a(lib_a-mprec.o)
                0x0000000000126c80                __ulp
 .text.__b2d    0x0000000000126cf8       0xd0 /opt/devkitpro/devkitARM/lib/gcc/arm-none-eabi/7.1.0/../../../../arm-none-eabi/lib/armv6k/fpu/libg.a(lib_a-mprec.o)
                0x0000000000126cf8                __b2d
 .text.__d2b    0x0000000000126dc8      0x104 /opt/devkitpro/devkitARM/lib/gcc/arm-none-eabi/7.1.0/../../../../arm-none-eabi/lib/armv6k/fpu/libg.a(lib_a-mprec.o)
                0x0000000000126dc8                __d2b
 .text.__ratio  0x0000000000126ecc       0x84 /opt/devkitpro/devkitARM/lib/gcc/arm-none-eabi/7.1.0/../../../../arm-none-eabi/lib/armv6k/fpu/libg.a(lib_a-mprec.o)
                0x0000000000126ecc                __ratio
 .text.__copybits
                0x0000000000126f50       0x88 /opt/devkitpro/devkitARM/lib/gcc/arm-none-eabi/7.1.0/../../../../arm-none-eabi/lib/armv6k/fpu/libg.a(lib_a-mprec.o)
                0x0000000000126f50                __copybits
 .text.__any_on
                0x0000000000126fd8       0x78 /opt/devkitpro/devkitARM/lib/gcc/arm-none-eabi/7.1.0/../../../../arm-none-eabi/lib/armv6k/fpu/libg.a(lib_a-mprec.o)
                0x0000000000126fd8                __any_on
 .text._realloc_r
                0x0000000000127050      0x4d0 /opt/devkitpro/devkitARM/lib/gcc/arm-none-eabi/7.1.0/../../../../arm-none-eabi/lib/armv6k/fpu/libg.a(lib_a-reallocr.o)
                0x0000000000127050                _realloc_r
 .text.__sccl   0x0000000000127520       0xcc /opt/devkitpro/devkitARM/lib/gcc/arm-none-eabi/7.1.0/../../../../arm-none-eabi/lib/armv6k/fpu/libg.a(lib_a-sccl.o)
                0x0000000000127520                __sccl
 .text.nanf     0x00000000001275ec        0xc /opt/devkitpro/devkitARM/lib/gcc/arm-none-eabi/7.1.0/../../../../arm-none-eabi/lib/armv6k/fpu/libg.a(lib_a-sf_nan.o)
                0x00000000001275ec                nanf
 .text.frexp    0x00000000001275f8       0x9c /opt/devkitpro/devkitARM/lib/gcc/arm-none-eabi/7.1.0/../../../../arm-none-eabi/lib/armv6k/fpu/libg.a(lib_a-s_frexp.o)
                0x00000000001275f8                frexp
 .text.sprintf  0x0000000000127694       0x64 /opt/devkitpro/devkitARM/lib/gcc/arm-none-eabi/7.1.0/../../../../arm-none-eabi/lib/armv6k/fpu/libg.a(lib_a-sprintf.o)
                0x0000000000127694                sprintf
 .text.stpncpy  0x00000000001276f8       0xf8 /opt/devkitpro/devkitARM/lib/gcc/arm-none-eabi/7.1.0/../../../../arm-none-eabi/lib/armv6k/fpu/libg.a(lib_a-stpncpy.o)
                0x00000000001276f8                stpncpy
 .text.strchr   0x00000000001277f0      0x180 /opt/devkitpro/devkitARM/lib/gcc/arm-none-eabi/7.1.0/../../../../arm-none-eabi/lib/armv6k/fpu/libg.a(lib_a-strchr.o)
                0x00000000001277f0                strchr
 .text.strncmp  0x0000000000127970       0xf8 /opt/devkitpro/devkitARM/lib/gcc/arm-none-eabi/7.1.0/../../../../arm-none-eabi/lib/armv6k/fpu/libg.a(lib_a-strncmp.o)
                0x0000000000127970                strncmp
 .text.unlikely.sulp
                0x0000000000127a68       0x54 /opt/devkitpro/devkitARM/lib/gcc/arm-none-eabi/7.1.0/../../../../arm-none-eabi/lib/armv6k/fpu/libg.a(lib_a-strtod.o)
 *fill*         0x0000000000127abc        0x4 
 .text._strtod_l
                0x0000000000127ac0     0x1464 /opt/devkitpro/devkitARM/lib/gcc/arm-none-eabi/7.1.0/../../../../arm-none-eabi/lib/armv6k/fpu/libg.a(lib_a-strtod.o)
                0x0000000000127ac0                _strtod_l
 .text._strtod_r
                0x0000000000128f24       0x3c /opt/devkitpro/devkitARM/lib/gcc/arm-none-eabi/7.1.0/../../../../arm-none-eabi/lib/armv6k/fpu/libg.a(lib_a-strtod.o)
                0x0000000000128f24                _strtod_r
 .text._strtoll_l.isra.0
                0x0000000000128f60      0x274 /opt/devkitpro/devkitARM/lib/gcc/arm-none-eabi/7.1.0/../../../../arm-none-eabi/lib/armv6k/fpu/libg.a(lib_a-strtoll.o)
 .text._strtoll_r
                0x00000000001291d4       0x50 /opt/devkitpro/devkitARM/lib/gcc/arm-none-eabi/7.1.0/../../../../arm-none-eabi/lib/armv6k/fpu/libg.a(lib_a-strtoll.o)
                0x00000000001291d4                _strtoll_r
 .text._strtol_l.isra.0
                0x0000000000129224      0x1bc /opt/devkitpro/devkitARM/lib/gcc/arm-none-eabi/7.1.0/../../../../arm-none-eabi/lib/armv6k/fpu/libg.a(lib_a-strtol.o)
 .text._strtol_r
                0x00000000001293e0       0x50 /opt/devkitpro/devkitARM/lib/gcc/arm-none-eabi/7.1.0/../../../../arm-none-eabi/lib/armv6k/fpu/libg.a(lib_a-strtol.o)
                0x00000000001293e0                _strtol_r
 .text._strtoull_l.isra.0
                0x0000000000129430      0x260 /opt/devkitpro/devkitARM/lib/gcc/arm-none-eabi/7.1.0/../../../../arm-none-eabi/lib/armv6k/fpu/libg.a(lib_a-strtoull.o)
 .text._strtoull_r
                0x0000000000129690       0x50 /opt/devkitpro/devkitARM/lib/gcc/arm-none-eabi/7.1.0/../../../../arm-none-eabi/lib/armv6k/fpu/libg.a(lib_a-strtoull.o)
                0x0000000000129690                _strtoull_r
 .text._strtoul_l.isra.0
                0x00000000001296e0      0x1d0 /opt/devkitpro/devkitARM/lib/gcc/arm-none-eabi/7.1.0/../../../../arm-none-eabi/lib/armv6k/fpu/libg.a(lib_a-strtoul.o)
 .text._strtoul_r
                0x00000000001298b0       0x50 /opt/devkitpro/devkitARM/lib/gcc/arm-none-eabi/7.1.0/../../../../arm-none-eabi/lib/armv6k/fpu/libg.a(lib_a-strtoul.o)
                0x00000000001298b0                _strtoul_r
 .text.__ssprint_r
                0x0000000000129900      0x188 /opt/devkitpro/devkitARM/lib/gcc/arm-none-eabi/7.1.0/../../../../arm-none-eabi/lib/armv6k/fpu/libg.a(lib_a-svfiprintf.o)
                0x0000000000129900                __ssprint_r
 .text._sungetc_r
                0x0000000000129a88       0xdc /opt/devkitpro/devkitARM/lib/gcc/arm-none-eabi/7.1.0/../../../../arm-none-eabi/lib/armv6k/fpu/libg.a(lib_a-svfiscanf.o)
                0x0000000000129a88                _sungetc_r
 .text.__ssrefill_r
                0x0000000000129b64       0x6c /opt/devkitpro/devkitARM/lib/gcc/arm-none-eabi/7.1.0/../../../../arm-none-eabi/lib/armv6k/fpu/libg.a(lib_a-svfiscanf.o)
                0x0000000000129b64                __ssrefill_r
 .text._sfread_r
                0x0000000000129bd0       0xc8 /opt/devkitpro/devkitARM/lib/gcc/arm-none-eabi/7.1.0/../../../../arm-none-eabi/lib/armv6k/fpu/libg.a(lib_a-svfiscanf.o)
                0x0000000000129bd0                _sfread_r
 .text.get_arg  0x0000000000129c98     0x74a0 /opt/devkitpro/devkitARM/lib/gcc/arm-none-eabi/7.1.0/../../../../arm-none-eabi/lib/armv6k/fpu/libg.a(lib_a-svfprintf.o)
 .text._svfprintf_r
                0x0000000000131138     0x3e2c /opt/devkitpro/devkitARM/lib/gcc/arm-none-eabi/7.1.0/../../../../arm-none-eabi/lib/armv6k/fpu/libg.a(lib_a-svfprintf.o)
                0x0000000000131138                _svfprintf_r
 .text.__submore
                0x0000000000134f64       0xa4 /opt/devkitpro/devkitARM/lib/gcc/arm-none-eabi/7.1.0/../../../../arm-none-eabi/lib/armv6k/fpu/libg.a(lib_a-ungetc.o)
                0x0000000000134f64                __submore
 .text._wcsnrtombs_l
                0x0000000000135008      0x170 /opt/devkitpro/devkitARM/lib/gcc/arm-none-eabi/7.1.0/../../../../arm-none-eabi/lib/armv6k/fpu/libg.a(lib_a-wcsnrtombs.o)
                0x0000000000135008                _wcsnrtombs_l
 .text._wcsnrtombs_r
                0x0000000000135178       0x64 /opt/devkitpro/devkitARM/lib/gcc/arm-none-eabi/7.1.0/../../../../arm-none-eabi/lib/armv6k/fpu/libg.a(lib_a-wcsnrtombs.o)
                0x0000000000135178                _wcsnrtombs_r
 .text.__utf8_wctomb
                0x00000000001351dc       0xe8 /opt/devkitpro/devkitARM/lib/gcc/arm-none-eabi/7.1.0/../../../../arm-none-eabi/lib/armv6k/fpu/libg.a(lib_a-wctomb_r.o)
                0x00000000001351dc                __utf8_wctomb
 .text._calloc_r
                0x00000000001352c4       0x90 /opt/devkitpro/devkitARM/lib/gcc/arm-none-eabi/7.1.0/../../../../arm-none-eabi/lib/armv6k/fpu/libg.a(lib_a-callocr.o)
                0x00000000001352c4                _calloc_r
 .text._fclose_r
                0x0000000000135354      0x164 /opt/devkitpro/devkitARM/lib/gcc/arm-none-eabi/7.1.0/../../../../arm-none-eabi/lib/armv6k/fpu/libg.a(lib_a-fclose.o)
                0x0000000000135354                _fclose_r
 .text.rshift   0x00000000001354b8      0x104 /opt/devkitpro/devkitARM/lib/gcc/arm-none-eabi/7.1.0/../../../../arm-none-eabi/lib/armv6k/fpu/libg.a(lib_a-gdtoa-gethex.o)
 .text.__gethex
                0x00000000001355bc      0x7f8 /opt/devkitpro/devkitARM/lib/gcc/arm-none-eabi/7.1.0/../../../../arm-none-eabi/lib/armv6k/fpu/libg.a(lib_a-gdtoa-gethex.o)
                0x00000000001355bc                __gethex
 .text.__match  0x0000000000135db4       0x60 /opt/devkitpro/devkitARM/lib/gcc/arm-none-eabi/7.1.0/../../../../arm-none-eabi/lib/armv6k/fpu/libg.a(lib_a-gdtoa-hexnan.o)
                0x0000000000135db4                __match
 .text.__hexnan
                0x0000000000135e14      0x254 /opt/devkitpro/devkitARM/lib/gcc/arm-none-eabi/7.1.0/../../../../arm-none-eabi/lib/armv6k/fpu/libg.a(lib_a-gdtoa-hexnan.o)
                0x0000000000135e14                __hexnan
 .text.null_write
                0x0000000000136068        0x8 /opt/devkitpro/devkitARM/lib/gcc/arm-none-eabi/7.1.0/../../../../arm-none-eabi/lib/armv6k/fpu/libsysbase.a(iosupport.o)
 .text.setDefaultDevice
                0x0000000000136070       0x18 /opt/devkitpro/devkitARM/lib/gcc/arm-none-eabi/7.1.0/../../../../arm-none-eabi/lib/armv6k/fpu/libsysbase.a(iosupport.o)
                0x0000000000136070                setDefaultDevice
 .text.FindDevice
                0x0000000000136088       0xcc /opt/devkitpro/devkitARM/lib/gcc/arm-none-eabi/7.1.0/../../../../arm-none-eabi/lib/armv6k/fpu/libsysbase.a(iosupport.o)
                0x0000000000136088                FindDevice
 .text.RemoveDevice
                0x0000000000136154       0x28 /opt/devkitpro/devkitARM/lib/gcc/arm-none-eabi/7.1.0/../../../../arm-none-eabi/lib/armv6k/fpu/libsysbase.a(iosupport.o)
                0x0000000000136154                RemoveDevice
 .text.AddDevice
                0x000000000013617c       0x98 /opt/devkitpro/devkitARM/lib/gcc/arm-none-eabi/7.1.0/../../../../arm-none-eabi/lib/armv6k/fpu/libsysbase.a(iosupport.o)
                0x000000000013617c                AddDevice
 .text._close_r
                0x0000000000136214       0x84 /opt/devkitpro/devkitARM/lib/gcc/arm-none-eabi/7.1.0/../../../../arm-none-eabi/lib/armv6k/fpu/libsysbase.a(close.o)
                0x0000000000136214                _close_r
 .text._fstat_r
                0x0000000000136298       0x74 /opt/devkitpro/devkitARM/lib/gcc/arm-none-eabi/7.1.0/../../../../arm-none-eabi/lib/armv6k/fpu/libsysbase.a(fstat.o)
                0x0000000000136298                _fstat_r
 .text._isatty_r
                0x000000000013630c        0x8 /opt/devkitpro/devkitARM/lib/gcc/arm-none-eabi/7.1.0/../../../../arm-none-eabi/lib/armv6k/fpu/libsysbase.a(isatty.o)
                0x000000000013630c                _isatty_r
 .text._lseek_r
                0x0000000000136314       0x84 /opt/devkitpro/devkitARM/lib/gcc/arm-none-eabi/7.1.0/../../../../arm-none-eabi/lib/armv6k/fpu/libsysbase.a(lseek.o)
                0x0000000000136314                _lseek_r
 .text._read_r  0x0000000000136398       0x80 /opt/devkitpro/devkitARM/lib/gcc/arm-none-eabi/7.1.0/../../../../arm-none-eabi/lib/armv6k/fpu/libsysbase.a(read.o)
                0x0000000000136398                _read_r
 .text._sbrk_r  0x0000000000136418       0x70 /opt/devkitpro/devkitARM/lib/gcc/arm-none-eabi/7.1.0/../../../../arm-none-eabi/lib/armv6k/fpu/libsysbase.a(sbrk.o)
                0x0000000000136418                _sbrk_r
 .text._write_r
                0x0000000000136488       0x80 /opt/devkitpro/devkitARM/lib/gcc/arm-none-eabi/7.1.0/../../../../arm-none-eabi/lib/armv6k/fpu/libsysbase.a(write.o)
                0x0000000000136488                _write_r
 .text._concatenate_path
                0x0000000000136508      0x1cc /opt/devkitpro/devkitARM/lib/gcc/arm-none-eabi/7.1.0/../../../../arm-none-eabi/lib/armv6k/fpu/libsysbase.a(chdir.o)
                0x0000000000136508                _concatenate_path
 .text.chdir    0x00000000001366d4      0x15c /opt/devkitpro/devkitARM/lib/gcc/arm-none-eabi/7.1.0/../../../../arm-none-eabi/lib/armv6k/fpu/libsysbase.a(chdir.o)
                0x00000000001366d4                chdir
 .text.__flockfile
                0x0000000000136830        0x8 /opt/devkitpro/devkitARM/lib/gcc/arm-none-eabi/7.1.0/../../../../arm-none-eabi/lib/armv6k/fpu/libsysbase.a(flock.o)
                0x0000000000136830                __flockfile
 .text.__funlockfile
                0x0000000000136838        0x8 /opt/devkitpro/devkitARM/lib/gcc/arm-none-eabi/7.1.0/../../../../arm-none-eabi/lib/armv6k/fpu/libsysbase.a(flock.o)
                0x0000000000136838                __funlockfile
 .text.__libc_lock_acquire
                0x0000000000136840       0x18 /opt/devkitpro/devkitARM/lib/gcc/arm-none-eabi/7.1.0/../../../../arm-none-eabi/lib/armv6k/fpu/libsysbase.a(syscall_support.o)
                0x0000000000136840                __libc_lock_acquire
 .text.__libc_lock_release
                0x0000000000136858       0x18 /opt/devkitpro/devkitARM/lib/gcc/arm-none-eabi/7.1.0/../../../../arm-none-eabi/lib/armv6k/fpu/libsysbase.a(syscall_support.o)
                0x0000000000136858                __libc_lock_release
 .text.__libc_lock_init_recursive
                0x0000000000136870       0x18 /opt/devkitpro/devkitARM/lib/gcc/arm-none-eabi/7.1.0/../../../../arm-none-eabi/lib/armv6k/fpu/libsysbase.a(syscall_support.o)
                0x0000000000136870                __libc_lock_init_recursive
 .text.__libc_lock_acquire_recursive
                0x0000000000136888       0x18 /opt/devkitpro/devkitARM/lib/gcc/arm-none-eabi/7.1.0/../../../../arm-none-eabi/lib/armv6k/fpu/libsysbase.a(syscall_support.o)
                0x0000000000136888                __libc_lock_acquire_recursive
 .text.__libc_lock_release_recursive
                0x00000000001368a0       0x18 /opt/devkitpro/devkitARM/lib/gcc/arm-none-eabi/7.1.0/../../../../arm-none-eabi/lib/armv6k/fpu/libsysbase.a(syscall_support.o)
                0x00000000001368a0                __libc_lock_release_recursive
 .text.__libc_lock_close_recursive
                0x00000000001368b8       0x18 /opt/devkitpro/devkitARM/lib/gcc/arm-none-eabi/7.1.0/../../../../arm-none-eabi/lib/armv6k/fpu/libsysbase.a(syscall_support.o)
                0x00000000001368b8                __libc_lock_close_recursive
 .text.__release_handle
                0x00000000001368d0       0x8c /opt/devkitpro/devkitARM/lib/gcc/arm-none-eabi/7.1.0/../../../../arm-none-eabi/lib/armv6k/fpu/libsysbase.a(handle_manager.o)
                0x00000000001368d0                __release_handle
 .text.__get_handle
                0x000000000013695c       0x18 /opt/devkitpro/devkitARM/lib/gcc/arm-none-eabi/7.1.0/../../../../arm-none-eabi/lib/armv6k/fpu/libsysbase.a(handle_manager.o)
                0x000000000013695c                __get_handle
 .text.__getreent
                0x0000000000136974       0x28 /opt/devkitpro/devkitARM/lib/gcc/arm-none-eabi/7.1.0/../../../../arm-none-eabi/lib/armv6k/fpu/libsysbase.a(getreent.o)
                0x0000000000136974                __getreent
 .text.strrchr  0x000000000013699c       0x44 /opt/devkitpro/devkitARM/lib/gcc/arm-none-eabi/7.1.0/../../../../arm-none-eabi/lib/armv6k/fpu/libg.a(lib_a-strrchr.o)
                0x000000000013699c                strrchr
 *(.glue_7)
 .glue_7        0x00000000001369e0        0x0 linker stubs
 *(.glue_7t)
 .glue_7t       0x00000000001369e0        0x0 linker stubs
 *(.stub)
 *(.gnu.warning)
 *(.gnu.linkonce.t*)
                0x00000000001369e0                . = ALIGN (0x4)
 *(.fini)
 .fini          0x00000000001369e0        0xc /opt/devkitpro/devkitARM/lib/gcc/arm-none-eabi/7.1.0/armv6k/fpu/crti.o
                0x00000000001369e0                _fini
 .fini          0x00000000001369ec        0xc /opt/devkitpro/devkitARM/lib/gcc/arm-none-eabi/7.1.0/armv6k/fpu/crtn.o
                0x00000000001369f8                . = ALIGN (0x4)

.vfp11_veneer   0x00000000001369f8        0x0
 .vfp11_veneer  0x00000000001369f8        0x0 linker stubs

.v4_bx          0x00000000001369f8        0x0
 .v4_bx         0x00000000001369f8        0x0 linker stubs

.iplt           0x00000000001369f8        0x0
 .iplt          0x00000000001369f8        0x0 /opt/devkitpro/devkitARM/lib/gcc/arm-none-eabi/7.1.0/../../../../arm-none-eabi/lib/armv6k/fpu/3dsx_crt0.o
                0x0000000000137000                . = ALIGN (0x1000)

.rodata         0x0000000000137000     0x4878
 *(.rodata)
 .rodata        0x0000000000137000      0x804 /opt/devkitpro/libctru/lib/libctru.a(default_font.bin.o)
                0x0000000000137000                default_font_bin
                0x0000000000137800                default_font_bin_end
                0x0000000000137800                default_font_bin_size
 .rodata        0x0000000000137804        0xc /opt/devkitpro/libctru/lib/libctru.a(sdmc_dev.o)
 *(.roda)
 *(.rodata.*)
 .rodata.str1.4
                0x0000000000137810      0x101 main.o
 *fill*         0x0000000000137911        0x3 
 .rodata.str1.4
                0x0000000000137914        0x9 /opt/devkitpro/libctru/lib/libctr-led-brary.a(ctr-led-brary.o)
 *fill*         0x000000000013791d        0x3 
 .rodata.CSWTCH.28
                0x0000000000137920       0x14 /opt/devkitpro/libctru/lib/libctru.a(gfx.o)
 .rodata.framebufferInfoSt
                0x0000000000137934        0x8 /opt/devkitpro/libctru/lib/libctru.a(gfx.o)
 .rodata.srvInit.str1.4
                0x000000000013793c        0x5 /opt/devkitpro/libctru/lib/libctru.a(srv.o)
 *fill*         0x0000000000137941        0x3 
 .rodata.colorTable
                0x0000000000137944       0x30 /opt/devkitpro/libctru/lib/libctru.a(console.o)
 .rodata.con_write.str1.4
                0x0000000000137974       0x52 /opt/devkitpro/libctru/lib/libctru.a(console.o)
 *fill*         0x00000000001379c6        0x2 
 .rodata.consoleClear.str1.4
                0x00000000001379c8        0x5 /opt/devkitpro/libctru/lib/libctru.a(console.o)
 *fill*         0x00000000001379cd        0x3 
 .rodata.dotab_stdout
                0x00000000001379d0       0x68 /opt/devkitpro/libctru/lib/libctru.a(console.o)
 .rodata.str1.4
                0x0000000000137a38       0x10 /opt/devkitpro/libctru/lib/libctru.a(console.o)
 .rodata.hidInit.str1.4
                0x0000000000137a48       0x15 /opt/devkitpro/libctru/lib/libctru.a(hid.o)
 *fill*         0x0000000000137a5d        0x3 
 .rodata.aptSendCommand.str1.4
                0x0000000000137a60        0x6 /opt/devkitpro/libctru/lib/libctru.a(apt.o)
 *fill*         0x0000000000137a66        0x2 
 .rodata.serviceNameTable.7545
                0x0000000000137a68        0xc /opt/devkitpro/libctru/lib/libctru.a(apt.o)
 .rodata.str1.4
                0x0000000000137a74        0xe /opt/devkitpro/libctru/lib/libctru.a(apt.o)
 *fill*         0x0000000000137a82        0x2 
 .rodata.gspInit.str1.4
                0x0000000000137a84        0x9 /opt/devkitpro/libctru/lib/libctru.a(gspgpu.o)
 *fill*         0x0000000000137a8d        0x3 
 .rodata.irrstInit.str1.4
                0x0000000000137a90        0x7 /opt/devkitpro/libctru/lib/libctru.a(irrst.o)
 .rodata.ptmSysmInit.str1.4
                0x0000000000137a97        0x9 /opt/devkitpro/libctru/lib/libctru.a(ptmsysm.o)
 *fill*         0x0000000000137a97        0x1 
 .rodata.error_table
                0x0000000000137a98       0x30 /opt/devkitpro/libctru/lib/libctru.a(sdmc_dev.o)
 .rodata.sdmcExit.str1.4
                0x0000000000137ac8        0x6 /opt/devkitpro/libctru/lib/libctru.a(sdmc_dev.o)
 *fill*         0x0000000000137ace        0x2 
 .rodata.str1.4
                0x0000000000137ad0        0x5 /opt/devkitpro/libctru/lib/libctru.a(sdmc_dev.o)
                                          0x9 (size before relaxing)
 *fill*         0x0000000000137ad5        0x3 
 .rodata.fsInit.str1.4
                0x0000000000137ad8        0x8 /opt/devkitpro/libctru/lib/libctru.a(fs.o)
 .rodata.npio2_hw
                0x0000000000137ae0       0x80 /opt/devkitpro/devkitARM/lib/gcc/arm-none-eabi/7.1.0/../../../../arm-none-eabi/lib/armv6k/fpu/libm.a(lib_a-e_rem_pio2.o)
 .rodata.two_over_pi
                0x0000000000137b60      0x108 /opt/devkitpro/devkitARM/lib/gcc/arm-none-eabi/7.1.0/../../../../arm-none-eabi/lib/armv6k/fpu/libm.a(lib_a-e_rem_pio2.o)
 .rodata.PIo2   0x0000000000137c68       0x40 /opt/devkitpro/devkitARM/lib/gcc/arm-none-eabi/7.1.0/../../../../arm-none-eabi/lib/armv6k/fpu/libm.a(lib_a-k_rem_pio2.o)
 .rodata.init_jk
                0x0000000000137ca8       0x10 /opt/devkitpro/devkitARM/lib/gcc/arm-none-eabi/7.1.0/../../../../arm-none-eabi/lib/armv6k/fpu/libm.a(lib_a-k_rem_pio2.o)
 .rodata.__ssvfscanf_r.str1.4
                0x0000000000137cb8        0x5 /opt/devkitpro/devkitARM/lib/gcc/arm-none-eabi/7.1.0/../../../../arm-none-eabi/lib/armv6k/fpu/libg.a(lib_a-svfscanf.o)
 *fill*         0x0000000000137cbd        0x3 
 .rodata.basefix.8603
                0x0000000000137cc0       0x22 /opt/devkitpro/devkitARM/lib/gcc/arm-none-eabi/7.1.0/../../../../arm-none-eabi/lib/armv6k/fpu/libg.a(lib_a-svfscanf.o)
 *fill*         0x0000000000137ce2        0x2 
 .rodata._vfiprintf_r.str1.4
                0x0000000000137ce4       0x2f /opt/devkitpro/devkitARM/lib/gcc/arm-none-eabi/7.1.0/../../../../arm-none-eabi/lib/armv6k/fpu/libg.a(lib_a-vfiprintf.o)
 *fill*         0x0000000000137d13        0x1 
 .rodata.blanks.8545
                0x0000000000137d14       0x10 /opt/devkitpro/devkitARM/lib/gcc/arm-none-eabi/7.1.0/../../../../arm-none-eabi/lib/armv6k/fpu/libg.a(lib_a-vfiprintf.o)
 .rodata.zeroes.8546
                0x0000000000137d24       0x10 /opt/devkitpro/devkitARM/lib/gcc/arm-none-eabi/7.1.0/../../../../arm-none-eabi/lib/armv6k/fpu/libg.a(lib_a-vfiprintf.o)
 .rodata._vfprintf_r.str1.4
                0x0000000000137d34       0x12 /opt/devkitpro/devkitARM/lib/gcc/arm-none-eabi/7.1.0/../../../../arm-none-eabi/lib/armv6k/fpu/libg.a(lib_a-vfprintf.o)
                                         0x42 (size before relaxing)
 *fill*         0x0000000000137d46        0x2 
 .rodata.blanks.8577
                0x0000000000137d48       0x10 /opt/devkitpro/devkitARM/lib/gcc/arm-none-eabi/7.1.0/../../../../arm-none-eabi/lib/armv6k/fpu/libg.a(lib_a-vfprintf.o)
 .rodata.zeroes.8578
                0x0000000000137d58       0x10 /opt/devkitpro/devkitARM/lib/gcc/arm-none-eabi/7.1.0/../../../../arm-none-eabi/lib/armv6k/fpu/libg.a(lib_a-vfprintf.o)
 .rodata._dtoa_r.str1.4
                0x0000000000137d68       0x10 /opt/devkitpro/devkitARM/lib/gcc/arm-none-eabi/7.1.0/../../../../arm-none-eabi/lib/armv6k/fpu/libg.a(lib_a-dtoa.o)
                                         0x12 (size before relaxing)
 .rodata._jp2uc.str1.4
                0x0000000000137d78       0x12 /opt/devkitpro/devkitARM/lib/gcc/arm-none-eabi/7.1.0/../../../../arm-none-eabi/lib/armv6k/fpu/libg.a(lib_a-jp2uc.o)
 *fill*         0x0000000000137d8a        0x2 
 .rodata.a1     0x0000000000137d8c       0xbc /opt/devkitpro/devkitARM/lib/gcc/arm-none-eabi/7.1.0/../../../../arm-none-eabi/lib/armv6k/fpu/libg.a(lib_a-jp2uc.o)
 .rodata.a2     0x0000000000137e48       0xbc /opt/devkitpro/devkitARM/lib/gcc/arm-none-eabi/7.1.0/../../../../arm-none-eabi/lib/armv6k/fpu/libg.a(lib_a-jp2uc.o)
 .rodata.a3     0x0000000000137f04       0x5b /opt/devkitpro/devkitARM/lib/gcc/arm-none-eabi/7.1.0/../../../../arm-none-eabi/lib/armv6k/fpu/libg.a(lib_a-jp2uc.o)
 *fill*         0x0000000000137f5f        0x1 
 .rodata.a6     0x0000000000137f60       0x70 /opt/devkitpro/devkitARM/lib/gcc/arm-none-eabi/7.1.0/../../../../arm-none-eabi/lib/armv6k/fpu/libg.a(lib_a-jp2uc.o)
 .rodata.a7     0x0000000000137fd0       0xa2 /opt/devkitpro/devkitARM/lib/gcc/arm-none-eabi/7.1.0/../../../../arm-none-eabi/lib/armv6k/fpu/libg.a(lib_a-jp2uc.o)
 *fill*         0x0000000000138072        0x2 
 .rodata.a8     0x0000000000138074       0x40 /opt/devkitpro/devkitARM/lib/gcc/arm-none-eabi/7.1.0/../../../../arm-none-eabi/lib/armv6k/fpu/libg.a(lib_a-jp2uc.o)
 .rodata.b02cf  0x00000000001380b4     0x172a /opt/devkitpro/devkitARM/lib/gcc/arm-none-eabi/7.1.0/../../../../arm-none-eabi/lib/armv6k/fpu/libg.a(lib_a-jp2uc.o)
 *fill*         0x00000000001397de        0x2 
 .rodata.d02f4  0x00000000001397e0     0x1a7c /opt/devkitpro/devkitARM/lib/gcc/arm-none-eabi/7.1.0/../../../../arm-none-eabi/lib/armv6k/fpu/libg.a(lib_a-jp2uc.o)
 .rodata.str1.4
                0x000000000013b25c       0x48 /opt/devkitpro/devkitARM/lib/gcc/arm-none-eabi/7.1.0/../../../../arm-none-eabi/lib/armv6k/fpu/libg.a(lib_a-locale.o)
                                         0x4c (size before relaxing)
 .rodata._mbrtowc_r.str1.4
                0x000000000013b2a4        0x1 /opt/devkitpro/devkitARM/lib/gcc/arm-none-eabi/7.1.0/../../../../arm-none-eabi/lib/armv6k/fpu/libg.a(lib_a-mbrtowc.o)
 *fill*         0x000000000013b2a4        0x4 
 .rodata.__mprec_bigtens
                0x000000000013b2a8       0x28 /opt/devkitpro/devkitARM/lib/gcc/arm-none-eabi/7.1.0/../../../../arm-none-eabi/lib/armv6k/fpu/libg.a(lib_a-mprec.o)
                0x000000000013b2a8                __mprec_bigtens
 .rodata.__mprec_tens
                0x000000000013b2d0       0xc8 /opt/devkitpro/devkitARM/lib/gcc/arm-none-eabi/7.1.0/../../../../arm-none-eabi/lib/armv6k/fpu/libg.a(lib_a-mprec.o)
                0x000000000013b2d0                __mprec_tens
 .rodata.p05.7353
                0x000000000013b398        0xc /opt/devkitpro/devkitARM/lib/gcc/arm-none-eabi/7.1.0/../../../../arm-none-eabi/lib/armv6k/fpu/libg.a(lib_a-mprec.o)
 .rodata._strtod_l.str1.4
                0x000000000013b3a4        0xf /opt/devkitpro/devkitARM/lib/gcc/arm-none-eabi/7.1.0/../../../../arm-none-eabi/lib/armv6k/fpu/libg.a(lib_a-strtod.o)
 *fill*         0x000000000013b3b3        0x1 
 .rodata.fpi.7439
                0x000000000013b3b4       0x14 /opt/devkitpro/devkitARM/lib/gcc/arm-none-eabi/7.1.0/../../../../arm-none-eabi/lib/armv6k/fpu/libg.a(lib_a-strtod.o)
 .rodata.fpinan.7475
                0x000000000013b3c8       0x14 /opt/devkitpro/devkitARM/lib/gcc/arm-none-eabi/7.1.0/../../../../arm-none-eabi/lib/armv6k/fpu/libg.a(lib_a-strtod.o)
 *fill*         0x000000000013b3dc        0x4 
 .rodata.tinytens
                0x000000000013b3e0       0x28 /opt/devkitpro/devkitARM/lib/gcc/arm-none-eabi/7.1.0/../../../../arm-none-eabi/lib/armv6k/fpu/libg.a(lib_a-strtod.o)
 .rodata.__action_table
                0x000000000013b408       0x6c /opt/devkitpro/devkitARM/lib/gcc/arm-none-eabi/7.1.0/../../../../arm-none-eabi/lib/armv6k/fpu/libg.a(lib_a-svfiprintf.o)
                0x000000000013b408                __action_table
 .rodata.__chclass
                0x000000000013b474      0x100 /opt/devkitpro/devkitARM/lib/gcc/arm-none-eabi/7.1.0/../../../../arm-none-eabi/lib/armv6k/fpu/libg.a(lib_a-svfiprintf.o)
                0x000000000013b474                __chclass
 .rodata.__state_table
                0x000000000013b574       0x6c /opt/devkitpro/devkitARM/lib/gcc/arm-none-eabi/7.1.0/../../../../arm-none-eabi/lib/armv6k/fpu/libg.a(lib_a-svfiprintf.o)
                0x000000000013b574                __state_table
 .rodata._svfprintf_r.str1.4
                0x000000000013b5e0       0x42 /opt/devkitpro/devkitARM/lib/gcc/arm-none-eabi/7.1.0/../../../../arm-none-eabi/lib/armv6k/fpu/libg.a(lib_a-svfprintf.o)
 .rodata.blanks.8562
                0x000000000013b5e0       0x10 /opt/devkitpro/devkitARM/lib/gcc/arm-none-eabi/7.1.0/../../../../arm-none-eabi/lib/armv6k/fpu/libg.a(lib_a-svfprintf.o)
 .rodata.zeroes.8563
                0x000000000013b5f0       0x10 /opt/devkitpro/devkitARM/lib/gcc/arm-none-eabi/7.1.0/../../../../arm-none-eabi/lib/armv6k/fpu/libg.a(lib_a-svfprintf.o)
 .rodata._ctype_
                0x000000000013b600      0x101 /opt/devkitpro/devkitARM/lib/gcc/arm-none-eabi/7.1.0/../../../../arm-none-eabi/lib/armv6k/fpu/libg.a(lib_a-ctype_.o)
                0x000000000013b600                _ctype_
 *fill*         0x000000000013b701        0x3 
 .rodata.__hexdig
                0x000000000013b704      0x100 /opt/devkitpro/devkitARM/lib/gcc/arm-none-eabi/7.1.0/../../../../arm-none-eabi/lib/armv6k/fpu/libg.a(lib_a-gdtoa-gethex.o)
                0x000000000013b704                __hexdig
 .rodata.AddDevice.str1.4
                0x000000000013b804        0x8 /opt/devkitpro/devkitARM/lib/gcc/arm-none-eabi/7.1.0/../../../../arm-none-eabi/lib/armv6k/fpu/libsysbase.a(iosupport.o)
 .rodata.dotab_stdnull
                0x000000000013b80c       0x68 /opt/devkitpro/devkitARM/lib/gcc/arm-none-eabi/7.1.0/../../../../arm-none-eabi/lib/armv6k/fpu/libsysbase.a(iosupport.o)
                0x000000000013b80c                dotab_stdnull
 .rodata.DIRECTORY_PARENT
                0x000000000013b874        0x3 /opt/devkitpro/devkitARM/lib/gcc/arm-none-eabi/7.1.0/../../../../arm-none-eabi/lib/armv6k/fpu/libsysbase.a(chdir.o)
                0x000000000013b874                DIRECTORY_PARENT
 *all.rodata*(*)
 *(.gnu.linkonce.r*)
                0x000000000013b878                . = ALIGN (0x4)
 *fill*         0x000000000013b877        0x1 

.eh_frame       0x000000000013b878        0x0
 .eh_frame      0x000000000013b878        0x0 /opt/devkitpro/devkitARM/lib/gcc/arm-none-eabi/7.1.0/armv6k/fpu/crtbegin.o

.rel.dyn        0x000000000013b878        0x0
 .rel.iplt      0x000000000013b878        0x0 /opt/devkitpro/devkitARM/lib/gcc/arm-none-eabi/7.1.0/../../../../arm-none-eabi/lib/armv6k/fpu/3dsx_crt0.o

.ARM.extab
 *(.ARM.extab* .gnu.linkonce.armextab.*)
                0x000000000013b878                __exidx_start = .

ARM.exidx
 *(.ARM.exidx* .gnu.linkonce.armexidx.*)
                0x000000000013b878                __exidx_end = .
                0x000000000013c000                . = ALIGN (0x1000)

.data           0x000000000013c000     0x2f54
 *(.data)
 .data          0x000000000013c000        0x4 /opt/devkitpro/libctru/lib/libctru.a(stack_adjust.o)
                0x000000000013c000                __stacksize__
 *(.data.*)
 .data.botFormat
                0x000000000013c004        0x1 /opt/devkitpro/libctru/lib/libctru.a(gfx.o)
 *fill*         0x000000000013c005        0x3 
 .data.doubleBuf
                0x000000000013c008        0x8 /opt/devkitpro/libctru/lib/libctru.a(gfx.o)
 .data.topFormat
                0x000000000013c010        0x1 /opt/devkitpro/libctru/lib/libctru.a(gfx.o)
 *fill*         0x000000000013c011        0x3 
 .data.currentConsole
                0x000000000013c014        0x4 /opt/devkitpro/libctru/lib/libctru.a(console.o)
                0x000000000013c014                currentConsole
 .data.defaultConsole
                0x000000000013c018       0x4c /opt/devkitpro/libctru/lib/libctru.a(console.o)
                0x000000000013c018                defaultConsole
 .data.firstConsoleInit.7792
                0x000000000013c064        0x1 /opt/devkitpro/libctru/lib/libctru.a(console.o)
 *fill*         0x000000000013c065        0x3 
 .data.aptFlags
                0x000000000013c068        0x4 /opt/devkitpro/libctru/lib/libctru.a(apt.o)
 .data.gspLastEvent
                0x000000000013c06c        0x4 /opt/devkitpro/libctru/lib/libctru.a(gspgpu.o)
 .data.__ctru_linear_heap_size
                0x000000000013c070        0x4 /opt/devkitpro/libctru/lib/libctru.a(allocateHeaps.o)
                0x000000000013c070                __ctru_linear_heap_size
 .data.__cwd    0x000000000013c074      0x401 /opt/devkitpro/libctru/lib/libctru.a(sdmc_dev.o)
 *fill*         0x000000000013c475        0x3 
 .data.sdmc_devoptab
                0x000000000013c478       0x68 /opt/devkitpro/libctru/lib/libctru.a(sdmc_dev.o)
 .data._impure_ptr
                0x000000000013c4e0        0x4 /opt/devkitpro/devkitARM/lib/gcc/arm-none-eabi/7.1.0/../../../../arm-none-eabi/lib/armv6k/fpu/libg.a(lib_a-impure.o)
                0x000000000013c4e0                _impure_ptr
 *fill*         0x000000000013c4e4        0x4 
 .data.impure_data
                0x000000000013c4e8      0x460 /opt/devkitpro/devkitARM/lib/gcc/arm-none-eabi/7.1.0/../../../../arm-none-eabi/lib/armv6k/fpu/libg.a(lib_a-impure.o)
 .data.__malloc_av_
                0x000000000013c948      0x408 /opt/devkitpro/devkitARM/lib/gcc/arm-none-eabi/7.1.0/../../../../arm-none-eabi/lib/armv6k/fpu/libg.a(lib_a-mallocr.o)
                0x000000000013c948                __malloc_av_
 .data.__malloc_sbrk_base
                0x000000000013cd50        0x4 /opt/devkitpro/devkitARM/lib/gcc/arm-none-eabi/7.1.0/../../../../arm-none-eabi/lib/armv6k/fpu/libg.a(lib_a-mallocr.o)
                0x000000000013cd50                __malloc_sbrk_base
 .data.__malloc_trim_threshold