Archive member included to satisfy reference by file (symbol)

c:/devkitPro/libctru/lib\libctru.a(gfx.o)
                              main.o (gfxInitDefault)
c:/devkitPro/libctru/lib\libctru.a(srv.o)
                              ctr-led-brary.o (srvExit)
c:/devkitPro/libctru/lib\libctru.a(console.o)
                              main.o (consoleInit)
c:/devkitPro/libctru/lib\libctru.a(env.o)
                              c:/devkitPro/libctru/lib\libctru.a(srv.o) (envGetHandle)
c:/devkitPro/libctru/lib\libctru.a(gx.o)
                              c:/devkitPro/libctru/lib\libctru.a(gfx.o) (gxCmdBuf)
c:/devkitPro/libctru/lib\libctru.a(hid.o)
                              main.o (hidScanInput)
c:/devkitPro/libctru/lib\libctru.a(apt.o)
                              main.o (aptMainLoop)
c:/devkitPro/libctru/lib\libctru.a(gspgpu.o)
                              c:/devkitPro/libctru/lib\libctru.a(gfx.o) (gspInit)
c:/devkitPro/libctru/lib\libctru.a(irrst.o)
                              c:/devkitPro/libctru/lib\libctru.a(hid.o) (irrstScanInput)
c:/devkitPro/libctru/lib\libctru.a(initArgv.o)
                              c:/devkitpro/devkitarm/bin/../lib/gcc/arm-none-eabi/6.3.0/../../../../arm-none-eabi/lib/armv6k/fpu/3dsx_crt0.o (__system_argc)
c:/devkitPro/libctru/lib\libctru.a(initSystem.o)
                              c:/devkitPro/libctru/lib\libctru.a(apt.o) (__system_retAddr)
c:/devkitPro/libctru/lib\libctru.a(svc.o)
                              c:/devkitPro/libctru/lib\libctru.a(apt.o) (svcExitProcess)
c:/devkitPro/libctru/lib\libctru.a(stack_adjust.o)
                              c:/devkitpro/devkitarm/bin/../lib/gcc/arm-none-eabi/6.3.0/../../../../arm-none-eabi/lib/armv6k/fpu/3dsx_crt0.o (initSystem)
c:/devkitPro/libctru/lib\libctru.a(default_font.bin.o)
                              c:/devkitPro/libctru/lib\libctru.a(console.o) (default_font_bin)
c:/devkitPro/libctru/lib\libctru.a(linear.o)
                              c:/devkitPro/libctru/lib\libctru.a(gfx.o) (linearAlloc)
c:/devkitPro/libctru/lib\libctru.a(mappable.o)
                              c:/devkitPro/libctru/lib\libctru.a(gfx.o) (mappableAlloc)
c:/devkitPro/libctru/lib\libctru.a(vram.o)
                              c:/devkitPro/libctru/lib\libctru.a(gfx.o) (vramAlloc)
c:/devkitPro/libctru/lib\libctru.a(thread.o)
                              c:/devkitPro/libctru/lib\libctru.a(apt.o) (threadCreate)
c:/devkitPro/libctru/lib\libctru.a(os.o)
                              c:/devkitPro/libctru/lib\libctru.a(apt.o) (__ctru_speedup_config)
c:/devkitPro/libctru/lib\libctru.a(synchronization.o)
                              c:/devkitPro/libctru/lib\libctru.a(initSystem.o) (__sync_init)
c:/devkitPro/libctru/lib\libctru.a(ptmsysm.o)
                              c:/devkitPro/libctru/lib\libctru.a(os.o) (ptmSysmInit)
c:/devkitPro/libctru/lib\libctru.a(rbtree_find.o)
                              c:/devkitPro/libctru/lib\libctru.a(linear.o) (rbtree_find)
c:/devkitPro/libctru/lib\libctru.a(rbtree_remove.o)
                              c:/devkitPro/libctru/lib\libctru.a(linear.o) (rbtree_remove)
c:/devkitPro/libctru/lib\libctru.a(rbtree_iterator.o)
                              c:/devkitPro/libctru/lib\libctru.a(rbtree_remove.o) (rbtree_node_next)
c:/devkitPro/libctru/lib\libctru.a(rbtree_rotate.o)
                              c:/devkitPro/libctru/lib\libctru.a(rbtree_remove.o) (rbtree_rotate)
c:/devkitPro/libctru/lib\libctru.a(rbtree_insert.o)
                              c:/devkitPro/libctru/lib\libctru.a(linear.o) (rbtree_insert)
c:/devkitPro/libctru/lib\libctru.a(rbtree_init.o)
                              c:/devkitPro/libctru/lib\libctru.a(linear.o) (rbtree_init)
c:/devkitPro/libctru/lib\libctru.a(ctru_exit.o)
                              c:/devkitPro/libctru/lib\libctru.a(stack_adjust.o) (__libctru_exit)
c:/devkitPro/libctru/lib\libctru.a(appExit.o)
                              c:/devkitPro/libctru/lib\libctru.a(stack_adjust.o) (__appExit)
c:/devkitPro/libctru/lib\libctru.a(allocateHeaps.o)
                              c:/devkitPro/libctru/lib\libctru.a(initSystem.o) (__system_allocateHeaps)
c:/devkitPro/libctru/lib\libctru.a(syscalls.o)
                              c:/devkitPro/libctru/lib\libctru.a(initSystem.o) (__system_initSyscalls)
c:/devkitPro/libctru/lib\libctru.a(appInit.o)
                              c:/devkitPro/libctru/lib\libctru.a(stack_adjust.o) (__appInit)
c:/devkitPro/libctru/lib\libctru.a(mem_pool.o)
                              c:/devkitPro/libctru/lib\libctru.a(linear.o) (MemPool::Allocate(MemChunk&, unsigned long, int))
c:/devkitPro/libctru/lib\libctru.a(sdmc_dev.o)
                              c:/devkitPro/libctru/lib\libctru.a(appInit.o) (sdmcInit)
c:/devkitPro/libctru/lib\libctru.a(fs.o)
                              c:/devkitPro/libctru/lib\libctru.a(appInit.o) (fsInit)
c:/devkitPro/libctru/lib\libctru.a(utf8_to_utf16.o)
[...]
Memory Configuration

Name             Origin             Length             Attributes
*default*        0x00000000         0xffffffff

Linker script and memory map

                0x00100000                PROVIDE (__start__, 0x100000)
                0x00100000                . = __start__

.text           0x00100000    0x25754
 *(.crt0)
 .crt0          0x00100000       0x94 c:/devkitpro/devkitarm/bin/../lib/gcc/arm-none-eabi/6.3.0/../../../../arm-none-eabi/lib/armv6k/fpu/3dsx_crt0.o
                0x00100000                _start
                0x00100008                __service_ptr
                0x0010000c                __apt_appid
                0x00100010                __heap_size
                0x00100014                __linear_heap_size
                0x00100018                __system_arglist
                0x0010001c                __system_runflags
 *(.init)
 .init          0x00100094        0xc c:/devkitpro/devkitarm/bin/../lib/gcc/arm-none-eabi/6.3.0/armv6k/fpu/crti.o
                0x00100094                _init
 .init          0x001000a0        0xc c:/devkitpro/devkitarm/bin/../lib/gcc/arm-none-eabi/6.3.0/armv6k/fpu/crtn.o
                0x001000ac                . = ALIGN (0x4)
 *(.text)
 .text          0x001000ac       0x64 c:/devkitPro/libctru/lib\libctru.a(stack_adjust.o)
                0x001000ac                initSystem
                0x001000f0                __ctru_exit
 .text          0x00100110      0x240 c:/devkitpro/devkitarm/bin/../lib/gcc/arm-none-eabi/6.3.0/armv6k/fpu\libgcc.a(_divsi3.o)
                0x00100110                __divsi3
                0x00100110                __aeabi_idiv
                0x00100330                __aeabi_idivmod
 .text          0x00100350        0x4 c:/devkitpro/devkitarm/bin/../lib/gcc/arm-none-eabi/6.3.0/armv6k/fpu\libgcc.a(_dvmd_tls.o)
                0x00100350                __aeabi_idiv0
                0x00100350                __aeabi_ldiv0
 .text          0x00100354       0x3c c:/devkitpro/devkitarm/bin/../lib/gcc/arm-none-eabi/6.3.0/armv6k/fpu\libgcc.a(_aeabi_uldivmod.o)
                0x00100354                __aeabi_uldivmod
 *fill*         0x00100390       0x10 
 .text          0x001003a0      0x390 c:/devkitpro/devkitarm/bin/../lib/gcc/arm-none-eabi/6.3.0/../../../../arm-none-eabi/lib/armv6k/fpu\libg.a(lib_a-strcmp.o)
                0x001003a8                strcmp
 .text          0x00100730      0x20c c:/devkitpro/devkitarm/bin/../lib/gcc/arm-none-eabi/6.3.0/armv6k/fpu\libgcc.a(_udivsi3.o)
                0x00100730                __aeabi_uidiv
                0x00100730                __udivsi3
                0x0010091c                __aeabi_uidivmod
 *(.text.*)
 .text.deregister_tm_clones
                0x0010093c       0x30 c:/devkitpro/devkitarm/bin/../lib/gcc/arm-none-eabi/6.3.0/armv6k/fpu/crtbegin.o
 .text.register_tm_clones
                0x0010096c       0x38 c:/devkitpro/devkitarm/bin/../lib/gcc/arm-none-eabi/6.3.0/armv6k/fpu/crtbegin.o
 .text.__do_global_dtors_aux
                0x001009a4       0x44 c:/devkitpro/devkitarm/bin/../lib/gcc/arm-none-eabi/6.3.0/armv6k/fpu/crtbegin.o
 .text.frame_dummy
                0x001009e8       0x5c c:/devkitpro/devkitarm/bin/../lib/gcc/arm-none-eabi/6.3.0/armv6k/fpu/crtbegin.o
 .text._ZN3LED4InitEv.part.0
                0x00100a44       0x2c ctr-led-brary.o
 .text._ZN3LED4PlayE13RGBLedPattern
                0x00100a70       0x54 ctr-led-brary.o
                0x00100a70                LED::Play(RGBLedPattern)
 .text._ZN3LED14PlayLEDPatternE13RGBLedPattern
                0x00100ac4       0x88 ctr-led-brary.o
                0x00100ac4                LED::PlayLEDPattern(RGBLedPattern)
 .text._ZN3LED14StopLEDPatternEv
                0x00100b4c       0x84 ctr-led-brary.o
                0x00100b4c                LED::StopLEDPattern()
 .text._ZN3LED15GeneratePatternE9LED_Color11LED_PatTypeffhfff
                0x00100bd0      0x4dc ctr-led-brary.o
                0x00100bd0                LED::GeneratePattern(LED_Color, LED_PatType, float, float, unsigned char, float, float, float)
 .text._Z13updateScreensv
                0x001010ac       0x1c main.o
                0x001010ac                updateScreens()
 .text._Z11displayinfoii
                0x001010c8       0x6c main.o
                0x001010c8                displayinfo(int, int)
 *fill*         0x00101134        0x4 
 .text.startup.main
                0x00101138      0x3fc main.o
                0x00101138                main
 .text.gfxSetFramebufferInfo.part.0
                0x00101534       0x8c c:/devkitPro/libctru/lib\libctru.a(gfx.o)
 .text.__get_bytes_per_pixel
                0x001015c0       0x18 c:/devkitPro/libctru/lib\libctru.a(gfx.o)
                0x001015c0                __get_bytes_per_pixel
 .text.gfxSetScreenFormat
                0x001015d8      0x174 c:/devkitPro/libctru/lib\libctru.a(gfx.o)
                0x001015d8                gfxSetScreenFormat
 .text.gfxSetDoubleBuffering
                0x0010174c       0x14 c:/devkitPro/libctru/lib\libctru.a(gfx.o)
                0x0010174c                gfxSetDoubleBuffering
 .text.gfxSetFramebufferInfo
                0x00101760       0x70 c:/devkitPro/libctru/lib\libctru.a(gfx.o)
                0x00101760                gfxSetFramebufferInfo
 .text.gfxWriteFramebufferInfo
                0x001017d0       0x88 c:/devkitPro/libctru/lib\libctru.a(gfx.o)
                0x001017d0                gfxWriteFramebufferInfo
 .text.gfxInit  0x00101858      0x1fc c:/devkitPro/libctru/lib\libctru.a(gfx.o)
                0x00101858                gfxInit
 .text.gfxInitDefault
                0x00101a54       0x10 c:/devkitPro/libctru/lib\libctru.a(gfx.o)
                0x00101a54                gfxInitDefault
 .text.gfxExit  0x00101a64       0xe0 c:/devkitPro/libctru/lib\libctru.a(gfx.o)
                0x00101a64                gfxExit
 .text.gfxGetFramebuffer
                0x00101b44       0xb0 c:/devkitPro/libctru/lib\libctru.a(gfx.o)
                0x00101b44                gfxGetFramebuffer
 .text.gfxFlushBuffers
                0x00101bf4       0xc8 c:/devkitPro/libctru/lib\libctru.a(gfx.o)
                0x00101bf4                gfxFlushBuffers
 .text.gfxConfigScreen
                0x00101cbc       0x70 c:/devkitPro/libctru/lib\libctru.a(gfx.o)
                0x00101cbc                gfxConfigScreen
 .text.gfxSwapBuffers
                0x00101d2c       0x20 c:/devkitPro/libctru/lib\libctru.a(gfx.o)
                0x00101d2c                gfxSwapBuffers
 .text.gfxSwapBuffersGpu
                0x00101d4c       0x20 c:/devkitPro/libctru/lib\libctru.a(gfx.o)
                0x00101d4c                gfxSwapBuffersGpu
 .text.srvExit  0x00101d6c       0x50 c:/devkitPro/libctru/lib\libctru.a(srv.o)
                0x00101d6c                srvExit
 .text.srvRegisterClient
                0x00101dbc       0x38 c:/devkitPro/libctru/lib\libctru.a(srv.o)
                0x00101dbc                srvRegisterClient
 .text.srvInit  0x00101df4       0x78 c:/devkitPro/libctru/lib\libctru.a(srv.o)
                0x00101df4                srvInit
 .text.srvGetServiceHandleDirect
                0x00101e6c       0x68 c:/devkitPro/libctru/lib\libctru.a(srv.o)
                0x00101e6c                srvGetServiceHandleDirect
 .text.srvGetServiceHandle
                0x00101ed4       0x38 c:/devkitPro/libctru/lib\libctru.a(srv.o)
                0x00101ed4                srvGetServiceHandle
 .text.debug_write
                0x00101f0c       0x1c c:/devkitPro/libctru/lib\libctru.a(console.o)
                0x00101f0c                debug_write
 .text.consoleDrawChar
                0x00101f28      0x1b0 c:/devkitPro/libctru/lib\libctru.a(console.o)
                0x00101f28                consoleDrawChar
 .text.consolePrintChar
                0x001020d8      0x124 c:/devkitPro/libctru/lib\libctru.a(console.o)
                0x001020d8                consolePrintChar
 .text.consoleCls
                0x001021fc      0x190 c:/devkitPro/libctru/lib\libctru.a(console.o)
 .text.consoleInit
                0x0010238c       0xf8 c:/devkitPro/libctru/lib\libctru.a(console.o)
                0x0010238c                consoleInit
 .text.consoleClearLine
                0x00102484      0x144 c:/devkitPro/libctru/lib\libctru.a(console.o)
 .text.newRow   0x001025c8       0xbc c:/devkitPro/libctru/lib\libctru.a(console.o)
 .text.con_write
                0x00102684      0x79c c:/devkitPro/libctru/lib\libctru.a(console.o)
                0x00102684                con_write
 .text.consoleClear
                0x00102e20        0xc c:/devkitPro/libctru/lib\libctru.a(console.o)
                0x00102e20                consoleClear
 .text.envGetHandle
                0x00102e2c       0x84 c:/devkitPro/libctru/lib\libctru.a(env.o)
                0x00102e2c                envGetHandle
 .text.envDestroyHandles
                0x00102eb0       0x4c c:/devkitPro/libctru/lib\libctru.a(env.o)
                0x00102eb0                envDestroyHandles
 .text.hidExit  0x00102efc       0xd0 c:/devkitPro/libctru/lib\libctru.a(hid.o)
                0x00102efc                hidExit
 .text.hidScanInput
                0x00102fcc      0x234 c:/devkitPro/libctru/lib\libctru.a(hid.o)
                0x00102fcc                hidScanInput
 .text.hidKeysDown
                0x00103200       0x10 c:/devkitPro/libctru/lib\libctru.a(hid.o)
                0x00103200                hidKeysDown
 .text.HIDUSER_GetHandles
                0x00103210       0x90 c:/devkitPro/libctru/lib\libctru.a(hid.o)
                0x00103210                HIDUSER_GetHandles
 .text.hidInit  0x001032a0      0x18c c:/devkitPro/libctru/lib\libctru.a(hid.o)
                0x001032a0                hidInit
 .text._aptDebug
                0x0010342c        0x4 c:/devkitPro/libctru/lib\libctru.a(apt.o)
                0x0010342c                _aptDebug
 .text.aptSendCommand
                0x00103430      0x130 c:/devkitPro/libctru/lib\libctru.a(apt.o)
                0x00103430                aptSendCommand
 .text.aptExitProcess
                0x00103560       0x3c c:/devkitPro/libctru/lib\libctru.a(apt.o)
 .text.APT_InquireNotification
                0x0010359c       0x4c c:/devkitPro/libctru/lib\libctru.a(apt.o)
                0x0010359c                APT_InquireNotification
 .text.aptEventHandler
                0x001035e8      0x19c c:/devkitPro/libctru/lib\libctru.a(apt.o)
 .text.APT_AppletUtility
                0x00103784       0x74 c:/devkitPro/libctru/lib\libctru.a(apt.o)
                0x00103784                APT_AppletUtility
 .text.aptSetSleepAllowed
                0x001037f8       0xb4 c:/devkitPro/libctru/lib\libctru.a(apt.o)
                0x001037f8                aptSetSleepAllowed
 .text.APT_GlanceParameter
                0x001038ac       0xb4 c:/devkitPro/libctru/lib\libctru.a(apt.o)
                0x001038ac                APT_GlanceParameter
 .text.APT_ReceiveParameter
                0x00103960       0xc0 c:/devkitPro/libctru/lib\libctru.a(apt.o)
                0x00103960                APT_ReceiveParameter
 .text.aptReceiveParameter.constprop.1
                0x00103a20       0xa8 c:/devkitPro/libctru/lib\libctru.a(apt.o)
 .text.aptScreenTransfer
                0x00103ac8      0x1ec c:/devkitPro/libctru/lib\libctru.a(apt.o)
 .text.aptWaitForWakeUp
                0x00103cb4      0x228 c:/devkitPro/libctru/lib\libctru.a(apt.o)
 .text.APT_CancelParameter
                0x00103edc       0x70 c:/devkitPro/libctru/lib\libctru.a(apt.o)
                0x00103edc                APT_CancelParameter
 .text.aptInit  0x00103f4c      0x230 c:/devkitPro/libctru/lib\libctru.a(apt.o)
                0x00103f4c                aptInit
 .text.aptClearParamQueue
                0x0010417c       0x8c c:/devkitPro/libctru/lib\libctru.a(apt.o)
 .text.aptMainLoop
                0x00104208      0x214 c:/devkitPro/libctru/lib\libctru.a(apt.o)
                0x00104208                aptMainLoop
 .text.aptExit  0x0010441c      0x148 c:/devkitPro/libctru/lib\libctru.a(apt.o)
                0x0010441c                aptExit
 .text.APT_CheckNew3DS
                0x00104564       0x70 c:/devkitPro/libctru/lib\libctru.a(apt.o)
                0x00104564                APT_CheckNew3DS
 .text.gspEventThreadMain
                0x001045d4      0x160 c:/devkitPro/libctru/lib\libctru.a(gspgpu.o)
 .text.gspInit  0x00104734       0x74 c:/devkitPro/libctru/lib\libctru.a(gspgpu.o)
                0x00104734                gspInit
 .text.gspExit  0x001047a8       0x3c c:/devkitPro/libctru/lib\libctru.a(gspgpu.o)
                0x001047a8                gspExit
 .text.gspInitEventHandler
                0x001047e4       0x88 c:/devkitPro/libctru/lib\libctru.a(gspgpu.o)
                0x001047e4                gspInitEventHandler
 .text.gspExitEventHandler
                0x0010486c       0x30 c:/devkitPro/libctru/lib\libctru.a(gspgpu.o)
                0x0010486c                gspExitEventHandler
 .text.gspWaitForEvent
                0x0010489c       0x44 c:/devkitPro/libctru/lib\libctru.a(gspgpu.o)
                0x0010489c                gspWaitForEvent
 .text.GSPGPU_SetBufferSwap
                0x001048e0       0x6c c:/devkitPro/libctru/lib\libctru.a(gspgpu.o)
                0x001048e0                GSPGPU_SetBufferSwap
 .text.GSPGPU_FlushDataCache
                0x0010494c       0x4c c:/devkitPro/libctru/lib\libctru.a(gspgpu.o)
                0x0010494c                GSPGPU_FlushDataCache
 .text.GSPGPU_SetLcdForceBlack
                0x00104998       0x34 c:/devkitPro/libctru/lib\libctru.a(gspgpu.o)
                0x00104998                GSPGPU_SetLcdForceBlack
 .text.GSPGPU_RegisterInterruptRelayQueue
                0x001049cc       0x64 c:/devkitPro/libctru/lib\libctru.a(gspgpu.o)
                0x001049cc                GSPGPU_RegisterInterruptRelayQueue
 .text.GSPGPU_UnregisterInterruptRelayQueue
                0x00104a30       0x2c c:/devkitPro/libctru/lib\libctru.a(gspgpu.o)
                0x00104a30                GSPGPU_UnregisterInterruptRelayQueue
 .text.GSPGPU_AcquireRight
                0x00104a5c       0x48 c:/devkitPro/libctru/lib\libctru.a(gspgpu.o)
                0x00104a5c                GSPGPU_AcquireRight
 .text.GSPGPU_ReleaseRight
                0x00104aa4       0x2c c:/devkitPro/libctru/lib\libctru.a(gspgpu.o)
                0x00104aa4                GSPGPU_ReleaseRight
 .text.GSPGPU_ImportDisplayCaptureInfo
                0x00104ad0       0x80 c:/devkitPro/libctru/lib\libctru.a(gspgpu.o)
                0x00104ad0                GSPGPU_ImportDisplayCaptureInfo
 .text.GSPGPU_SaveVramSysArea
                0x00104b50       0x2c c:/devkitPro/libctru/lib\libctru.a(gspgpu.o)
                0x00104b50                GSPGPU_SaveVramSysArea
 .text.GSPGPU_RestoreVramSysArea
                0x00104b7c       0x2c c:/devkitPro/libctru/lib\libctru.a(gspgpu.o)
                0x00104b7c                GSPGPU_RestoreVramSysArea
 .text.irrstScanInput
                0x00104ba8       0xb0 c:/devkitPro/libctru/lib\libctru.a(irrst.o)
                0x00104ba8                irrstScanInput
 .text.irrstKeysHeld
                0x00104c58       0x1c c:/devkitPro/libctru/lib\libctru.a(irrst.o)
                0x00104c58                irrstKeysHeld
 .text.IRRST_GetHandles
                0x00104c74       0x50 c:/devkitPro/libctru/lib\libctru.a(irrst.o)
                0x00104c74                IRRST_GetHandles
 .text.irrstInit
                0x00104cc4      0x150 c:/devkitPro/libctru/lib\libctru.a(irrst.o)
                0x00104cc4                irrstInit
 .text.IRRST_Shutdown
                0x00104e14       0x2c c:/devkitPro/libctru/lib\libctru.a(irrst.o)
                0x00104e14                IRRST_Shutdown
 .text.irrstExit
                0x00104e40       0xac c:/devkitPro/libctru/lib\libctru.a(irrst.o)
                0x00104e40                irrstExit
 .text.__system_initArgv
                0x00104eec       0xe8 c:/devkitPro/libctru/lib\libctru.a(initArgv.o)
                0x00104eec                __system_initArgv
 .text.__libctru_init
                0x00104fd4       0x38 c:/devkitPro/libctru/lib\libctru.a(initSystem.o)
                0x00104fd4                __libctru_init
 .text.svcControlMemory
                0x0010500c       0x20 c:/devkitPro/libctru/lib\libctru.a(svc.o)
                0x0010500c                svcControlMemory
 .text.svcExitProcess
                0x0010502c        0x8 c:/devkitPro/libctru/lib\libctru.a(svc.o)
                0x0010502c                svcExitProcess
 .text.svcCreateThread
                0x00105034       0x20 c:/devkitPro/libctru/lib\libctru.a(svc.o)
                0x00105034                svcCreateThread
 .text.svcExitThread
                0x00105054        0x8 c:/devkitPro/libctru/lib\libctru.a(svc.o)
                0x00105054                svcExitThread
 .text.svcSleepThread
                0x0010505c        0x8 c:/devkitPro/libctru/lib\libctru.a(svc.o)
                0x0010505c                svcSleepThread
 .text.svcReleaseMutex
                0x00105064        0x8 c:/devkitPro/libctru/lib\libctru.a(svc.o)
                0x00105064                svcReleaseMutex
 .text.svcCreateEvent
                0x0010506c       0x14 c:/devkitPro/libctru/lib\libctru.a(svc.o)
                0x0010506c                svcCreateEvent
 .text.svcSignalEvent
                0x00105080        0x8 c:/devkitPro/libctru/lib\libctru.a(svc.o)
                0x00105080                svcSignalEvent
 .text.svcClearEvent
                0x00105088        0x8 c:/devkitPro/libctru/lib\libctru.a(svc.o)
                0x00105088                svcClearEvent
 .text.svcMapMemoryBlock
                0x00105090        0x8 c:/devkitPro/libctru/lib\libctru.a(svc.o)
                0x00105090                svcMapMemoryBlock
 .text.svcUnmapMemoryBlock
                0x00105098        0x8 c:/devkitPro/libctru/lib\libctru.a(svc.o)
                0x00105098                svcUnmapMemoryBlock
 .text.svcCreateAddressArbiter
                0x001050a0       0x14 c:/devkitPro/libctru/lib\libctru.a(svc.o)
                0x001050a0                svcCreateAddressArbiter
 .text.svcArbitrateAddress
                0x001050b4       0x18 c:/devkitPro/libctru/lib\libctru.a(svc.o)
                0x001050b4                svcArbitrateAddress
 .text.svcCloseHandle
                0x001050cc        0x8 c:/devkitPro/libctru/lib\libctru.a(svc.o)
                0x001050cc                svcCloseHandle
 .text.svcWaitSynchronization
                0x001050d4        0x8 c:/devkitPro/libctru/lib\libctru.a(svc.o)
                0x001050d4                svcWaitSynchronization
 .text.svcWaitSynchronizationN
                0x001050dc       0x28 c:/devkitPro/libctru/lib\libctru.a(svc.o)
                0x001050dc                svcWaitSynchronizationN
 .text.svcDuplicateHandle
                0x00105104       0x14 c:/devkitPro/libctru/lib\libctru.a(svc.o)
                0x00105104                svcDuplicateHandle
 .text.svcGetSystemTick
                0x00105118        0x8 c:/devkitPro/libctru/lib\libctru.a(svc.o)
                0x00105118                svcGetSystemTick
 .text.svcGetSystemInfo
                0x00105120       0x18 c:/devkitPro/libctru/lib\libctru.a(svc.o)
                0x00105120                svcGetSystemInfo
 .text.svcConnectToPort
                0x00105138       0x14 c:/devkitPro/libctru/lib\libctru.a(svc.o)
                0x00105138                svcConnectToPort
 .text.svcSendSyncRequest
                0x0010514c        0x8 c:/devkitPro/libctru/lib\libctru.a(svc.o)
                0x0010514c                svcSendSyncRequest
 .text.svcBreak
                0x00105154        0x8 c:/devkitPro/libctru/lib\libctru.a(svc.o)
                0x00105154                svcBreak
 .text.svcOutputDebugString
                0x0010515c        0x8 c:/devkitPro/libctru/lib\libctru.a(svc.o)
                0x0010515c                svcOutputDebugString
 .text._ZL21addrMapNodeComparatorPK11rbtree_nodeS1_
                0x00105164       0x24 c:/devkitPro/libctru/lib\libctru.a(linear.o)
 .text._ZL21addrMapNodeDestructorP11rbtree_node
                0x00105188        0x4 c:/devkitPro/libctru/lib\libctru.a(linear.o)
 .text.linearMemAlign
                0x0010518c      0x13c c:/devkitPro/libctru/lib\libctru.a(linear.o)
                0x0010518c                linearMemAlign
 .text.linearAlloc
                0x001052c8        0x8 c:/devkitPro/libctru/lib\libctru.a(linear.o)
                0x001052c8                linearAlloc
 .text.linearFree
                0x001052d0       0x50 c:/devkitPro/libctru/lib\libctru.a(linear.o)
                0x001052d0                linearFree
 .text._ZL21addrMapNodeComparatorPK11rbtree_nodeS1_
                0x00105320       0x24 c:/devkitPro/libctru/lib\libctru.a(mappable.o)
 .text._ZL21addrMapNodeDestructorP11rbtree_node
                0x00105344        0x4 c:/devkitPro/libctru/lib\libctru.a(mappable.o)
 .text.mappableAlloc
                0x00105348       0xf4 c:/devkitPro/libctru/lib\libctru.a(mappable.o)
                0x00105348                mappableAlloc
 .text.mappableFree
                0x0010543c       0x50 c:/devkitPro/libctru/lib\libctru.a(mappable.o)
                0x0010543c                mappableFree
 .text._ZL21addrMapNodeComparatorPK11rbtree_nodeS1_
                0x0010548c       0x24 c:/devkitPro/libctru/lib\libctru.a(vram.o)
 .text._ZL21addrMapNodeDestructorP11rbtree_node
                0x001054b0        0x4 c:/devkitPro/libctru/lib\libctru.a(vram.o)
 .text.vramMemAlign
                0x001054b4      0x12c c:/devkitPro/libctru/lib\libctru.a(vram.o)
                0x001054b4                vramMemAlign
 .text.vramAlloc
                0x001055e0        0x8 c:/devkitPro/libctru/lib\libctru.a(vram.o)
                0x001055e0                vramAlloc
 .text.vramFree
                0x001055e8       0x50 c:/devkitPro/libctru/lib\libctru.a(vram.o)
                0x001055e8                vramFree
 .text.threadCreate
                0x00105638      0x1bc c:/devkitPro/libctru/lib\libctru.a(thread.o)
                0x00105638                threadCreate
 .text.threadJoin
                0x001057f4       0x24 c:/devkitPro/libctru/lib\libctru.a(thread.o)
                0x001057f4                threadJoin
 .text.threadExit
                0x00105818       0x70 c:/devkitPro/libctru/lib\libctru.a(thread.o)
                0x00105818                threadExit
 .text._thread_begin
                0x00105888       0x40 c:/devkitPro/libctru/lib\libctru.a(thread.o)
 .text.getSysTime
                0x001058c8       0x58 c:/devkitPro/libctru/lib\libctru.a(os.o)
 .text.osGetMemRegionUsed
                0x00105920       0x24 c:/devkitPro/libctru/lib\libctru.a(os.o)
                0x00105920                osGetMemRegionUsed
 *fill*         0x00105944        0x4 
 .text.__libctru_gtod
                0x00105948       0xf4 c:/devkitPro/libctru/lib\libctru.a(os.o)
                0x00105948                __libctru_gtod
 .text.__ctru_speedup_config
                0x00105a3c       0x34 c:/devkitPro/libctru/lib\libctru.a(os.o)
                0x00105a3c                __ctru_speedup_config
 .text.LightLock_Unlock.part.1
                0x00105a70       0x34 c:/devkitPro/libctru/lib\libctru.a(synchronization.o)
 .text.__sync_init
                0x00105aa4        0xc c:/devkitPro/libctru/lib\libctru.a(synchronization.o)
                0x00105aa4                __sync_init
 .text.__sync_fini
                0x00105ab0       0x18 c:/devkitPro/libctru/lib\libctru.a(synchronization.o)
                0x00105ab0                __sync_fini
 .text.__sync_get_arbiter
                0x00105ac8       0x10 c:/devkitPro/libctru/lib\libctru.a(synchronization.o)
                0x00105ac8                __sync_get_arbiter
 .text.LightLock_Init
                0x00105ad8       0x18 c:/devkitPro/libctru/lib\libctru.a(synchronization.o)
                0x00105ad8                LightLock_Init
 .text.LightLock_Lock
                0x00105af0       0xa0 c:/devkitPro/libctru/lib\libctru.a(synchronization.o)
                0x00105af0                LightLock_Lock
 .text.LightLock_TryLock
                0x00105b90       0x34 c:/devkitPro/libctru/lib\libctru.a(synchronization.o)
                0x00105b90                LightLock_TryLock
 .text.LightLock_Unlock
                0x00105bc4       0x20 c:/devkitPro/libctru/lib\libctru.a(synchronization.o)
                0x00105bc4                LightLock_Unlock
 .text.RecursiveLock_Init
                0x00105be4       0x24 c:/devkitPro/libctru/lib\libctru.a(synchronization.o)
                0x00105be4                RecursiveLock_Init
 .text.RecursiveLock_Lock
                0x00105c08       0x30 c:/devkitPro/libctru/lib\libctru.a(synchronization.o)
                0x00105c08                RecursiveLock_Lock
 .text.RecursiveLock_TryLock
                0x00105c38       0x58 c:/devkitPro/libctru/lib\libctru.a(synchronization.o)
                0x00105c38                RecursiveLock_TryLock
 .text.RecursiveLock_Unlock
                0x00105c90       0x38 c:/devkitPro/libctru/lib\libctru.a(synchronization.o)
                0x00105c90                RecursiveLock_Unlock
 .text.LightEvent_Init
                0x00105cc8       0x38 c:/devkitPro/libctru/lib\libctru.a(synchronization.o)
                0x00105cc8                LightEvent_Init
 .text.LightEvent_Clear
                0x00105d00       0x7c c:/devkitPro/libctru/lib\libctru.a(synchronization.o)
                0x00105d00                LightEvent_Clear
 .text.LightEvent_Signal
                0x00105d7c       0xdc c:/devkitPro/libctru/lib\libctru.a(synchronization.o)
                0x00105d7c                LightEvent_Signal
 .text.LightEvent_Wait
                0x00105e58       0xd0 c:/devkitPro/libctru/lib\libctru.a(synchronization.o)
                0x00105e58                LightEvent_Wait
 .text.ptmSysmInit
                0x00105f28       0x70 c:/devkitPro/libctru/lib\libctru.a(ptmsysm.o)
                0x00105f28                ptmSysmInit
 .text.ptmSysmExit
                0x00105f98       0x34 c:/devkitPro/libctru/lib\libctru.a(ptmsysm.o)
                0x00105f98                ptmSysmExit
 .text.PTMSYSM_ConfigureNew3DSCPU
                0x00105fcc       0x34 c:/devkitPro/libctru/lib\libctru.a(ptmsysm.o)
                0x00105fcc                PTMSYSM_ConfigureNew3DSCPU
 .text.rbtree_find
                0x00106000       0x70 c:/devkitPro/libctru/lib\libctru.a(rbtree_find.o)
                0x00106000                rbtree_find
 .text.rbtree_remove
                0x00106070      0x324 c:/devkitPro/libctru/lib\libctru.a(rbtree_remove.o)
                0x00106070                rbtree_remove
 .text.rbtree_node_next
                0x00106394       0x74 c:/devkitPro/libctru/lib\libctru.a(rbtree_iterator.o)
                0x00106394                rbtree_node_next
 .text.rbtree_rotate
                0x00106408       0x94 c:/devkitPro/libctru/lib\libctru.a(rbtree_rotate.o)
                0x00106408                rbtree_rotate
 .text.do_insert
                0x0010649c      0x18c c:/devkitPro/libctru/lib\libctru.a(rbtree_insert.o)
 .text.rbtree_insert
                0x00106628        0x8 c:/devkitPro/libctru/lib\libctru.a(rbtree_insert.o)
                0x00106628                rbtree_insert
 .text.rbtree_init
                0x00106630       0x14 c:/devkitPro/libctru/lib\libctru.a(rbtree_init.o)
                0x00106630                rbtree_init
 .text.__libctru_exit
                0x00106644       0xa4 c:/devkitPro/libctru/lib\libctru.a(ctru_exit.o)
                0x00106644                __libctru_exit
 .text.__appExit
                0x001066e8       0x1c c:/devkitPro/libctru/lib\libctru.a(appExit.o)
                0x001066e8                __appExit
 .text.osGetMemRegionSize
                0x00106704       0x58 c:/devkitPro/libctru/lib\libctru.a(allocateHeaps.o)
 .text.__system_allocateHeaps
                0x0010675c      0x104 c:/devkitPro/libctru/lib\libctru.a(allocateHeaps.o)
                0x0010675c                __system_allocateHeaps
 .text.__ctru_get_reent
                0x00106860       0x30 c:/devkitPro/libctru/lib\libctru.a(syscalls.o)
 .text.__system_initSyscalls
                0x00106890       0xe4 c:/devkitPro/libctru/lib\libctru.a(syscalls.o)
                0x00106890                __system_initSyscalls
 .text.__appInit
                0x00106974       0x1c c:/devkitPro/libctru/lib\libctru.a(appInit.o)
                0x00106974                __appInit
 .text._ZN7MemPool13CoalesceRightEP8MemBlock
                0x00106990       0x98 c:/devkitPro/libctru/lib\libctru.a(mem_pool.o)
                0x00106990                MemPool::CoalesceRight(MemBlock*)
 .text._ZN7MemPool8AllocateER8MemChunkmi
                0x00106a28      0x178 c:/devkitPro/libctru/lib\libctru.a(mem_pool.o)
                0x00106a28                MemPool::Allocate(MemChunk&, unsigned long, int)
 .text._ZN7MemPool10DeallocateERK8MemChunk
                0x00106ba0      0x100 c:/devkitPro/libctru/lib\libctru.a(mem_pool.o)
                0x00106ba0                MemPool::Deallocate(MemChunk const&)
 .text.sdmc_link
                0x00106ca0       0x10 c:/devkitPro/libctru/lib\libctru.a(sdmc_dev.o)
 .text.sdmc_dirreset
                0x00106cb0       0x10 c:/devkitPro/libctru/lib\libctru.a(sdmc_dev.o)
 .text.sdmc_fchmod
                0x00106cc0       0x10 c:/devkitPro/libctru/lib\libctru.a(sdmc_dev.o)
 .text.error_cmp
                0x00106cd0       0x24 c:/devkitPro/libctru/lib\libctru.a(sdmc_dev.o)
 .text.sdmc_translate_error
                0x00106cf4       0x50 c:/devkitPro/libctru/lib\libctru.a(sdmc_dev.o)
 .text.sdmc_fsync
                0x00106d44       0x34 c:/devkitPro/libctru/lib\libctru.a(sdmc_dev.o)
 .text.sdmc_ftruncate
                0x00106d78       0x54 c:/devkitPro/libctru/lib\libctru.a(sdmc_dev.o)
 .text.sdmc_statvfs
                0x00106dcc       0xb8 c:/devkitPro/libctru/lib\libctru.a(sdmc_dev.o)
 .text.sdmc_dirclose
                0x00106e84       0x38 c:/devkitPro/libctru/lib\libctru.a(sdmc_dev.o)
 .text.sdmc_dirnext
                0x00106ebc      0x138 c:/devkitPro/libctru/lib\libctru.a(sdmc_dev.o)
 .text.sdmc_close
                0x00106ff4       0x34 c:/devkitPro/libctru/lib\libctru.a(sdmc_dev.o)
 .text.sdmc_fstat
                0x00107028       0x74 c:/devkitPro/libctru/lib\libctru.a(sdmc_dev.o)
 .text.sdmc_seek
                0x0010709c       0xd8 c:/devkitPro/libctru/lib\libctru.a(sdmc_dev.o)
 .text.sdmc_read
                0x00107174       0x84 c:/devkitPro/libctru/lib\libctru.a(sdmc_dev.o)
 .text.sdmc_write
                0x001071f8       0xb8 c:/devkitPro/libctru/lib\libctru.a(sdmc_dev.o)
 .text.sdmc_utf16path
                0x001072b0      0x1b4 c:/devkitPro/libctru/lib\libctru.a(sdmc_dev.o)
 .text.sdmc_rmdir
                0x00107464       0x74 c:/devkitPro/libctru/lib\libctru.a(sdmc_dev.o)
 .text.sdmc_diropen
                0x001074d8       0xa4 c:/devkitPro/libctru/lib\libctru.a(sdmc_dev.o)
 .text.sdmc_chdir
                0x0010757c       0xa0 c:/devkitPro/libctru/lib\libctru.a(sdmc_dev.o)
 .text.sdmc_mkdir
                0x0010761c       0x98 c:/devkitPro/libctru/lib\libctru.a(sdmc_dev.o)
 .text.sdmc_rename
                0x001076b4      0x108 c:/devkitPro/libctru/lib\libctru.a(sdmc_dev.o)
 .text.sdmc_unlink
                0x001077bc       0x74 c:/devkitPro/libctru/lib\libctru.a(sdmc_dev.o)
 .text.sdmc_stat
                0x00107830      0x108 c:/devkitPro/libctru/lib\libctru.a(sdmc_dev.o)
 .text.sdmc_open
                0x00107938      0x188 c:/devkitPro/libctru/lib\libctru.a(sdmc_dev.o)
 .text.sdmc_chmod
                0x00107ac0       0x10 c:/devkitPro/libctru/lib\libctru.a(sdmc_dev.o)
 .text.sdmcInit
                0x00107ad0      0x15c c:/devkitPro/libctru/lib\libctru.a(sdmc_dev.o)
                0x00107ad0                sdmcInit
 .text.sdmcExit
                0x00107c2c       0x58 c:/devkitPro/libctru/lib\libctru.a(sdmc_dev.o)
                0x00107c2c                sdmcExit
 .text.fsSessionForArchive.part.0
                0x00107c84       0x28 c:/devkitPro/libctru/lib\libctru.a(fs.o)
 .text.fsInit   0x00107cac       0xc8 c:/devkitPro/libctru/lib\libctru.a(fs.o)
                0x00107cac                fsInit
 .text.fsExit   0x00107d74       0x38 c:/devkitPro/libctru/lib\libctru.a(fs.o)
                0x00107d74                fsExit
 .text.fsExemptFromSession
                0x00107dac       0xa0 c:/devkitPro/libctru/lib\libctru.a(fs.o)
                0x00107dac                fsExemptFromSession
 .text.fsUnexemptFromSession
                0x00107e4c       0x54 c:/devkitPro/libctru/lib\libctru.a(fs.o)
                0x00107e4c                fsUnexemptFromSession
 .text.FSUSER_OpenFile
                0x00107ea0       0xbc c:/devkitPro/libctru/lib\libctru.a(fs.o)
                0x00107ea0                FSUSER_OpenFile
 .text.FSUSER_DeleteFile
                0x00107f5c       0xa4 c:/devkitPro/libctru/lib\libctru.a(fs.o)
                0x00107f5c                FSUSER_DeleteFile
 .text.FSUSER_RenameFile
                0x00108000       0xe0 c:/devkitPro/libctru/lib\libctru.a(fs.o)
                0x00108000                FSUSER_RenameFile
 .text.FSUSER_DeleteDirectory
                0x001080e0       0xa4 c:/devkitPro/libctru/lib\libctru.a(fs.o)
                0x001080e0                FSUSER_DeleteDirectory
 .text.FSUSER_CreateFile
                0x00108184       0xbc c:/devkitPro/libctru/lib\libctru.a(fs.o)
                0x00108184                FSUSER_CreateFile
 .text.FSUSER_CreateDirectory
                0x00108240       0xac c:/devkitPro/libctru/lib\libctru.a(fs.o)
                0x00108240                FSUSER_CreateDirectory
 .text.FSUSER_RenameDirectory
                0x001082ec       0xe0 c:/devkitPro/libctru/lib\libctru.a(fs.o)
                0x001082ec                FSUSER_RenameDirectory
 .text.FSUSER_OpenDirectory
                0x001083cc       0xa4 c:/devkitPro/libctru/lib\libctru.a(fs.o)
                0x001083cc                FSUSER_OpenDirectory
 .text.FSUSER_OpenArchive
                0x00108470       0x98 c:/devkitPro/libctru/lib\libctru.a(fs.o)
                0x00108470                FSUSER_OpenArchive
 .text.FSUSER_CloseArchive
                0x00108508       0x74 c:/devkitPro/libctru/lib\libctru.a(fs.o)
                0x00108508                FSUSER_CloseArchive
 .text.FSUSER_GetSdmcArchiveResource
                0x0010857c       0x78 c:/devkitPro/libctru/lib\libctru.a(fs.o)
                0x0010857c                FSUSER_GetSdmcArchiveResource
 .text.FSUSER_IsSdmcWritable
                0x001085f4       0x64 c:/devkitPro/libctru/lib\libctru.a(fs.o)
                0x001085f4                FSUSER_IsSdmcWritable
 .text.FSFILE_Read
                0x00108658       0x5c c:/devkitPro/libctru/lib\libctru.a(fs.o)
                0x00108658                FSFILE_Read
 .text.FSFILE_Write
                0x001086b4       0x64 c:/devkitPro/libctru/lib\libctru.a(fs.o)
                0x001086b4                FSFILE_Write
 .text.FSFILE_GetSize
                0x00108718       0x3c c:/devkitPro/libctru/lib\libctru.a(fs.o)
                0x00108718                FSFILE_GetSize
 .text.FSFILE_SetSize
                0x00108754       0x2c c:/devkitPro/libctru/lib\libctru.a(fs.o)
                0x00108754                FSFILE_SetSize
 .text.FSFILE_Close
                0x00108780       0x3c c:/devkitPro/libctru/lib\libctru.a(fs.o)
                0x00108780                FSFILE_Close
 .text.FSFILE_Flush
                0x001087bc       0x24 c:/devkitPro/libctru/lib\libctru.a(fs.o)
                0x001087bc                FSFILE_Flush
 .text.FSDIR_Read
                0x001087e0       0x54 c:/devkitPro/libctru/lib\libctru.a(fs.o)
                0x001087e0                FSDIR_Read
 .text.FSDIR_Close
                0x00108834       0x3c c:/devkitPro/libctru/lib\libctru.a(fs.o)
                0x00108834                FSDIR_Close
 .text.utf8_to_utf16
                0x00108870       0xc0 c:/devkitPro/libctru/lib\libctru.a(utf8_to_utf16.o)
                0x00108870                utf8_to_utf16
 .text.decode_utf8
                0x00108930      0x138 c:/devkitPro/libctru/lib\libctru.a(decode_utf8.o)
                0x00108930                decode_utf8
 .text.utf16_to_utf8
                0x00108a68       0xe8 c:/devkitPro/libctru/lib\libctru.a(utf16_to_utf8.o)
                0x00108a68                utf16_to_utf8
 .text.encode_utf8
                0x00108b50      0x104 c:/devkitPro/libctru/lib\libctru.a(encode_utf8.o)
                0x00108b50                encode_utf8
 .text.encode_utf16
                0x00108c54       0x68 c:/devkitPro/libctru/lib\libctru.a(encode_utf16.o)
                0x00108c54                encode_utf16
 .text.__aeabi_read_tp
                0x00108cbc        0xc c:/devkitPro/libctru/lib\libctru.a(readtp.o)
                0x00108cbc                __aeabi_read_tp
 .text.decode_utf16
                0x00108cc8       0x60 c:/devkitPro/libctru/lib\libctru.a(decode_utf16.o)
                0x00108cc8                decode_utf16
 .text.cos      0x00108d28       0xc8 c:/devkitpro/devkitarm/bin/../lib/gcc/arm-none-eabi/6.3.0/../../../../arm-none-eabi/lib/armv6k/fpu\libm.a(lib_a-s_cos.o)
                0x00108d28                cos
 .text.modff    0x00108df0       0x6c c:/devkitpro/devkitarm/bin/../lib/gcc/arm-none-eabi/6.3.0/../../../../arm-none-eabi/lib/armv6k/fpu\libm.a(lib_a-sf_modf.o)
                0x00108df0                modff
 *fill*         0x00108e5c        0x4 
 .text.__ieee754_rem_pio2
                0x00108e60      0x318 c:/devkitpro/devkitarm/bin/../lib/gcc/arm-none-eabi/6.3.0/../../../../arm-none-eabi/lib/armv6k/fpu\libm.a(lib_a-e_rem_pio2.o)
                0x00108e60                __ieee754_rem_pio2
 .text.__kernel_cos
                0x00109178      0x150 c:/devkitpro/devkitarm/bin/../lib/gcc/arm-none-eabi/6.3.0/../../../../arm-none-eabi/lib/armv6k/fpu\libm.a(lib_a-k_cos.o)
                0x00109178                __kernel_cos
 .text.__kernel_rem_pio2
                0x001092c8      0x8e8 c:/devkitpro/devkitarm/bin/../lib/gcc/arm-none-eabi/6.3.0/../../../../arm-none-eabi/lib/armv6k/fpu\libm.a(lib_a-k_rem_pio2.o)
                0x001092c8                __kernel_rem_pio2
 .text.__kernel_sin
                0x00109bb0       0xb8 c:/devkitpro/devkitarm/bin/../lib/gcc/arm-none-eabi/6.3.0/../../../../arm-none-eabi/lib/armv6k/fpu\libm.a(lib_a-k_sin.o)
                0x00109bb0                __kernel_sin
 .text.fabs     0x00109c68       0x10 c:/devkitpro/devkitarm/bin/../lib/gcc/arm-none-eabi/6.3.0/../../../../arm-none-eabi/lib/armv6k/fpu\libm.a(lib_a-s_fabs.o)
                0x00109c68                fabs
 .text.floor    0x00109c78      0x184 c:/devkitpro/devkitarm/bin/../lib/gcc/arm-none-eabi/6.3.0/../../../../arm-none-eabi/lib/armv6k/fpu\libm.a(lib_a-s_floor.o)
                0x00109c78                floor
 *fill*         0x00109dfc        0x4 
 .text.scalbn   0x00109e00      0x170 c:/devkitpro/devkitarm/bin/../lib/gcc/arm-none-eabi/6.3.0/../../../../arm-none-eabi/lib/armv6k/fpu\libm.a(lib_a-s_scalbn.o)
                0x00109e00                scalbn
 .text.copysign
                0x00109f70       0x1c c:/devkitpro/devkitarm/bin/../lib/gcc/arm-none-eabi/6.3.0/../../../../arm-none-eabi/lib/armv6k/fpu\libm.a(lib_a-s_copysign.o)
                0x00109f70                copysign
 .text.__udivmoddi4
                0x00109f8c      0x128 c:/devkitpro/devkitarm/bin/../lib/gcc/arm-none-eabi/6.3.0/armv6k/fpu\libgcc.a(_udivmoddi4.o)
                0x00109f8c                __udivmoddi4
 .text.bsearch  0x0010a0b4       0x74 c:/devkitpro/devkitarm/bin/../lib/gcc/arm-none-eabi/6.3.0/../../../../arm-none-eabi/lib/armv6k/fpu\libg.a(lib_a-bsearch.o)
                0x0010a0b4                bsearch
 .text.__libc_fini_array
                0x0010a128       0x40 c:/devkitpro/devkitarm/bin/../lib/gcc/arm-none-eabi/6.3.0/../../../../arm-none-eabi/lib/armv6k/fpu\libg.a(lib_a-fini.o)
                0x0010a128                __libc_fini_array
 .text.__libc_init_array
                0x0010a168       0x78 c:/devkitpro/devkitarm/bin/../lib/gcc/arm-none-eabi/6.3.0/../../../../arm-none-eabi/lib/armv6k/fpu\libg.a(lib_a-init.o)
                0x0010a168                __libc_init_array
 .text.iprintf  0x0010a1e0       0x38 c:/devkitpro/devkitarm/bin/../lib/gcc/arm-none-eabi/6.3.0/../../../../arm-none-eabi/lib/armv6k/fpu\libg.a(lib_a-iprintf.o)
                0x0010a1e0                iprintf
 .text.memalign
                0x0010a218       0x20 c:/devkitpro/devkitarm/bin/../lib/gcc/arm-none-eabi/6.3.0/../../../../arm-none-eabi/lib/armv6k/fpu\libg.a(lib_a-malign.o)
                0x0010a218                memalign
 .text._memalign_r
                0x0010a238      0x158 c:/devkitpro/devkitarm/bin/../lib/gcc/arm-none-eabi/6.3.0/../../../../arm-none-eabi/lib/armv6k/fpu\libg.a(lib_a-malignr.o)
                0x0010a238                _memalign_r
 .text.malloc   0x0010a390       0x18 c:/devkitpro/devkitarm/bin/../lib/gcc/arm-none-eabi/6.3.0/../../../../arm-none-eabi/lib/armv6k/fpu\libg.a(lib_a-malloc.o)
                0x0010a390                malloc
 .text.free     0x0010a3a8       0x18 c:/devkitpro/devkitarm/bin/../lib/gcc/arm-none-eabi/6.3.0/../../../../arm-none-eabi/lib/armv6k/fpu\libg.a(lib_a-malloc.o)
                0x0010a3a8                free
 .text._malloc_r
                0x0010a3c0      0x78c c:/devkitpro/devkitarm/bin/../lib/gcc/arm-none-eabi/6.3.0/../../../../arm-none-eabi/lib/armv6k/fpu\libg.a(lib_a-mallocr.o)
                0x0010a3c0                _malloc_r
 .text.memchr   0x0010ab4c      0x104 c:/devkitpro/devkitarm/bin/../lib/gcc/arm-none-eabi/6.3.0/../../../../arm-none-eabi/lib/armv6k/fpu\libg.a(lib_a-memchr-stub.o)
                0x0010ab4c                memchr
 .text.memcpy   0x0010ac50      0x114 c:/devkitpro/devkitarm/bin/../lib/gcc/arm-none-eabi/6.3.0/../../../../arm-none-eabi/lib/armv6k/fpu\libg.a(lib_a-memcpy-stub.o)
                0x0010ac50                memcpy
 .text.memset   0x0010ad64      0x110 c:/devkitpro/devkitarm/bin/../lib/gcc/arm-none-eabi/6.3.0/../../../../arm-none-eabi/lib/armv6k/fpu\libg.a(lib_a-memset.o)
                0x0010ad64                memset
 .text.__malloc_lock
                0x0010ae74        0xc c:/devkitpro/devkitarm/bin/../lib/gcc/arm-none-eabi/6.3.0/../../../../arm-none-eabi/lib/armv6k/fpu\libg.a(lib_a-mlock.o)
                0x0010ae74                __malloc_lock
 .text.__malloc_unlock
                0x0010ae80        0xc c:/devkitpro/devkitarm/bin/../lib/gcc/arm-none-eabi/6.3.0/../../../../arm-none-eabi/lib/armv6k/fpu\libg.a(lib_a-mlock.o)
                0x0010ae80                __malloc_unlock
 .text.printf   0x0010ae8c       0x38 c:/devkitpro/devkitarm/bin/../lib/gcc/arm-none-eabi/6.3.0/../../../../arm-none-eabi/lib/armv6k/fpu\libg.a(lib_a-printf.o)
                0x0010ae8c                printf
 .text.setvbuf  0x0010aec4      0x258 c:/devkitpro/devkitarm/bin/../lib/gcc/arm-none-eabi/6.3.0/../../../../arm-none-eabi/lib/armv6k/fpu\libg.a(lib_a-setvbuf.o)
                0x0010aec4                setvbuf
 .text.sscanf   0x0010b11c       0x74 c:/devkitpro/devkitarm/bin/../lib/gcc/arm-none-eabi/6.3.0/../../../../arm-none-eabi/lib/armv6k/fpu\libg.a(lib_a-sscanf.o)
                0x0010b11c                sscanf
 .text.__sread  0x0010b190       0x3c c:/devkitpro/devkitarm/bin/../lib/gcc/arm-none-eabi/6.3.0/../../../../arm-none-eabi/lib/armv6k/fpu\libg.a(lib_a-stdio.o)
                0x0010b190                __sread
 .text.__seofread
                0x0010b1cc        0x8 c:/devkitpro/devkitarm/bin/../lib/gcc/arm-none-eabi/6.3.0/../../../../arm-none-eabi/lib/armv6k/fpu\libg.a(lib_a-stdio.o)
                0x0010b1cc                __seofread
 .text.__swrite
                0x0010b1d4       0x64 c:/devkitpro/devkitarm/bin/../lib/gcc/arm-none-eabi/6.3.0/../../../../arm-none-eabi/lib/armv6k/fpu\libg.a(lib_a-stdio.o)
                0x0010b1d4                __swrite
 .text.__sseek  0x0010b238       0x4c c:/devkitpro/devkitarm/bin/../lib/gcc/arm-none-eabi/6.3.0/../../../../arm-none-eabi/lib/armv6k/fpu\libg.a(lib_a-stdio.o)
                0x0010b238                __sseek
 .text.__sclose
                0x0010b284        0x8 c:/devkitpro/devkitarm/bin/../lib/gcc/arm-none-eabi/6.3.0/../../../../arm-none-eabi/lib/armv6k/fpu\libg.a(lib_a-stdio.o)
                0x0010b284                __sclose
 .text.strlen   0x0010b28c       0x5c c:/devkitpro/devkitarm/bin/../lib/gcc/arm-none-eabi/6.3.0/../../../../arm-none-eabi/lib/armv6k/fpu\libg.a(lib_a-strlen-stub.o)
                0x0010b28c                strlen
 .text.strncat  0x0010b2e8       0x9c c:/devkitpro/devkitarm/bin/../lib/gcc/arm-none-eabi/6.3.0/../../../../arm-none-eabi/lib/armv6k/fpu\libg.a(lib_a-strncat.o)
                0x0010b2e8                strncat
 .text.strncpy  0x0010b384       0xd8 c:/devkitpro/devkitarm/bin/../lib/gcc/arm-none-eabi/6.3.0/../../../../arm-none-eabi/lib/armv6k/fpu\libg.a(lib_a-strncpy.o)
                0x0010b384                strncpy
 .text.__ssvfscanf_r
                0x0010b45c     0x290c c:/devkitpro/devkitarm/bin/../lib/gcc/arm-none-eabi/6.3.0/../../../../arm-none-eabi/lib/armv6k/fpu\libg.a(lib_a-svfscanf.o)
                0x0010b45c                __ssvfscanf_r
 .text.get_arg  0x0010dd68     0x1624 c:/devkitpro/devkitarm/bin/../lib/gcc/arm-none-eabi/6.3.0/../../../../arm-none-eabi/lib/armv6k/fpu\libg.a(lib_a-vfiprintf.o)
 .text.__sprint_r.part.0
                0x0010f38c       0x1c c:/devkitpro/devkitarm/bin/../lib/gcc/arm-none-eabi/6.3.0/../../../../arm-none-eabi/lib/armv6k/fpu\libg.a(lib_a-vfiprintf.o)
 .text.__sprint_r
                0x0010f3a8       0x1c c:/devkitpro/devkitarm/bin/../lib/gcc/arm-none-eabi/6.3.0/../../../../arm-none-eabi/lib/armv6k/fpu\libg.a(lib_a-vfiprintf.o)
                0x0010f3a8                __sprint_r
 .text._vfiprintf_r
                0x0010f3c4     0x2de8 c:/devkitpro/devkitarm/bin/../lib/gcc/arm-none-eabi/6.3.0/../../../../arm-none-eabi/lib/armv6k/fpu\libg.a(lib_a-vfiprintf.o)
                0x0010f3c4                _vfiprintf_r
 .text.__sbprintf
                0x001121ac       0xcc c:/devkitpro/devkitarm/bin/../lib/gcc/arm-none-eabi/6.3.0/../../../../arm-none-eabi/lib/armv6k/fpu\libg.a(lib_a-vfiprintf.o)
 .text.get_arg  0x00112278     0x1624 c:/devkitpro/devkitarm/bin/../lib/gcc/arm-none-eabi/6.3.0/../../../../arm-none-eabi/lib/armv6k/fpu\libg.a(lib_a-vfprintf.o)
 *fill*         0x0011389c        0x4 
 .text._vfprintf_r
                0x001138a0     0x4314 c:/devkitpro/devkitarm/bin/../lib/gcc/arm-none-eabi/6.3.0/../../../../arm-none-eabi/lib/armv6k/fpu\libg.a(lib_a-vfprintf.o)
                0x001138a0                _vfprintf_r
 .text.__sbprintf
                0x00117bb4       0xcc c:/devkitpro/devkitarm/bin/../lib/gcc/arm-none-eabi/6.3.0/../../../../arm-none-eabi/lib/armv6k/fpu\libg.a(lib_a-vfprintf.o)
 .text._wcrtomb_r
                0x00117c80       0xa0 c:/devkitpro/devkitarm/bin/../lib/gcc/arm-none-eabi/6.3.0/../../../../arm-none-eabi/lib/armv6k/fpu\libg.a(lib_a-wcrtomb.o)
                0x00117c80                _wcrtomb_r
 .text._wcsrtombs_r
                0x00117d20       0x20 c:/devkitpro/devkitarm/bin/../lib/gcc/arm-none-eabi/6.3.0/../../../../arm-none-eabi/lib/armv6k/fpu\libg.a(lib_a-wcsrtombs.o)
                0x00117d20                _wcsrtombs_r
 .text.__swsetup_r
                0x00117d40      0x144 c:/devkitpro/devkitarm/bin/../lib/gcc/arm-none-eabi/6.3.0/../../../../arm-none-eabi/lib/armv6k/fpu\libg.a(lib_a-wsetup.o)
                0x00117d40                __swsetup_r
 .text.quorem   0x00117e84      0x1d0 c:/devkitpro/devkitarm/bin/../lib/gcc/arm-none-eabi/6.3.0/../../../../arm-none-eabi/lib/armv6k/fpu\libg.a(lib_a-dtoa.o)
 *fill*         0x00118054        0x4 
 .text._dtoa_r  0x00118058     0x1260 c:/devkitpro/devkitarm/bin/../lib/gcc/arm-none-eabi/6.3.0/../../../../arm-none-eabi/lib/armv6k/fpu\libg.a(lib_a-dtoa.o)
                0x00118058                _dtoa_r
 .text.__sflush_r
                0x001192b8      0x254 c:/devkitpro/devkitarm/bin/../lib/gcc/arm-none-eabi/6.3.0/../../../../arm-none-eabi/lib/armv6k/fpu\libg.a(lib_a-fflush.o)
                0x001192b8                __sflush_r
 .text._fflush_r
                0x0011950c       0x94 c:/devkitpro/devkitarm/bin/../lib/gcc/arm-none-eabi/6.3.0/../../../../arm-none-eabi/lib/armv6k/fpu\libg.a(lib_a-fflush.o)
                0x0011950c                _fflush_r
 .text._cleanup_r
                0x001195a0        0xc c:/devkitpro/devkitarm/bin/../lib/gcc/arm-none-eabi/6.3.0/../../../../arm-none-eabi/lib/armv6k/fpu\libg.a(lib_a-findfp.o)
                0x001195a0                _cleanup_r
 .text.std.isra.0
                0x001195ac       0x80 c:/devkitpro/devkitarm/bin/../lib/gcc/arm-none-eabi/6.3.0/../../../../arm-none-eabi/lib/armv6k/fpu\libg.a(lib_a-findfp.o)
 .text.__sinit  0x0011962c       0x8c c:/devkitpro/devkitarm/bin/../lib/gcc/arm-none-eabi/6.3.0/../../../../arm-none-eabi/lib/armv6k/fpu\libg.a(lib_a-findfp.o)
                0x0011962c                __sinit
 .text.__sfp_lock_acquire
                0x001196b8        0xc c:/devkitpro/devkitarm/bin/../lib/gcc/arm-none-eabi/6.3.0/../../../../arm-none-eabi/lib/armv6k/fpu\libg.a(lib_a-findfp.o)
                0x001196b8                __sfp_lock_acquire
 .text.__sfp_lock_release
                0x001196c4        0xc c:/devkitpro/devkitarm/bin/../lib/gcc/arm-none-eabi/6.3.0/../../../../arm-none-eabi/lib/armv6k/fpu\libg.a(lib_a-findfp.o)
                0x001196c4                __sfp_lock_release
 .text._malloc_trim_r
                0x001196d0       0xf8 c:/devkitpro/devkitarm/bin/../lib/gcc/arm-none-eabi/6.3.0/../../../../arm-none-eabi/lib/armv6k/fpu\libg.a(lib_a-freer.o)
                0x001196d0                _malloc_trim_r
 .text._free_r  0x001197c8      0x2e4 c:/devkitpro/devkitarm/bin/../lib/gcc/arm-none-eabi/6.3.0/../../../../arm-none-eabi/lib/armv6k/fpu\libg.a(lib_a-freer.o)
                0x001197c8                _free_r
 .text.__sfvwrite_r
                0x00119aac      0x4ac c:/devkitpro/devkitarm/bin/../lib/gcc/arm-none-eabi/6.3.0/../../../../arm-none-eabi/lib/armv6k/fpu\libg.a(lib_a-fvwrite.o)
                0x00119aac                __sfvwrite_r
 .text._fwalk_reent
                0x00119f58       0x80 c:/devkitpro/devkitarm/bin/../lib/gcc/arm-none-eabi/6.3.0/../../../../arm-none-eabi/lib/armv6k/fpu\libg.a(lib_a-fwalk.o)
                0x00119f58                _fwalk_reent
 .text.iswspace
                0x00119fd8       0x74 c:/devkitpro/devkitarm/bin/../lib/gcc/arm-none-eabi/6.3.0/../../../../arm-none-eabi/lib/armv6k/fpu\libg.a(lib_a-iswspace.o)
                0x00119fd8                iswspace
 .text.__jp2uc  0x0011a04c      0x204 c:/devkitpro/devkitarm/bin/../lib/gcc/arm-none-eabi/6.3.0/../../../../arm-none-eabi/lib/armv6k/fpu\libg.a(lib_a-jp2uc.o)
 .text._jp2uc   0x0011a250       0xc8 c:/devkitpro/devkitarm/bin/../lib/gcc/arm-none-eabi/6.3.0/../../../../arm-none-eabi/lib/armv6k/fpu\libg.a(lib_a-jp2uc.o)
                0x0011a250                _jp2uc
 .text.__localeconv_l
                0x0011a318        0x8 c:/devkitpro/devkitarm/bin/../lib/gcc/arm-none-eabi/6.3.0/../../../../arm-none-eabi/lib/armv6k/fpu\libg.a(lib_a-localeconv.o)
                0x0011a318                __localeconv_l
 .text._localeconv_r
                0x0011a320       0x24 c:/devkitpro/devkitarm/bin/../lib/gcc/arm-none-eabi/6.3.0/../../../../arm-none-eabi/lib/armv6k/fpu\libg.a(lib_a-localeconv.o)
                0x0011a320                _localeconv_r
 .text.__locale_mb_cur_max
                0x0011a344       0x24 c:/devkitpro/devkitarm/bin/../lib/gcc/arm-none-eabi/6.3.0/../../../../arm-none-eabi/lib/armv6k/fpu\libg.a(lib_a-locale.o)
                0x0011a344                __locale_mb_cur_max
 .text.__locale_ctype_ptr_l
                0x0011a368        0x8 c:/devkitpro/devkitarm/bin/../lib/gcc/arm-none-eabi/6.3.0/../../../../arm-none-eabi/lib/armv6k/fpu\libg.a(lib_a-locale.o)
                0x0011a368                __locale_ctype_ptr_l
 .text.__locale_ctype_ptr
                0x0011a370       0x24 c:/devkitpro/devkitarm/bin/../lib/gcc/arm-none-eabi/6.3.0/../../../../arm-none-eabi/lib/armv6k/fpu\libg.a(lib_a-locale.o)
                0x0011a370                __locale_ctype_ptr
 .text.__swhatbuf_r
                0x0011a394       0x94 c:/devkitpro/devkitarm/bin/../lib/gcc/arm-none-eabi/6.3.0/../../../../arm-none-eabi/lib/armv6k/fpu\libg.a(lib_a-makebuf.o)
                0x0011a394                __swhatbuf_r
 .text.__smakebuf_r
                0x0011a428       0xf4 c:/devkitpro/devkitarm/bin/../lib/gcc/arm-none-eabi/6.3.0/../../../../arm-none-eabi/lib/armv6k/fpu\libg.a(lib_a-makebuf.o)
                0x0011a428                __smakebuf_r
 .text._mbrtowc_r
                0x0011a51c       0xb4 c:/devkitpro/devkitarm/bin/../lib/gcc/arm-none-eabi/6.3.0/../../../../arm-none-eabi/lib/armv6k/fpu\libg.a(lib_a-mbrtowc.o)
                0x0011a51c                _mbrtowc_r
 .text.__utf8_mbtowc
                0x0011a5d0      0x300 c:/devkitpro/devkitarm/bin/../lib/gcc/arm-none-eabi/6.3.0/../../../../arm-none-eabi/lib/armv6k/fpu\libg.a(lib_a-mbtowc_r.o)
                0x0011a5d0                __utf8_mbtowc
 .text.memmove  0x0011a8d0      0x148 c:/devkitpro/devkitarm/bin/../lib/gcc/arm-none-eabi/6.3.0/../../../../arm-none-eabi/lib/armv6k/fpu\libg.a(lib_a-memmove.o)
                0x0011a8d0                memmove
 .text._Balloc  0x0011aa18       0x88 c:/devkitpro/devkitarm/bin/../lib/gcc/arm-none-eabi/6.3.0/../../../../arm-none-eabi/lib/armv6k/fpu\libg.a(lib_a-mprec.o)
                0x0011aa18                _Balloc
 .text._Bfree   0x0011aaa0       0x1c c:/devkitpro/devkitarm/bin/../lib/gcc/arm-none-eabi/6.3.0/../../../../arm-none-eabi/lib/armv6k/fpu\libg.a(lib_a-mprec.o)
                0x0011aaa0                _Bfree
 .text.__multadd
                0x0011aabc       0xd8 c:/devkitpro/devkitarm/bin/../lib/gcc/arm-none-eabi/6.3.0/../../../../arm-none-eabi/lib/armv6k/fpu\libg.a(lib_a-mprec.o)
                0x0011aabc                __multadd
 .text.__s2b    0x0011ab94       0xf0 c:/devkitpro/devkitarm/bin/../lib/gcc/arm-none-eabi/6.3.0/../../../../arm-none-eabi/lib/armv6k/fpu\libg.a(lib_a-mprec.o)
                0x0011ab94                __s2b
 .text.__hi0bits
                0x0011ac84       0x58 c:/devkitpro/devkitarm/bin/../lib/gcc/arm-none-eabi/6.3.0/../../../../arm-none-eabi/lib/armv6k/fpu\libg.a(lib_a-mprec.o)
                0x0011ac84                __hi0bits
 .text.__lo0bits
                0x0011acdc       0x9c c:/devkitpro/devkitarm/bin/../lib/gcc/arm-none-eabi/6.3.0/../../../../arm-none-eabi/lib/armv6k/fpu\libg.a(lib_a-mprec.o)
                0x0011acdc                __lo0bits
 .text.__i2b    0x0011ad78       0x20 c:/devkitpro/devkitarm/bin/../lib/gcc/arm-none-eabi/6.3.0/../../../../arm-none-eabi/lib/armv6k/fpu\libg.a(lib_a-mprec.o)
                0x0011ad78                __i2b
 .text.__multiply
                0x0011ad98      0x1cc c:/devkitpro/devkitarm/bin/../lib/gcc/arm-none-eabi/6.3.0/../../../../arm-none-eabi/lib/armv6k/fpu\libg.a(lib_a-mprec.o)
                0x0011ad98                __multiply
 .text.__pow5mult
                0x0011af64      0x100 c:/devkitpro/devkitarm/bin/../lib/gcc/arm-none-eabi/6.3.0/../../../../arm-none-eabi/lib/armv6k/fpu\libg.a(lib_a-mprec.o)
                0x0011af64                __pow5mult
 .text.__lshift
                0x0011b064       0xe4 c:/devkitpro/devkitarm/bin/../lib/gcc/arm-none-eabi/6.3.0/../../../../arm-none-eabi/lib/armv6k/fpu\libg.a(lib_a-mprec.o)
                0x0011b064                __lshift
 .text.__mcmp   0x0011b148       0x60 c:/devkitpro/devkitarm/bin/../lib/gcc/arm-none-eabi/6.3.0/../../../../arm-none-eabi/lib/armv6k/fpu\libg.a(lib_a-mprec.o)
                0x0011b148                __mcmp
 .text.__mdiff  0x0011b1a8      0x198 c:/devkitpro/devkitarm/bin/../lib/gcc/arm-none-eabi/6.3.0/../../../../arm-none-eabi/lib/armv6k/fpu\libg.a(lib_a-mprec.o)
                0x0011b1a8                __mdiff
 .text.__ulp    0x0011b340       0x78 c:/devkitpro/devkitarm/bin/../lib/gcc/arm-none-eabi/6.3.0/../../../../arm-none-eabi/lib/armv6k/fpu\libg.a(lib_a-mprec.o)
                0x0011b340                __ulp
 .text.__b2d    0x0011b3b8       0xd4 c:/devkitpro/devkitarm/bin/../lib/gcc/arm-none-eabi/6.3.0/../../../../arm-none-eabi/lib/armv6k/fpu\libg.a(lib_a-mprec.o)
                0x0011b3b8                __b2d
 .text.__d2b    0x0011b48c      0x108 c:/devkitpro/devkitarm/bin/../lib/gcc/arm-none-eabi/6.3.0/../../../../arm-none-eabi/lib/armv6k/fpu\libg.a(lib_a-mprec.o)
                0x0011b48c                __d2b
 .text.__ratio  0x0011b594       0x7c c:/devkitpro/devkitarm/bin/../lib/gcc/arm-none-eabi/6.3.0/../../../../arm-none-eabi/lib/armv6k/fpu\libg.a(lib_a-mprec.o)
                0x0011b594                __ratio
 .text.__copybits
                0x0011b610       0x6c c:/devkitpro/devkitarm/bin/../lib/gcc/arm-none-eabi/6.3.0/../../../../arm-none-eabi/lib/armv6k/fpu\libg.a(lib_a-mprec.o)
                0x0011b610                __copybits
 .text.__any_on
                0x0011b67c       0x80 c:/devkitpro/devkitarm/bin/../lib/gcc/arm-none-eabi/6.3.0/../../../../arm-none-eabi/lib/armv6k/fpu\libg.a(lib_a-mprec.o)
                0x0011b67c                __any_on
 .text._realloc_r
                0x0011b6fc      0x4cc c:/devkitpro/devkitarm/bin/../lib/gcc/arm-none-eabi/6.3.0/../../../../arm-none-eabi/lib/armv6k/fpu\libg.a(lib_a-reallocr.o)
                0x0011b6fc                _realloc_r
 .text.__sccl   0x0011bbc8       0xcc c:/devkitpro/devkitarm/bin/../lib/gcc/arm-none-eabi/6.3.0/../../../../arm-none-eabi/lib/armv6k/fpu\libg.a(lib_a-sccl.o)
                0x0011bbc8                __sccl
 .text.nanf     0x0011bc94        0xc c:/devkitpro/devkitarm/bin/../lib/gcc/arm-none-eabi/6.3.0/../../../../arm-none-eabi/lib/armv6k/fpu\libg.a(lib_a-sf_nan.o)
                0x0011bc94                nanf
 .text.frexp    0x0011bca0       0x9c c:/devkitpro/devkitarm/bin/../lib/gcc/arm-none-eabi/6.3.0/../../../../arm-none-eabi/lib/armv6k/fpu\libg.a(lib_a-s_frexp.o)
                0x0011bca0                frexp
 .text.sprintf  0x0011bd3c       0x68 c:/devkitpro/devkitarm/bin/../lib/gcc/arm-none-eabi/6.3.0/../../../../arm-none-eabi/lib/armv6k/fpu\libg.a(lib_a-sprintf.o)
                0x0011bd3c                sprintf
 .text.stpncpy  0x0011bda4      0x100 c:/devkitpro/devkitarm/bin/../lib/gcc/arm-none-eabi/6.3.0/../../../../arm-none-eabi/lib/armv6k/fpu\libg.a(lib_a-stpncpy.o)
                0x0011bda4                stpncpy
 .text.strchr   0x0011bea4      0x1ac c:/devkitpro/devkitarm/bin/../lib/gcc/arm-none-eabi/6.3.0/../../../../arm-none-eabi/lib/armv6k/fpu\libg.a(lib_a-strchr.o)
                0x0011bea4                strchr
 .text.strncmp  0x0011c050      0x108 c:/devkitpro/devkitarm/bin/../lib/gcc/arm-none-eabi/6.3.0/../../../../arm-none-eabi/lib/armv6k/fpu\libg.a(lib_a-strncmp.o)
                0x0011c050                strncmp
 .text.unlikely.sulp
                0x0011c158       0x54 c:/devkitpro/devkitarm/bin/../lib/gcc/arm-none-eabi/6.3.0/../../../../arm-none-eabi/lib/armv6k/fpu\libg.a(lib_a-strtod.o)
 *fill*         0x0011c1ac        0x4 
 .text._strtod_l
                0x0011c1b0     0x1434 c:/devkitpro/devkitarm/bin/../lib/gcc/arm-none-eabi/6.3.0/../../../../arm-none-eabi/lib/armv6k/fpu\libg.a(lib_a-strtod.o)
                0x0011c1b0                _strtod_l
 .text._strtod_r
                0x0011d5e4       0x3c c:/devkitpro/devkitarm/bin/../lib/gcc/arm-none-eabi/6.3.0/../../../../arm-none-eabi/lib/armv6k/fpu\libg.a(lib_a-strtod.o)
                0x0011d5e4                _strtod_r
 .text._strtoll_l.isra.0
                0x0011d620      0x2dc c:/devkitpro/devkitarm/bin/../lib/gcc/arm-none-eabi/6.3.0/../../../../arm-none-eabi/lib/armv6k/fpu\libg.a(lib_a-strtoll.o)
 .text._strtoll_r
                0x0011d8fc       0x50 c:/devkitpro/devkitarm/bin/../lib/gcc/arm-none-eabi/6.3.0/../../../../arm-none-eabi/lib/armv6k/fpu\libg.a(lib_a-strtoll.o)
                0x0011d8fc                _strtoll_r
 .text._strtol_l.isra.0
                0x0011d94c      0x220 c:/devkitpro/devkitarm/bin/../lib/gcc/arm-none-eabi/6.3.0/../../../../arm-none-eabi/lib/armv6k/fpu\libg.a(lib_a-strtol.o)
 .text._strtol_r
                0x0011db6c       0x50 c:/devkitpro/devkitarm/bin/../lib/gcc/arm-none-eabi/6.3.0/../../../../arm-none-eabi/lib/armv6k/fpu\libg.a(lib_a-strtol.o)
                0x0011db6c                _strtol_r
 *fill*         0x0011dbbc        0x4 
 .text._strtoull_l.isra.0
                0x0011dbc0      0x268 c:/devkitpro/devkitarm/bin/../lib/gcc/arm-none-eabi/6.3.0/../../../../arm-none-eabi/lib/armv6k/fpu\libg.a(lib_a-strtoull.o)
 .text._strtoull_r
                0x0011de28       0x50 c:/devkitpro/devkitarm/bin/../lib/gcc/arm-none-eabi/6.3.0/../../../../arm-none-eabi/lib/armv6k/fpu\libg.a(lib_a-strtoull.o)
                0x0011de28                _strtoull_r
 .text._strtoul_l.isra.0
                0x0011de78      0x1e4 c:/devkitpro/devkitarm/bin/../lib/gcc/arm-none-eabi/6.3.0/../../../../arm-none-eabi/lib/armv6k/fpu\libg.a(lib_a-strtoul.o)
 .text._strtoul_r
                0x0011e05c       0x50 c:/devkitpro/devkitarm/bin/../lib/gcc/arm-none-eabi/6.3.0/../../../../arm-none-eabi/lib/armv6k/fpu\libg.a(lib_a-strtoul.o)
                0x0011e05c                _strtoul_r
 .text.__ssprint_r
                0x0011e0ac      0x188 c:/devkitpro/devkitarm/bin/../lib/gcc/arm-none-eabi/6.3.0/../../../../arm-none-eabi/lib/armv6k/fpu\libg.a(lib_a-svfiprintf.o)
                0x0011e0ac                __ssprint_r
 .text._sungetc_r
                0x0011e234       0xe8 c:/devkitpro/devkitarm/bin/../lib/gcc/arm-none-eabi/6.3.0/../../../../arm-none-eabi/lib/armv6k/fpu\libg.a(lib_a-svfiscanf.o)
                0x0011e234                _sungetc_r
 .text.__ssrefill_r
                0x0011e31c       0x6c c:/devkitpro/devkitarm/bin/../lib/gcc/arm-none-eabi/6.3.0/../../../../arm-none-eabi/lib/armv6k/fpu\libg.a(lib_a-svfiscanf.o)
                0x0011e31c                __ssrefill_r
 .text._sfread_r
                0x0011e388       0xd0 c:/devkitpro/devkitarm/bin/../lib/gcc/arm-none-eabi/6.3.0/../../../../arm-none-eabi/lib/armv6k/fpu\libg.a(lib_a-svfiscanf.o)
                0x0011e388                _sfread_r
 .text.get_arg  0x0011e458     0x1624 c:/devkitpro/devkitarm/bin/../lib/gcc/arm-none-eabi/6.3.0/../../../../arm-none-eabi/lib/armv6k/fpu\libg.a(lib_a-svfprintf.o)
 *fill*         0x0011fa7c        0x4 
 .text._svfprintf_r
                0x0011fa80     0x41c4 c:/devkitpro/devkitarm/bin/../lib/gcc/arm-none-eabi/6.3.0/../../../../arm-none-eabi/lib/armv6k/fpu\libg.a(lib_a-svfprintf.o)
                0x0011fa80                _svfprintf_r
 .text.__submore
                0x00123c44       0xa8 c:/devkitpro/devkitarm/bin/../lib/gcc/arm-none-eabi/6.3.0/../../../../arm-none-eabi/lib/armv6k/fpu\libg.a(lib_a-ungetc.o)
                0x00123c44                __submore
 .text._wcsnrtombs_l
                0x00123cec      0x174 c:/devkitpro/devkitarm/bin/../lib/gcc/arm-none-eabi/6.3.0/../../../../arm-none-eabi/lib/armv6k/fpu\libg.a(lib_a-wcsnrtombs.o)
                0x00123cec                _wcsnrtombs_l
 .text._wcsnrtombs_r
                0x00123e60       0x64 c:/devkitpro/devkitarm/bin/../lib/gcc/arm-none-eabi/6.3.0/../../../../arm-none-eabi/lib/armv6k/fpu\libg.a(lib_a-wcsnrtombs.o)
                0x00123e60                _wcsnrtombs_r
 .text.__utf8_wctomb
                0x00123ec4       0xe8 c:/devkitpro/devkitarm/bin/../lib/gcc/arm-none-eabi/6.3.0/../../../../arm-none-eabi/lib/armv6k/fpu\libg.a(lib_a-wctomb_r.o)
                0x00123ec4                __utf8_wctomb
 .text._calloc_r
                0x00123fac       0x90 c:/devkitpro/devkitarm/bin/../lib/gcc/arm-none-eabi/6.3.0/../../../../arm-none-eabi/lib/armv6k/fpu\libg.a(lib_a-callocr.o)
                0x00123fac                _calloc_r
 .text._fclose_r
                0x0012403c      0x154 c:/devkitpro/devkitarm/bin/../lib/gcc/arm-none-eabi/6.3.0/../../../../arm-none-eabi/lib/armv6k/fpu\libg.a(lib_a-fclose.o)
                0x0012403c                _fclose_r
 .text.rshift   0x00124190       0xf0 c:/devkitpro/devkitarm/bin/../lib/gcc/arm-none-eabi/6.3.0/../../../../arm-none-eabi/lib/armv6k/fpu\libg.a(lib_a-gdtoa-gethex.o)
 .text.__gethex
                0x00124280      0x7f4 c:/devkitpro/devkitarm/bin/../lib/gcc/arm-none-eabi/6.3.0/../../../../arm-none-eabi/lib/armv6k/fpu\libg.a(lib_a-gdtoa-gethex.o)
                0x00124280                __gethex
 .text.__match  0x00124a74       0x64 c:/devkitpro/devkitarm/bin/../lib/gcc/arm-none-eabi/6.3.0/../../../../arm-none-eabi/lib/armv6k/fpu\libg.a(lib_a-gdtoa-hexnan.o)
                0x00124a74                __match
 .text.__hexnan
                0x00124ad8      0x264 c:/devkitpro/devkitarm/bin/../lib/gcc/arm-none-eabi/6.3.0/../../../../arm-none-eabi/lib/armv6k/fpu\libg.a(lib_a-gdtoa-hexnan.o)
                0x00124ad8                __hexnan
 .text.null_write
                0x00124d3c        0x8 c:/devkitpro/devkitarm/bin/../lib/gcc/arm-none-eabi/6.3.0/../../../../arm-none-eabi/lib/armv6k/fpu\libsysbase.a(iosupport.o)
 .text.setDefaultDevice
                0x00124d44       0x18 c:/devkitpro/devkitarm/bin/../lib/gcc/arm-none-eabi/6.3.0/../../../../arm-none-eabi/lib/armv6k/fpu\libsysbase.a(iosupport.o)
                0x00124d44                setDefaultDevice
 .text.FindDevice
                0x00124d5c       0xcc c:/devkitpro/devkitarm/bin/../lib/gcc/arm-none-eabi/6.3.0/../../../../arm-none-eabi/lib/armv6k/fpu\libsysbase.a(iosupport.o)
                0x00124d5c                FindDevice
 .text.RemoveDevice
                0x00124e28       0x28 c:/devkitpro/devkitarm/bin/../lib/gcc/arm-none-eabi/6.3.0/../../../../arm-none-eabi/lib/armv6k/fpu\libsysbase.a(iosupport.o)
                0x00124e28                RemoveDevice
 .text.AddDevice
                0x00124e50       0x98 c:/devkitpro/devkitarm/bin/../lib/gcc/arm-none-eabi/6.3.0/../../../../arm-none-eabi/lib/armv6k/fpu\libsysbase.a(iosupport.o)
                0x00124e50                AddDevice
 .text._close_r
                0x00124ee8       0x84 c:/devkitpro/devkitarm/bin/../lib/gcc/arm-none-eabi/6.3.0/../../../../arm-none-eabi/lib/armv6k/fpu\libsysbase.a(close.o)
                0x00124ee8                _close_r
 .text._fstat_r
                0x00124f6c       0x7c c:/devkitpro/devkitarm/bin/../lib/gcc/arm-none-eabi/6.3.0/../../../../arm-none-eabi/lib/armv6k/fpu\libsysbase.a(fstat.o)
                0x00124f6c                _fstat_r
 .text._isatty_r
                0x00124fe8        0x8 c:/devkitpro/devkitarm/bin/../lib/gcc/arm-none-eabi/6.3.0/../../../../arm-none-eabi/lib/armv6k/fpu\libsysbase.a(isatty.o)
                0x00124fe8                _isatty_r
 .text._lseek_r
                0x00124ff0       0x90 c:/devkitpro/devkitarm/bin/../lib/gcc/arm-none-eabi/6.3.0/../../../../arm-none-eabi/lib/armv6k/fpu\libsysbase.a(lseek.o)
                0x00124ff0                _lseek_r
 .text._read_r  0x00125080       0x88 c:/devkitpro/devkitarm/bin/../lib/gcc/arm-none-eabi/6.3.0/../../../../arm-none-eabi/lib/armv6k/fpu\libsysbase.a(read.o)
                0x00125080                _read_r
 .text._sbrk_r  0x00125108       0x70 c:/devkitpro/devkitarm/bin/../lib/gcc/arm-none-eabi/6.3.0/../../../../arm-none-eabi/lib/armv6k/fpu\libsysbase.a(sbrk.o)
                0x00125108                _sbrk_r
 .text._write_r
                0x00125178       0x88 c:/devkitpro/devkitarm/bin/../lib/gcc/arm-none-eabi/6.3.0/../../../../arm-none-eabi/lib/armv6k/fpu\libsysbase.a(write.o)
                0x00125178                _write_r
 .text._concatenate_path
                0x00125200      0x1d4 c:/devkitpro/devkitarm/bin/../lib/gcc/arm-none-eabi/6.3.0/../../../../arm-none-eabi/lib/armv6k/fpu\libsysbase.a(chdir.o)
                0x00125200                _concatenate_path
 .text.chdir    0x001253d4      0x15c c:/devkitpro/devkitarm/bin/../lib/gcc/arm-none-eabi/6.3.0/../../../../arm-none-eabi/lib/armv6k/fpu\libsysbase.a(chdir.o)
                0x001253d4                chdir
 .text.__flockfile
                0x00125530        0x8 c:/devkitpro/devkitarm/bin/../lib/gcc/arm-none-eabi/6.3.0/../../../../arm-none-eabi/lib/armv6k/fpu\libsysbase.a(flock.o)
                0x00125530                __flockfile
 .text.__funlockfile
                0x00125538        0x8 c:/devkitpro/devkitarm/bin/../lib/gcc/arm-none-eabi/6.3.0/../../../../arm-none-eabi/lib/armv6k/fpu\libsysbase.a(flock.o)
                0x00125538                __funlockfile
 .text.__libc_lock_acquire
                0x00125540       0x18 c:/devkitpro/devkitarm/bin/../lib/gcc/arm-none-eabi/6.3.0/../../../../arm-none-eabi/lib/armv6k/fpu\libsysbase.a(syscall_support.o)
                0x00125540                __libc_lock_acquire
 .text.__libc_lock_release
                0x00125558       0x18 c:/devkitpro/devkitarm/bin/../lib/gcc/arm-none-eabi/6.3.0/../../../../arm-none-eabi/lib/armv6k/fpu\libsysbase.a(syscall_support.o)
                0x00125558                __libc_lock_release
 .text.__libc_lock_init_recursive
                0x00125570       0x18 c:/devkitpro/devkitarm/bin/../lib/gcc/arm-none-eabi/6.3.0/../../../../arm-none-eabi/lib/armv6k/fpu\libsysbase.a(syscall_support.o)
                0x00125570                __libc_lock_init_recursive
 .text.__libc_lock_acquire_recursive
                0x00125588       0x18 c:/devkitpro/devkitarm/bin/../lib/gcc/arm-none-eabi/6.3.0/../../../../arm-none-eabi/lib/armv6k/fpu\libsysbase.a(syscall_support.o)
                0x00125588                __libc_lock_acquire_recursive
 .text.__libc_lock_release_recursive
                0x001255a0       0x18 c:/devkitpro/devkitarm/bin/../lib/gcc/arm-none-eabi/6.3.0/../../../../arm-none-eabi/lib/armv6k/fpu\libsysbase.a(syscall_support.o)
                0x001255a0                __libc_lock_release_recursive
 .text.__libc_lock_close_recursive
                0x001255b8       0x18 c:/devkitpro/devkitarm/bin/../lib/gcc/arm-none-eabi/6.3.0/../../../../arm-none-eabi/lib/armv6k/fpu\libsysbase.a(syscall_support.o)
                0x001255b8                __libc_lock_close_recursive
 .text.__free_handle
                0x001255d0       0x4c c:/devkitpro/devkitarm/bin/../lib/gcc/arm-none-eabi/6.3.0/../../../../arm-none-eabi/lib/armv6k/fpu\libsysbase.a(handle_manager.o)
                0x001255d0                __free_handle
 .text.__release_handle
                0x0012561c       0x40 c:/devkitpro/devkitarm/bin/../lib/gcc/arm-none-eabi/6.3.0/../../../../arm-none-eabi/lib/armv6k/fpu\libsysbase.a(handle_manager.o)
                0x0012561c                __release_handle
 .text.__get_handle
                0x0012565c       0x18 c:/devkitpro/devkitarm/bin/../lib/gcc/arm-none-eabi/6.3.0/../../../../arm-none-eabi/lib/armv6k/fpu\libsysbase.a(handle_manager.o)
                0x0012565c                __get_handle
 .text.__getreent
                0x00125674       0x28 c:/devkitpro/devkitarm/bin/../lib/gcc/arm-none-eabi/6.3.0/../../../../arm-none-eabi/lib/armv6k/fpu\libsysbase.a(getreent.o)
                0x00125674                __getreent
 .text.strnlen  0x0012569c       0x5c c:/devkitpro/devkitarm/bin/../lib/gcc/arm-none-eabi/6.3.0/../../../../arm-none-eabi/lib/armv6k/fpu\libg.a(lib_a-strnlen.o)
                0x0012569c                strnlen
 .text.strrchr  0x001256f8       0x44 c:/devkitpro/devkitarm/bin/../lib/gcc/arm-none-eabi/6.3.0/../../../../arm-none-eabi/lib/armv6k/fpu\libg.a(lib_a-strrchr.o)
                0x001256f8                strrchr
 *(.glue_7)
 .glue_7        0x0012573c        0x0 linker stubs
 *(.glue_7t)
 .glue_7t       0x0012573c        0x0 linker stubs
 *(.stub)
 *(.gnu.warning)
 *(.gnu.linkonce.t*)
                0x0012573c                . = ALIGN (0x4)
 *(.fini)
 .fini          0x0012573c        0xc c:/devkitpro/devkitarm/bin/../lib/gcc/arm-none-eabi/6.3.0/armv6k/fpu/crti.o
                0x0012573c                _fini
 .fini          0x00125748        0xc c:/devkitpro/devkitarm/bin/../lib/gcc/arm-none-eabi/6.3.0/armv6k/fpu/crtn.o
                0x00125754                . = ALIGN (0x4)

.vfp11_veneer   0x00125754        0x0
 .vfp11_veneer  0x00125754        0x0 linker stubs

.v4_bx          0x00125754        0x0
 .v4_bx         0x00125754        0x0 linker stubs

.iplt           0x00125754        0x0
 .iplt          0x00125754        0x0 c:/devkitpro/devkitarm/bin/../lib/gcc/arm-none-eabi/6.3.0/../../../../arm-none-eabi/lib/armv6k/fpu/3dsx_crt0.o

.rodata         0x00126000     0x4950
 *(.rodata)
 .rodata        0x00126000       0x1c c:/devkitPro/libctru/lib\libctru.a(gfx.o)
 .rodata        0x0012601c      0x168 c:/devkitPro/libctru/lib\libctru.a(console.o)
 .rodata        0x00126184        0xc c:/devkitPro/libctru/lib\libctru.a(apt.o)
 .rodata        0x00126190      0x804 c:/devkitPro/libctru/lib\libctru.a(default_font.bin.o)
                0x00126190                default_font_bin
                0x00126990                default_font_bin_size
                0x00126990                default_font_bin_end
 .rodata        0x00126994       0x3c c:/devkitPro/libctru/lib\libctru.a(sdmc_dev.o)
 *(.roda)
 *(.rodata.*)
 .rodata.str1.4
                0x001269d0        0x9 ctr-led-brary.o
 *fill*         0x001269d9        0x3 
 .rodata.str1.4
                0x001269dc      0x101 main.o
 *fill*         0x00126add        0x3 
 .rodata.str1.4
                0x00126ae0        0x5 c:/devkitPro/libctru/lib\libctru.a(srv.o)
 *fill*         0x00126ae5        0x3 
 .rodata.str1.4
                0x00126ae8       0x70 c:/devkitPro/libctru/lib\libctru.a(console.o)
 .rodata.str1.4
                0x00126b58       0x15 c:/devkitPro/libctru/lib\libctru.a(hid.o)
 *fill*         0x00126b6d        0x3 
 .rodata.str1.4
                0x00126b70       0x16 c:/devkitPro/libctru/lib\libctru.a(apt.o)
 *fill*         0x00126b86        0x2 
 .rodata.str1.4
                0x00126b88        0x9 c:/devkitPro/libctru/lib\libctru.a(gspgpu.o)
 *fill*         0x00126b91        0x3 
 .rodata.str1.4
                0x00126b94        0x7 c:/devkitPro/libctru/lib\libctru.a(irrst.o)
 .rodata.str1.4
                0x00126b9b        0x9 c:/devkitPro/libctru/lib\libctru.a(ptmsysm.o)
 *fill*         0x00126b9b        0x1 
 .rodata.str1.4
                0x00126b9c        0xd c:/devkitPro/libctru/lib\libctru.a(sdmc_dev.o)
                                 0x11 (size before relaxing)
 *fill*         0x00126ba9        0x3 
 .rodata.str1.4
                0x00126bac        0x8 c:/devkitPro/libctru/lib\libctru.a(fs.o)
                                  0x9 (size before relaxing)
 .rodata.npio2_hw
                0x00126bb4       0x80 c:/devkitpro/devkitarm/bin/../lib/gcc/arm-none-eabi/6.3.0/../../../../arm-none-eabi/lib/armv6k/fpu\libm.a(lib_a-e_rem_pio2.o)
 .rodata.two_over_pi
                0x00126c34      0x108 c:/devkitpro/devkitarm/bin/../lib/gcc/arm-none-eabi/6.3.0/../../../../arm-none-eabi/lib/armv6k/fpu\libm.a(lib_a-e_rem_pio2.o)
 *fill*         0x00126d3c        0x4 
 .rodata.PIo2   0x00126d40       0x40 c:/devkitpro/devkitarm/bin/../lib/gcc/arm-none-eabi/6.3.0/../../../../arm-none-eabi/lib/armv6k/fpu\libm.a(lib_a-k_rem_pio2.o)
 .rodata.init_jk
                0x00126d80       0x10 c:/devkitpro/devkitarm/bin/../lib/gcc/arm-none-eabi/6.3.0/../../../../arm-none-eabi/lib/armv6k/fpu\libm.a(lib_a-k_rem_pio2.o)
 .rodata.__ssvfscanf_r.str1.4
                0x00126d90        0x5 c:/devkitpro/devkitarm/bin/../lib/gcc/arm-none-eabi/6.3.0/../../../../arm-none-eabi/lib/armv6k/fpu\libg.a(lib_a-svfscanf.o)
 *fill*         0x00126d95        0x3 
 .rodata.basefix.8441
                0x00126d98       0x22 c:/devkitpro/devkitarm/bin/../lib/gcc/arm-none-eabi/6.3.0/../../../../arm-none-eabi/lib/armv6k/fpu\libg.a(lib_a-svfscanf.o)
 *fill*         0x00126dba        0x2 
 .rodata._vfiprintf_r.str1.4
                0x00126dbc       0x2f c:/devkitpro/devkitarm/bin/../lib/gcc/arm-none-eabi/6.3.0/../../../../arm-none-eabi/lib/armv6k/fpu\libg.a(lib_a-vfiprintf.o)
 *fill*         0x00126deb        0x1 
 .rodata.blanks.8383
                0x00126dec       0x10 c:/devkitpro/devkitarm/bin/../lib/gcc/arm-none-eabi/6.3.0/../../../../arm-none-eabi/lib/armv6k/fpu\libg.a(lib_a-vfiprintf.o)
 .rodata.zeroes.8384
                0x00126dfc       0x10 c:/devkitpro/devkitarm/bin/../lib/gcc/arm-none-eabi/6.3.0/../../../../arm-none-eabi/lib/armv6k/fpu\libg.a(lib_a-vfiprintf.o)
 .rodata._vfprintf_r.str1.4
                0x00126e0c       0x12 c:/devkitpro/devkitarm/bin/../lib/gcc/arm-none-eabi/6.3.0/../../../../arm-none-eabi/lib/armv6k/fpu\libg.a(lib_a-vfprintf.o)
                                 0x42 (size before relaxing)
 *fill*         0x00126e1e        0x2 
 .rodata.blanks.8415
                0x00126e20       0x10 c:/devkitpro/devkitarm/bin/../lib/gcc/arm-none-eabi/6.3.0/../../../../arm-none-eabi/lib/armv6k/fpu\libg.a(lib_a-vfprintf.o)
 .rodata.zeroes.8416
                0x00126e30       0x10 c:/devkitpro/devkitarm/bin/../lib/gcc/arm-none-eabi/6.3.0/../../../../arm-none-eabi/lib/armv6k/fpu\libg.a(lib_a-vfprintf.o)
 .rodata._dtoa_r.str1.4
                0x00126e40       0x10 c:/devkitpro/devkitarm/bin/../lib/gcc/arm-none-eabi/6.3.0/../../../../arm-none-eabi/lib/armv6k/fpu\libg.a(lib_a-dtoa.o)
                                 0x12 (size before relaxing)
 .rodata._jp2uc.str1.4
                0x00126e50       0x12 c:/devkitpro/devkitarm/bin/../lib/gcc/arm-none-eabi/6.3.0/../../../../arm-none-eabi/lib/armv6k/fpu\libg.a(lib_a-jp2uc.o)
 *fill*         0x00126e62        0x2 
 .rodata.a1     0x00126e64       0xbc c:/devkitpro/devkitarm/bin/../lib/gcc/arm-none-eabi/6.3.0/../../../../arm-none-eabi/lib/armv6k/fpu\libg.a(lib_a-jp2uc.o)
 .rodata.a2     0x00126f20       0xbc c:/devkitpro/devkitarm/bin/../lib/gcc/arm-none-eabi/6.3.0/../../../../arm-none-eabi/lib/armv6k/fpu\libg.a(lib_a-jp2uc.o)
 .rodata.a3     0x00126fdc       0x5b c:/devkitpro/devkitarm/bin/../lib/gcc/arm-none-eabi/6.3.0/../../../../arm-none-eabi/lib/armv6k/fpu\libg.a(lib_a-jp2uc.o)
 *fill*         0x00127037        0x1 
 .rodata.a6     0x00127038       0x70 c:/devkitpro/devkitarm/bin/../lib/gcc/arm-none-eabi/6.3.0/../../../../arm-none-eabi/lib/armv6k/fpu\libg.a(lib_a-jp2uc.o)
 .rodata.a7     0x001270a8       0xa2 c:/devkitpro/devkitarm/bin/../lib/gcc/arm-none-eabi/6.3.0/../../../../arm-none-eabi/lib/armv6k/fpu\libg.a(lib_a-jp2uc.o)
 *fill*         0x0012714a        0x2 
 .rodata.a8     0x0012714c       0x40 c:/devkitpro/devkitarm/bin/../lib/gcc/arm-none-eabi/6.3.0/../../../../arm-none-eabi/lib/armv6k/fpu\libg.a(lib_a-jp2uc.o)
 .rodata.b02cf  0x0012718c     0x172a c:/devkitpro/devkitarm/bin/../lib/gcc/arm-none-eabi/6.3.0/../../../../arm-none-eabi/lib/armv6k/fpu\libg.a(lib_a-jp2uc.o)
 *fill*         0x001288b6        0x2 
 .rodata.d02f4  0x001288b8     0x1a7c c:/devkitpro/devkitarm/bin/../lib/gcc/arm-none-eabi/6.3.0/../../../../arm-none-eabi/lib/armv6k/fpu\libg.a(lib_a-jp2uc.o)
 .rodata.str1.4
                0x0012a334       0x48 c:/devkitpro/devkitarm/bin/../lib/gcc/arm-none-eabi/6.3.0/../../../../arm-none-eabi/lib/armv6k/fpu\libg.a(lib_a-locale.o)
                                 0x4c (size before relaxing)
 .rodata._mbrtowc_r.str1.4
                0x0012a37c        0x1 c:/devkitpro/devkitarm/bin/../lib/gcc/arm-none-eabi/6.3.0/../../../../arm-none-eabi/lib/armv6k/fpu\libg.a(lib_a-mbrtowc.o)
 *fill*         0x0012a37c        0x4 
 .rodata.__mprec_bigtens
                0x0012a380       0x28 c:/devkitpro/devkitarm/bin/../lib/gcc/arm-none-eabi/6.3.0/../../../../arm-none-eabi/lib/armv6k/fpu\libg.a(lib_a-mprec.o)
                0x0012a380                __mprec_bigtens
 .rodata.__mprec_tens
                0x0012a3a8       0xc8 c:/devkitpro/devkitarm/bin/../lib/gcc/arm-none-eabi/6.3.0/../../../../arm-none-eabi/lib/armv6k/fpu\libg.a(lib_a-mprec.o)
                0x0012a3a8                __mprec_tens
 .rodata.p05.7191
                0x0012a470        0xc c:/devkitpro/devkitarm/bin/../lib/gcc/arm-none-eabi/6.3.0/../../../../arm-none-eabi/lib/armv6k/fpu\libg.a(lib_a-mprec.o)
 .rodata._strtod_l.str1.4
                0x0012a47c        0xf c:/devkitpro/devkitarm/bin/../lib/gcc/arm-none-eabi/6.3.0/../../../../arm-none-eabi/lib/armv6k/fpu\libg.a(lib_a-strtod.o)
 *fill*         0x0012a48b        0x1 
 .rodata.fpi.7277
                0x0012a48c       0x14 c:/devkitpro/devkitarm/bin/../lib/gcc/arm-none-eabi/6.3.0/../../../../arm-none-eabi/lib/armv6k/fpu\libg.a(lib_a-strtod.o)
 .rodata.fpinan.7313
                0x0012a4a0       0x14 c:/devkitpro/devkitarm/bin/../lib/gcc/arm-none-eabi/6.3.0/../../../../arm-none-eabi/lib/armv6k/fpu\libg.a(lib_a-strtod.o)
 *fill*         0x0012a4b4        0x4 
 .rodata.tinytens
                0x0012a4b8       0x28 c:/devkitpro/devkitarm/bin/../lib/gcc/arm-none-eabi/6.3.0/../../../../arm-none-eabi/lib/armv6k/fpu\libg.a(lib_a-strtod.o)
 .rodata.__action_table
                0x0012a4e0       0x6c c:/devkitpro/devkitarm/bin/../lib/gcc/arm-none-eabi/6.3.0/../../../../arm-none-eabi/lib/armv6k/fpu\libg.a(lib_a-svfiprintf.o)
                0x0012a4e0                __action_table
 .rodata.__chclass
                0x0012a54c      0x100 c:/devkitpro/devkitarm/bin/../lib/gcc/arm-none-eabi/6.3.0/../../../../arm-none-eabi/lib/armv6k/fpu\libg.a(lib_a-svfiprintf.o)
                0x0012a54c                __chclass
 .rodata.__state_table
                0x0012a64c       0x6c c:/devkitpro/devkitarm/bin/../lib/gcc/arm-none-eabi/6.3.0/../../../../arm-none-eabi/lib/armv6k/fpu\libg.a(lib_a-svfiprintf.o)
                0x0012a64c                __state_table
 .rodata._svfprintf_r.str1.4
                0x0012a6b8       0x42 c:/devkitpro/devkitarm/bin/../lib/gcc/arm-none-eabi/6.3.0/../../../../arm-none-eabi/lib/armv6k/fpu\libg.a(lib_a-svfprintf.o)
 .rodata.blanks.8400
                0x0012a6b8       0x10 c:/devkitpro/devkitarm/bin/../lib/gcc/arm-none-eabi/6.3.0/../../../../arm-none-eabi/lib/armv6k/fpu\libg.a(lib_a-svfprintf.o)
 .rodata.zeroes.8401
                0x0012a6c8       0x10 c:/devkitpro/devkitarm/bin/../lib/gcc/arm-none-eabi/6.3.0/../../../../arm-none-eabi/lib/armv6k/fpu\libg.a(lib_a-svfprintf.o)
 .rodata._ctype_
                0x0012a6d8      0x101 c:/devkitpro/devkitarm/bin/../lib/gcc/arm-none-eabi/6.3.0/../../../../arm-none-eabi/lib/armv6k/fpu\libg.a(lib_a-ctype_.o)
                0x0012a6d8                _ctype_
 *fill*         0x0012a7d9        0x3 
 .rodata.__hexdig
                0x0012a7dc      0x100 c:/devkitpro/devkitarm/bin/../lib/gcc/arm-none-eabi/6.3.0/../../../../arm-none-eabi/lib/armv6k/fpu\libg.a(lib_a-gdtoa-gethex.o)
                0x0012a7dc                __hexdig
 .rodata.AddDevice.str1.4
                0x0012a8dc        0x8 c:/devkitpro/devkitarm/bin/../lib/gcc/arm-none-eabi/6.3.0/../../../../arm-none-eabi/lib/armv6k/fpu\libsysbase.a(iosupport.o)
 .rodata.dotab_stdnull
                0x0012a8e4       0x68 c:/devkitpro/devkitarm/bin/../lib/gcc/arm-none-eabi/6.3.0/../../../../arm-none-eabi/lib/armv6k/fpu\libsysbase.a(iosupport.o)
                0x0012a8e4                dotab_stdnull
 .rodata.DIRECTORY_PARENT
                0x0012a94c        0x3 c:/devkitpro/devkitarm/bin/../lib/gcc/arm-none-eabi/6.3.0/../../../../arm-none-eabi/lib/armv6k/fpu\libsysbase.a(chdir.o)
                0x0012a94c                DIRECTORY_PARENT
 *all.rodata*(*)
 *(.gnu.linkonce.r*)
                0x0012a950                . = ALIGN (0x4)
 *fill*         0x0012a94f        0x1 

.eh_frame       0x0012a950        0x0
 .eh_frame      0x0012a950        0x0 c:/devkitpro/devkitarm/bin/../lib/gcc/arm-none-eabi/6.3.0/armv6k/fpu/crtbegin.o

.rel.dyn        0x0012a950        0x0
 .rel.iplt      0x0012a950        0x0 c:/devkitpro/devkitarm/bin/../lib/gcc/arm-none-eabi/6.3.0/../../../../arm-none-eabi/lib/armv6k/fpu/3dsx_crt0.o

.ARM.extab
 *(.ARM.extab* .gnu.linkonce.armextab.*)
                0x0012a950                __exidx_start = .

ARM.exidx
 *(.ARM.exidx* .gnu.linkonce.armexidx.*)
                0x0012a950                __exidx_end = .

.data           0x0012b000     0x2f4c
 *(.data)
 .data          0x0012b000        0xc c:/devkitPro/libctru/lib\libctru.a(gfx.o)
 .data          0x0012b00c       0x51 c:/devkitPro/libctru/lib\libctru.a(console.o)
                0x0012b00c                defaultConsole
                0x0012b058                currentConsole
 *fill*         0x0012b05d        0x3 
 .data          0x0012b060        0x4 c:/devkitPro/libctru/lib\libctru.a(apt.o)
 .data          0x0012b064        0x4 c:/devkitPro/libctru/lib\libctru.a(gspgpu.o)
 .data          0x0012b068        0x4 c:/devkitPro/libctru/lib\libctru.a(stack_adjust.o)
                0x0012b068                __stacksize__
 .data          0x0012b06c        0x4 c:/devkitPro/libctru/lib\libctru.a(allocateHeaps.o)
                0x0012b06c                __ctru_linear_heap_size
 .data          0x0012b070      0x46c c:/devkitPro/libctru/lib\libctru.a(sdmc_dev.o)
 *(.data.*)
 .data._impure_ptr
                0x0012b4dc        0x4 c:/devkitpro/devkitarm/bin/../lib/gcc/arm-none-eabi/6.3.0/../../../../arm-none-eabi/lib/armv6k/fpu\libg.a(lib_a-impure.o)
                0x0012b4dc                _impure_ptr
 .data.impure_data
                0x0012b4e0      0x460 c:/devkitpro/devkitarm/bin/../lib/gcc/arm-none-eabi/6.3.0/../../../../arm-none-eabi/lib/armv6k/fpu\libg.a(lib_a-impure.o)
 .data.__malloc_av_
                0x0012b940      0x408 c:/devkitpro/devkitarm/bin/../lib/gcc/arm-none-eabi/6.3.0/../../../../arm-none-eabi/lib/armv6k/fpu\libg.a(lib_a-mallocr.o)
                0x0012b940                __malloc_av_
 .data.__malloc_sbrk_base
                0x0012bd48        0x4 c:/devkitpro/devkitarm/bin/../lib/gcc/arm-none-eabi/6.3.0/../../../../arm-none-eabi/lib/armv6k/fpu\libg.a(lib_a-mallocr.o)
                0x0012bd48                __malloc_sbrk_base
 .data.__malloc_trim_threshold
                0x0012bd4c        0x4 c:/devkitpro/devkitarm/bin/../lib/gcc/arm-none-eabi/6.3.0/../../../../arm-none-eabi/lib/armv6k/fpu\libg.a(lib_a-mallocr.o)
                0x0012bd4c                __malloc_trim_threshold
 .data.__malloc_lock_object
                0x0012bd50        0xc c:/devkitpro/devkitarm/bin/../lib/gcc/arm-none-eabi/6.3.0/../../../../arm-none-eabi/lib/armv6k/fpu\libg.a(lib_a-mlock.o)
 .data.__sfp_lock
                0x0012bd5c        0xc c:/devkitpro/devkitarm/bin/../lib/gcc/arm-none-eabi/6.3.0/../../../../arm-none-eabi/lib/armv6k/fpu\libg.a(lib_a-findfp.o)
 .data.__sinit_lock
                0x0012bd68        0xc c:/devkitpro/devkitarm/bin/../lib/gcc/arm-none-eabi/6.3.0/../../../../arm-none-eabi/lib/armv6k/fpu\libg.a(lib_a-findfp.o)
 .data.__global_locale
                0x0012bd74      0x16c c:/devkitpro/devkitarm/bin/../lib/gcc/arm-none-eabi/6.3.0/../../../../arm-none-eabi/lib/armv6k/fpu\libg.a(lib_a-locale.o)
                0x0012bd74                __global_locale
 .data.defaultDevice
                0x0012bee0        0x4 c:/devkitpro/devkitarm/bin/../lib/gcc/arm-none-eabi/6.3.0/../../../../arm-none-eabi/lib/armv6k/fpu\libsysbase.a(iosupport.o)
 .data.devoptab_list
                0x0012bee4       0x40 c:/devkitpro/devkitarm/bin/../lib/gcc/arm-none-eabi/6.3.0/../../../../arm-none-eabi/lib/armv6k/fpu\libsysbase.a(iosupport.o)
                0x0012bee4                devoptab_list
 .data._current_working_directory
                0x0012bf24     0x1000 c:/devkitpro/devkitarm/bin/../lib/gcc/arm-none-eabi/6.3.0/../../../../arm-none-eabi/lib/armv6k/fpu\libsysbase.a(chdir.o)
 .data.__hndl_lock
                0x0012cf24        0x4 c:/devkitpro/devkitarm/bin/../lib/gcc/arm-none-eabi/6.3.0/../../../../arm-none-eabi/lib/armv6k/fpu\libsysbase.a(handle_manager.o)
 .data.__stderr_handle
                0x0012cf28        0xc c:/devkitpro/devkitarm/bin/../lib/gcc/arm-none-eabi/6.3.0/../../../../arm-none-eabi/lib/armv6k/fpu\libsysbase.a(handle_manager.o)
 .data.__stdin_handle
                0x0012cf34        0xc c:/devkitpro/devkitarm/bin/../lib/gcc/arm-none-eabi/6.3.0/../../../../arm-none-eabi/lib/armv6k/fpu\libsysbase.a(handle_manager.o)
 .data.__stdout_handle
                0x0012cf40        0xc c:/devkitpro/devkitarm/bin/../lib/gcc/arm-none-eabi/6.3.0/../../../../arm-none-eabi/lib/armv6k/fpu\libsysbase.a(handle_manager.o)
 .data.handles  0x0012cf4c     0x1000 c:/devkitpro/devkitarm/bin/../lib/gcc/arm-none-eabi/6.3.0/../../../../arm-none-eabi/lib/armv6k/fpu\libsysbase.a(handle_manager.o)
 *(.gnu.linkonce.d*)
                0x0012df4c                . = ALIGN (0x4)

.igot.plt       0x0012df4c        0x0
 .igot.plt      0x0012df4c        0x0 c:/devkitpro/devkitarm/bin/../lib/gcc/arm-none-eabi/6.3.0/../../../../arm-none-eabi/lib/armv6k/fpu/3dsx_crt0.o

.jcr            0x0012df4c        0x0
 .jcr           0x0012df4c        0x0 c:/devkitpro/devkitarm/bin/../lib/gcc/arm-none-eabi/6.3.0/armv6k/fpu/crtbegin.o

.tm_clone_table
                0x0012df4c        0x0
 .tm_clone_table
                0x0012df4c        0x0 c:/devkitpro/devkitarm/bin/../lib/gcc/arm-none-eabi/6.3.0/armv6k/fpu/crtbegin.o
 .tm_clone_table
                0x0012df4c        0x0 c:/devkitpro/devkitarm/bin/../lib/gcc/arm-none-eabi/6.3.0/armv6k/fpu/crtend.o
                0x0012df4c                __TMC_END__

.tdata          0x0012df4c        0x0
                0x0012df4c                __tdata_lma = .
 *(.tdata)
 *(.tdata.*)
 *(.gnu.linkonce.td.*)
                0x0012df4c                . = ALIGN (0x4)
                0x0012df4c                __tdata_lma_end = .

.tbss           0x0012df4c     0x340c
 *(.tbss)
 .tbss          0x0012df4c     0x340a c:/devkitPro/libctru/lib\libctru.a(sdmc_dev.o)
 *(.tbss.*)
 *(.gnu.linkonce.tb.*)
 *(.tcommon)
                0x00131358                . = ALIGN (0x4)
 *fill*         0x00131356        0x2 

.preinit_array  0x0012df4c        0x0
                0x0012df4c                PROVIDE (__preinit_array_start, .)
 *(.preinit_array)
                0x0012df4c                PROVIDE (__preinit_array_end, .)

.init_array     0x0012df4c        0x4
                0x0012df4c                PROVIDE (__init_array_start, .)
 *(SORT(.init_array.*))
 *(.init_array)
 .init_array    0x0012df4c        0x4 c:/devkitpro/devkitarm/bin/../lib/gcc/arm-none-eabi/6.3.0/armv6k/fpu/crtbegin.o
                0x0012df50                PROVIDE (__init_array_end, .)

.fini_array     0x0012df50        0x4
                0x0012df50                PROVIDE (__fini_array_start, .)
 *(.fini_array)
 .fini_array    0x0012df50        0x4 c:/devkitpro/devkitarm/bin/../lib/gcc/arm-none-eabi/6.3.0/armv6k/fpu/crtbegin.o
 *(SORT(.fini_array.*))
                0x0012df54                PROVIDE (__fini_array_end, .)

.ctors
 *crtbegin.o(.ctors)
 *(EXCLUDE_FILE(*crtend.o) .ctors)
 *(SORT(.ctors.*))
 *(.ctors)

.dtors
 *crtbegin.o(.dtors)
 *(EXCLUDE_FILE(*crtend.o) .dtors)
 *(SORT(.dtors.*))
 *(.dtors)
                0x0012df54                __bss_start__ = .

.bss            0x0012df54     0x57d4
 *(.dynbss)
 *(.bss)
 .bss           0x0012df54        0x5 ctr-led-brary.o
                0x0012df54                ptmsysmHandle
                0x0012df58                SecureLock
 *fill*         0x0012df59        0x3 
 .bss           0x0012df5c        0xe c:/devkitPro/libctru/lib\libctru.a(gfx.o)
 *fill*         0x0012df6a        0x2 
 .bss           0x0012df6c        0x8 c:/devkitPro/libctru/lib\libctru.a(srv.o)
 .bss           0x0012df74       0x2c c:/devkitPro/libctru/lib\libctru.a(hid.o)
 .bss           0x0012dfa0     0x103e c:/devkitPro/libctru/lib\libctru.a(apt.o)
 *fill*         0x0012efde        0x2 
 .bss           0x0012efe0       0xa8 c:/devkitPro/libctru/lib\libctru.a(gspgpu.o)
 .bss           0x0012f088        0xc c:/devkitPro/libctru/lib\libctru.a(irrst.o)
 .bss           0x0012f094        0x8 c:/devkitPro/libctru/lib\libctru.a(stack_adjust.o)
 .bss           0x0012f09c       0x14 c:/devkitPro/libctru/lib\libctru.a(linear.o)
 .bss           0x0012f0b0       0x14 c:/devkitPro/libctru/lib\libctru.a(mappable.o)
 .bss           0x0012f0c4       0x14 c:/devkitPro/libctru/lib\libctru.a(vram.o)
 .bss           0x0012f0d8        0x1 c:/devkitPro/libctru/lib\libctru.a(os.o)
                0x0012f0d8                __ctru_speedup
 *fill*         0x0012f0d9        0x3 
 .bss           0x0012f0dc        0x4 c:/devkitPro/libctru/lib\libctru.a(synchronization.o)
 .bss           0x0012f0e0        0x8 c:/devkitPro/libctru/lib\libctru.a(ptmsysm.o)
 .bss           0x0012f0e8        0x4 c:/devkitPro/libctru/lib\libctru.a(allocateHeaps.o)
                0x0012f0e8                __ctru_heap_size
 *fill*         0x0012f0ec        0x4 
 .bss           0x0012f0f0        0x9 c:/devkitPro/libctru/lib\libctru.a(sdmc_dev.o)
 *fill*         0x0012f0f9        0x7 
 .bss           0x0012f100       0x88 c:/devkitPro/libctru/lib\libctru.a(fs.o)
 *(.bss.*)
 .bss.completed.7620
                0x0012f188        0x1 c:/devkitpro/devkitarm/bin/../lib/gcc/arm-none-eabi/6.3.0/armv6k/fpu/crtbegin.o
 *fill*         0x0012f189        0x3 
 .bss.object.7625
                0x0012f18c       0x18 c:/devkitpro/devkitarm/bin/../lib/gcc/arm-none-eabi/6.3.0/armv6k/fpu/crtbegin.o
 .bss.__malloc_current_mallinfo
                0x0012f1a4       0x28 c:/devkitpro/devkitarm/bin/../lib/gcc/arm-none-eabi/6.3.0/../../../../arm-none-eabi/lib/armv6k/fpu\libg.a(lib_a-mallocr.o)
                0x0012f1a4                __malloc_current_mallinfo
 .bss.__malloc_max_sbrked_mem
                0x0012f1cc        0x4 c:/devkitpro/devkitarm/bin/../lib/gcc/arm-none-eabi/6.3.0/../../../../arm-none-eabi/lib/armv6k/fpu\libg.a(lib_a-mallocr.o)
                0x0012f1cc                __malloc_max_sbrked_mem
 .bss.__malloc_max_total_mem
                0x0012f1d0        0x4 c:/devkitpro/devkitarm/bin/../lib/gcc/arm-none-eabi/6.3.0/../../../../arm-none-eabi/lib/armv6k/fpu\libg.a(lib_a-mallocr.o)
                0x0012f1d0                __malloc_max_total_mem
 .bss.__malloc_top_pad
                0x0012f1d4        0x4 c:/devkitpro/devkitarm/bin/../lib/gcc/arm-none-eabi/6.3.0/../../../../arm-none-eabi/lib/armv6k/fpu\libg.a(lib_a-mallocr.o)
                0x0012f1d4                __malloc_top_pad
 .bss.heap_start.6927
                0x0012f1d8        0x4 c:/devkitpro/devkitarm/bin/../lib/gcc/arm-none-eabi/6.3.0/../../../../arm-none-eabi/lib/armv6k/fpu\libsysbase.a(sbrk.o)
 .bss.fake_heap_end